Archive member included to satisfy reference by file (symbol)

c:/programdata/matlab/supportpackages/r2023b/3p.instrset/gnuarm-armcortex.instrset/win/bin/../lib/gcc/arm-none-eabi/11.3.1/thumb/v7e-m+dp/hard\libm.a(libm_a-w_fmod.o)
                              xcp_ext_common.o (fmod)
c:/programdata/matlab/supportpackages/r2023b/3p.instrset/gnuarm-armcortex.instrset/win/bin/../lib/gcc/arm-none-eabi/11.3.1/thumb/v7e-m+dp/hard\libm.a(libm_a-e_fmod.o)
                              c:/programdata/matlab/supportpackages/r2023b/3p.instrset/gnuarm-armcortex.instrset/win/bin/../lib/gcc/arm-none-eabi/11.3.1/thumb/v7e-m+dp/hard\libm.a(libm_a-w_fmod.o) (__ieee754_fmod)
c:/programdata/matlab/supportpackages/r2023b/3p.instrset/gnuarm-armcortex.instrset/win/bin/../lib/gcc/arm-none-eabi/11.3.1/thumb/v7e-m+dp/hard\libgcc.a(_aeabi_uldivmod.o)
                              stm32f7xx_hal_rcc.o (__aeabi_uldivmod)
c:/programdata/matlab/supportpackages/r2023b/3p.instrset/gnuarm-armcortex.instrset/win/bin/../lib/gcc/arm-none-eabi/11.3.1/thumb/v7e-m+dp/hard\libgcc.a(_udivmoddi4.o)
                              c:/programdata/matlab/supportpackages/r2023b/3p.instrset/gnuarm-armcortex.instrset/win/bin/../lib/gcc/arm-none-eabi/11.3.1/thumb/v7e-m+dp/hard\libgcc.a(_aeabi_uldivmod.o) (__udivmoddi4)
c:/programdata/matlab/supportpackages/r2023b/3p.instrset/gnuarm-armcortex.instrset/win/bin/../lib/gcc/arm-none-eabi/11.3.1/thumb/v7e-m+dp/hard\libgcc.a(_dvmd_tls.o)
                              c:/programdata/matlab/supportpackages/r2023b/3p.instrset/gnuarm-armcortex.instrset/win/bin/../lib/gcc/arm-none-eabi/11.3.1/thumb/v7e-m+dp/hard\libgcc.a(_aeabi_uldivmod.o) (__aeabi_ldiv0)
c:/programdata/matlab/supportpackages/r2023b/3p.instrset/gnuarm-armcortex.instrset/win/bin/../lib/gcc/arm-none-eabi/11.3.1/thumb/v7e-m+dp/hard\libg_nano.a(libc_a-exit.o)
                              c:/programdata/matlab/supportpackages/r2023b/3p.instrset/gnuarm-armcortex.instrset/win/bin/../lib/gcc/arm-none-eabi/11.3.1/thumb/v7e-m+dp/hard/crt0.o (exit)
c:/programdata/matlab/supportpackages/r2023b/3p.instrset/gnuarm-armcortex.instrset/win/bin/../lib/gcc/arm-none-eabi/11.3.1/thumb/v7e-m+dp/hard\libg_nano.a(libc_a-findfp.o)
                              c:/programdata/matlab/supportpackages/r2023b/3p.instrset/gnuarm-armcortex.instrset/win/bin/../lib/gcc/arm-none-eabi/11.3.1/thumb/v7e-m+dp/hard\libg_nano.a(libc_a-exit.o) (__stdio_exit_handler)
c:/programdata/matlab/supportpackages/r2023b/3p.instrset/gnuarm-armcortex.instrset/win/bin/../lib/gcc/arm-none-eabi/11.3.1/thumb/v7e-m+dp/hard\libg_nano.a(libc_a-fwalk.o)
                              c:/programdata/matlab/supportpackages/r2023b/3p.instrset/gnuarm-armcortex.instrset/win/bin/../lib/gcc/arm-none-eabi/11.3.1/thumb/v7e-m+dp/hard\libg_nano.a(libc_a-findfp.o) (_fwalk_sglue)
c:/programdata/matlab/supportpackages/r2023b/3p.instrset/gnuarm-armcortex.instrset/win/bin/../lib/gcc/arm-none-eabi/11.3.1/thumb/v7e-m+dp/hard\libg_nano.a(libc_a-stdio.o)
                              c:/programdata/matlab/supportpackages/r2023b/3p.instrset/gnuarm-armcortex.instrset/win/bin/../lib/gcc/arm-none-eabi/11.3.1/thumb/v7e-m+dp/hard\libg_nano.a(libc_a-findfp.o) (__sread)
c:/programdata/matlab/supportpackages/r2023b/3p.instrset/gnuarm-armcortex.instrset/win/bin/../lib/gcc/arm-none-eabi/11.3.1/thumb/v7e-m+dp/hard\libg_nano.a(libc_a-memset.o)
                              c:/programdata/matlab/supportpackages/r2023b/3p.instrset/gnuarm-armcortex.instrset/win/bin/../lib/gcc/arm-none-eabi/11.3.1/thumb/v7e-m+dp/hard/crt0.o (memset)
c:/programdata/matlab/supportpackages/r2023b/3p.instrset/gnuarm-armcortex.instrset/win/bin/../lib/gcc/arm-none-eabi/11.3.1/thumb/v7e-m+dp/hard\libg_nano.a(libc_a-closer.o)
                              c:/programdata/matlab/supportpackages/r2023b/3p.instrset/gnuarm-armcortex.instrset/win/bin/../lib/gcc/arm-none-eabi/11.3.1/thumb/v7e-m+dp/hard\libg_nano.a(libc_a-stdio.o) (_close_r)
c:/programdata/matlab/supportpackages/r2023b/3p.instrset/gnuarm-armcortex.instrset/win/bin/../lib/gcc/arm-none-eabi/11.3.1/thumb/v7e-m+dp/hard\libg_nano.a(libc_a-reent.o)
                              c:/programdata/matlab/supportpackages/r2023b/3p.instrset/gnuarm-armcortex.instrset/win/bin/../lib/gcc/arm-none-eabi/11.3.1/thumb/v7e-m+dp/hard\libg_nano.a(libc_a-closer.o) (errno)
c:/programdata/matlab/supportpackages/r2023b/3p.instrset/gnuarm-armcortex.instrset/win/bin/../lib/gcc/arm-none-eabi/11.3.1/thumb/v7e-m+dp/hard\libg_nano.a(libc_a-impure.o)
                              c:/programdata/matlab/supportpackages/r2023b/3p.instrset/gnuarm-armcortex.instrset/win/bin/../lib/gcc/arm-none-eabi/11.3.1/thumb/v7e-m+dp/hard\libg_nano.a(libc_a-reent.o) (_impure_ptr)
c:/programdata/matlab/supportpackages/r2023b/3p.instrset/gnuarm-armcortex.instrset/win/bin/../lib/gcc/arm-none-eabi/11.3.1/thumb/v7e-m+dp/hard\libg_nano.a(libc_a-lseekr.o)
[...]
Memory Configuration

Name             Origin             Length             Attributes
RAM              0x20000000         0x00080000         xrw
FLASH            0x08000000         0x00200000         xr
*default*        0x00000000         0xffffffff

Linker script and memory map

LOAD c:/programdata/matlab/supportpackages/r2023b/3p.instrset/gnuarm-armcortex.instrset/win/bin/../lib/gcc/arm-none-eabi/11.3.1/thumb/v7e-m+dp/hard/crti.o
LOAD c:/programdata/matlab/supportpackages/r2023b/3p.instrset/gnuarm-armcortex.instrset/win/bin/../lib/gcc/arm-none-eabi/11.3.1/thumb/v7e-m+dp/hard/crtbegin.o
LOAD c:/programdata/matlab/supportpackages/r2023b/3p.instrset/gnuarm-armcortex.instrset/win/bin/../lib/gcc/arm-none-eabi/11.3.1/thumb/v7e-m+dp/hard/crt0.o
LOAD stm_timer_ll.o
LOAD xcp_ext_mode.o
LOAD blink_led_simu.o
LOAD blink_led_simu_data.o
LOAD ert_main.o
LOAD xcp_ext_common.o
LOAD xcp_ext_classic_trigger.o
LOAD xcp.o
LOAD xcp_standard.o
LOAD xcp_daq.o
LOAD xcp_calibration.o
LOAD xcp_fifo.o
LOAD xcp_transport.o
LOAD xcp_mem_default.o
LOAD xcp_drv_rtiostream.o
LOAD xcp_utils.o
LOAD xcp_frame_serial.o
LOAD xcp_ext_param_default_serial.o
LOAD overrideHALDelay.o
LOAD platform_timer.o
LOAD SysTickScheduler.o
LOAD m3m4m4f_multitasking.o
LOAD rtiostream_serial.o
LOAD stm_usart.o
LOAD sys_arch.o
LOAD main.o
LOAD stm32f7xx_it.o
LOAD stm32f7xx_hal_msp.o
LOAD stm32f7xx_hal_timebase_tim.o
LOAD stm32f7xx_hal_tim.o
LOAD stm32f7xx_hal_tim_ex.o
LOAD stm32f7xx_ll_gpio.o
LOAD stm32f7xx_ll_dma.o
LOAD stm32f7xx_ll_tim.o
LOAD stm32f7xx_ll_rcc.o
LOAD stm32f7xx_ll_utils.o
LOAD stm32f7xx_ll_exti.o
LOAD stm32f7xx_hal_rcc.o
LOAD stm32f7xx_hal_rcc_ex.o
LOAD stm32f7xx_hal_flash.o
LOAD stm32f7xx_hal_flash_ex.o
LOAD stm32f7xx_hal_gpio.o
LOAD stm32f7xx_hal_dma.o
LOAD stm32f7xx_hal_dma_ex.o
LOAD stm32f7xx_hal_pwr.o
LOAD stm32f7xx_hal_pwr_ex.o
LOAD stm32f7xx_hal_cortex.o
LOAD stm32f7xx_hal.o
LOAD stm32f7xx_hal_i2c.o
LOAD stm32f7xx_hal_i2c_ex.o
LOAD stm32f7xx_hal_exti.o
LOAD stm32f7xx_ll_usart.o
LOAD stm32f7xx_hal_pcd.o
LOAD stm32f7xx_hal_pcd_ex.o
LOAD stm32f7xx_ll_usb.o
LOAD system_stm32f7xx.o
LOAD syscalls.o
LOAD sysmem.o
LOAD startup_stm32f767zitx.o
LOAD C:/ProgramData/MATLAB/SupportPackages/R2023b/3P.instrset/cmsis_dsp.instrset/Lib/GCC/arm_cortexm7ldfdp_math/libCMSISDSP.a
LOAD C:/ProgramData/MATLAB/SupportPackages/R2023b/toolbox/shared/supportpackages/stm32/lib/GCC/libmw_pdmfilter_m7_dpfp.lib
LOAD c:/programdata/matlab/supportpackages/r2023b/3p.instrset/gnuarm-armcortex.instrset/win/bin/../lib/gcc/arm-none-eabi/11.3.1/thumb/v7e-m+dp/hard\libstdc++_nano.a
LOAD c:/programdata/matlab/supportpackages/r2023b/3p.instrset/gnuarm-armcortex.instrset/win/bin/../lib/gcc/arm-none-eabi/11.3.1/thumb/v7e-m+dp/hard\libm.a
START GROUP
LOAD c:/programdata/matlab/supportpackages/r2023b/3p.instrset/gnuarm-armcortex.instrset/win/bin/../lib/gcc/arm-none-eabi/11.3.1/thumb/v7e-m+dp/hard\libgcc.a
LOAD c:/programdata/matlab/supportpackages/r2023b/3p.instrset/gnuarm-armcortex.instrset/win/bin/../lib/gcc/arm-none-eabi/11.3.1/thumb/v7e-m+dp/hard\libg_nano.a
LOAD c:/programdata/matlab/supportpackages/r2023b/3p.instrset/gnuarm-armcortex.instrset/win/bin/../lib/gcc/arm-none-eabi/11.3.1/thumb/v7e-m+dp/hard\libc_nano.a
END GROUP
START GROUP
LOAD c:/programdata/matlab/supportpackages/r2023b/3p.instrset/gnuarm-armcortex.instrset/win/bin/../lib/gcc/arm-none-eabi/11.3.1/thumb/v7e-m+dp/hard\libgcc.a
LOAD c:/programdata/matlab/supportpackages/r2023b/3p.instrset/gnuarm-armcortex.instrset/win/bin/../lib/gcc/arm-none-eabi/11.3.1/thumb/v7e-m+dp/hard\libc_nano.a
LOAD c:/programdata/matlab/supportpackages/r2023b/3p.instrset/gnuarm-armcortex.instrset/win/bin/../lib/gcc/arm-none-eabi/11.3.1/thumb/v7e-m+dp/hard\libnosys.a
END GROUP
START GROUP
LOAD c:/programdata/matlab/supportpackages/r2023b/3p.instrset/gnuarm-armcortex.instrset/win/bin/../lib/gcc/arm-none-eabi/11.3.1/thumb/v7e-m+dp/hard\libgcc.a
LOAD c:/programdata/matlab/supportpackages/r2023b/3p.instrset/gnuarm-armcortex.instrset/win/bin/../lib/gcc/arm-none-eabi/11.3.1/thumb/v7e-m+dp/hard\libc_nano.a
LOAD c:/programdata/matlab/supportpackages/r2023b/3p.instrset/gnuarm-armcortex.instrset/win/bin/../lib/gcc/arm-none-eabi/11.3.1/thumb/v7e-m+dp/hard\libnosys.a
END GROUP
LOAD c:/programdata/matlab/supportpackages/r2023b/3p.instrset/gnuarm-armcortex.instrset/win/bin/../lib/gcc/arm-none-eabi/11.3.1/thumb/v7e-m+dp/hard/crtend.o
LOAD c:/programdata/matlab/supportpackages/r2023b/3p.instrset/gnuarm-armcortex.instrset/win/bin/../lib/gcc/arm-none-eabi/11.3.1/thumb/v7e-m+dp/hard/crtn.o
                0x20080000                _estack = (ORIGIN (RAM) + LENGTH (RAM))
                0x00000200                _Min_Heap_Size = 0x200
                0x00000400                _Min_Stack_Size = 0x400

.isr_vector     0x08000000      0x1f8
                0x08000000                . = ALIGN (0x4)
 *(.isr_vector)
 .isr_vector    0x08000000      0x1f8 startup_stm32f767zitx.o
                0x08000000                g_pfnVectors
                0x080001f8                . = ALIGN (0x4)

.text           0x080001f8     0xcfd8
                0x080001f8                . = ALIGN (0x4)
 *(.text)
 *(.text*)
 .text.deregister_tm_clones
                0x080001f8       0x1c c:/programdata/matlab/supportpackages/r2023b/3p.instrset/gnuarm-armcortex.instrset/win/bin/../lib/gcc/arm-none-eabi/11.3.1/thumb/v7e-m+dp/hard/crtbegin.o
 .text.register_tm_clones
                0x08000214       0x24 c:/programdata/matlab/supportpackages/r2023b/3p.instrset/gnuarm-armcortex.instrset/win/bin/../lib/gcc/arm-none-eabi/11.3.1/thumb/v7e-m+dp/hard/crtbegin.o
 .text.__do_global_dtors_aux
                0x08000238       0x28 c:/programdata/matlab/supportpackages/r2023b/3p.instrset/gnuarm-armcortex.instrset/win/bin/../lib/gcc/arm-none-eabi/11.3.1/thumb/v7e-m+dp/hard/crtbegin.o
 .text.frame_dummy
                0x08000260       0x24 c:/programdata/matlab/supportpackages/r2023b/3p.instrset/gnuarm-armcortex.instrset/win/bin/../lib/gcc/arm-none-eabi/11.3.1/thumb/v7e-m+dp/hard/crtbegin.o
 .text.LL_TIM_GetCounterMode
                0x08000284       0x30 stm_timer_ll.o
 .text.LL_TIM_GetCounter
                0x080002b4       0x18 stm_timer_ll.o
 .text.LL_TIM_GetRepetitionCounter
                0x080002cc       0x18 stm_timer_ll.o
 .text.LL_TIM_CC_EnableChannel
                0x080002e4       0x22 stm_timer_ll.o
 .text.LL_TIM_CC_DisableChannel
                0x08000306       0x24 stm_timer_ll.o
 .text.LL_TIM_EnableAllOutputs
                0x0800032a       0x20 stm_timer_ll.o
 .text.LL_TIM_EnableIT_UPDATE
                0x0800034a       0x20 stm_timer_ll.o
 .text.LL_TIM_DisableIT_UPDATE
                0x0800036a       0x20 stm_timer_ll.o
 .text.LL_TIM_IsEnabledIT_UPDATE
                0x0800038a       0x26 stm_timer_ll.o
 .text.LL_TIM_EnableIT_CC1
                0x080003b0       0x20 stm_timer_ll.o
 .text.LL_TIM_DisableIT_CC1
                0x080003d0       0x20 stm_timer_ll.o
 .text.LL_TIM_IsEnabledIT_CC1
                0x080003f0       0x26 stm_timer_ll.o
 .text.LL_TIM_EnableIT_CC2
                0x08000416       0x20 stm_timer_ll.o
 .text.LL_TIM_DisableIT_CC2
                0x08000436       0x20 stm_timer_ll.o
 .text.LL_TIM_IsEnabledIT_CC2
                0x08000456       0x26 stm_timer_ll.o
 .text.LL_TIM_EnableIT_CC3
                0x0800047c       0x20 stm_timer_ll.o
 .text.LL_TIM_DisableIT_CC3
                0x0800049c       0x20 stm_timer_ll.o
 .text.LL_TIM_IsEnabledIT_CC3
                0x080004bc       0x26 stm_timer_ll.o
 .text.LL_TIM_EnableIT_CC4
                0x080004e2       0x20 stm_timer_ll.o
 .text.LL_TIM_DisableIT_CC4
                0x08000502       0x20 stm_timer_ll.o
 .text.LL_TIM_IsEnabledIT_CC4
                0x08000522       0x26 stm_timer_ll.o
 .text.LL_TIM_EnableIT_COM
                0x08000548       0x20 stm_timer_ll.o
 .text.LL_TIM_DisableIT_COM
                0x08000568       0x20 stm_timer_ll.o
 .text.LL_TIM_IsEnabledIT_COM
                0x08000588       0x26 stm_timer_ll.o
 .text.LL_TIM_EnableIT_TRIG
                0x080005ae       0x20 stm_timer_ll.o
 .text.LL_TIM_DisableIT_TRIG
                0x080005ce       0x20 stm_timer_ll.o
 .text.LL_TIM_IsEnabledIT_TRIG
                0x080005ee       0x26 stm_timer_ll.o
 .text.LL_TIM_EnableIT_BRK
                0x08000614       0x20 stm_timer_ll.o
 .text.LL_TIM_DisableIT_BRK
                0x08000634       0x20 stm_timer_ll.o
 .text.LL_TIM_IsEnabledIT_BRK
                0x08000654       0x26 stm_timer_ll.o
 .text.enableTimerInterrupts
                0x0800067a      0x134 stm_timer_ll.o
                0x0800067a                enableTimerInterrupts
 .text.disableTimerInterrupts
                0x080007ae      0x134 stm_timer_ll.o
                0x080007ae                disableTimerInterrupts
 *fill*         0x080008e2        0x2 
 .text.enableTimerChannel1
                0x080008e4       0x78 stm_timer_ll.o
                0x080008e4                enableTimerChannel1
 .text.disableTimerChannel1
                0x0800095c       0x78 stm_timer_ll.o
                0x0800095c                disableTimerChannel1
 .text.enableTimerChannel2
                0x080009d4       0x78 stm_timer_ll.o
                0x080009d4                enableTimerChannel2
 .text.disableTimerChannel2
                0x08000a4c       0x78 stm_timer_ll.o
                0x08000a4c                disableTimerChannel2
 .text.Timer_Handle_Init
                0x08000ac4       0xa8 stm_timer_ll.o
                0x08000ac4                Timer_Handle_Init
 .text.getTimerCounterValue
                0x08000b6c       0x1c stm_timer_ll.o
                0x08000b6c                getTimerCounterValue
 .text.extmodeParseArgs
                0x08000b88       0x1e xcp_ext_mode.o
                0x08000b88                extmodeParseArgs
 *fill*         0x08000ba6        0x2 
 .text.extmodeInit
                0x08000ba8      0x120 xcp_ext_mode.o
                0x08000ba8                extmodeInit
 .text.extmodeWaitForHostRequest
                0x08000cc8       0xcc xcp_ext_mode.o
                0x08000cc8                extmodeWaitForHostRequest
 .text.extmodeEvent
                0x08000d94       0xf4 xcp_ext_mode.o
                0x08000d94                extmodeEvent
 .text.extmodeBackgroundRun
                0x08000e88       0x20 xcp_ext_mode.o
                0x08000e88                extmodeBackgroundRun
 .text.extmodeReset
                0x08000ea8       0x40 xcp_ext_mode.o
                0x08000ea8                extmodeReset
 .text.extmodeStopRequested
                0x08000ee8       0x18 xcp_ext_mode.o
                0x08000ee8                extmodeStopRequested
 .text.extmodeSimulationComplete
                0x08000f00       0x18 xcp_ext_mode.o
                0x08000f00                extmodeSimulationComplete
 .text.LL_TIM_EnableCounter
                0x08000f18       0x20 blink_led_simu.o
 .text.LL_TIM_DisableCounter
                0x08000f38       0x20 blink_led_simu.o
 .text.LL_TIM_SetUpdateSource
                0x08000f58       0x26 blink_led_simu.o
 .text.LL_TIM_GetUpdateSource
                0x08000f7e       0x1c blink_led_simu.o
 .text.LL_TIM_GetDirection
                0x08000f9a       0x1c blink_led_simu.o
 .text.LL_TIM_SetRepetitionCounter
                0x08000fb6       0x1c blink_led_simu.o
 .text.LL_TIM_GenerateEvent_UPDATE
                0x08000fd2       0x20 blink_led_simu.o
 .text.LL_GPIO_SetOutputPin
                0x08000ff2       0x1c blink_led_simu.o
 .text.LL_GPIO_ResetOutputPin
                0x0800100e       0x1e blink_led_simu.o
 .text.isSlaveTriggerModeEnabled
                0x0800102c       0x3c blink_led_simu.o
 .text.enableCounter
                0x08001068       0xb8 blink_led_simu.o
 .text.ouputDirectionOfCounter
                0x08001120       0x26 blink_led_simu.o
 .text.disableCounter
                0x08001146       0x1a blink_led_simu.o
 .text.blink_led_simu_SystemCore_setup
                0x08001160       0x94 blink_led_simu.o
 .text.blink_led_simu_step
                0x080011f4      0x180 blink_led_simu.o
                0x080011f4                blink_led_simu_step
 *fill*         0x08001374        0x4 
 .text.blink_led_simu_initialize
                0x08001378       0xe4 blink_led_simu.o
                0x08001378                blink_led_simu_initialize
 .text.blink_led_simu_terminate
                0x0800145c       0xbc blink_led_simu.o
                0x0800145c                blink_led_simu_terminate
 .text.rt_OneStep
                0x08001518       0x78 ert_main.o
                0x08001518                rt_OneStep
 .text.main     0x08001590      0x18c ert_main.o
                0x08001590                main
 .text.xcp_void_printf
                0x0800171c       0x12 xcp_ext_common.o
                0x0800171c                xcp_void_printf
 .text.xcpCopyTimeValue
                0x0800172e       0x26 xcp_ext_common.o
 *fill*         0x08001754        0x4 
 .text.xcpExtModeUpdateTime
                0x08001758      0x110 xcp_ext_common.o
                0x08001758                xcpExtModeUpdateTime
 .text.xcpExtModeInit
                0x08001868       0x9c xcp_ext_common.o
                0x08001868                xcpExtModeInit
 .text.xcpExtModeRunBackground
                0x08001904      0x13c xcp_ext_common.o
                0x08001904                xcpExtModeRunBackground
 .text.xcpExtModeReset
                0x08001a40      0x128 xcp_ext_common.o
                0x08001a40                xcpExtModeReset
 .text.sampleSignalTrigger
                0x08001b68      0x1b8 xcp_ext_classic_trigger.o
 .text.updateTriggerStatus
                0x08001d20      0x2b8 xcp_ext_classic_trigger.o
 .text.xcpExtModeClassicTriggerInit
                0x08001fd8       0x68 xcp_ext_classic_trigger.o
                0x08001fd8                xcpExtModeClassicTriggerInit
 .text.xcpExtModeClassicTriggerEnabled
                0x08002040      0x100 xcp_ext_classic_trigger.o
                0x08002040                xcpExtModeClassicTriggerEnabled
 .text.xcpExtModeClassicTriggerReset
                0x08002140       0xf4 xcp_ext_classic_trigger.o
                0x08002140                xcpExtModeClassicTriggerReset
 .text.xcpExtModeClassicTriggerForceEnableStatusUpdate
                0x08002234       0x80 xcp_ext_classic_trigger.o
                0x08002234                xcpExtModeClassicTriggerForceEnableStatusUpdate
 .text.msgBufferRealloc
                0x080022b4       0x72 xcp.o
 *fill*         0x08002326        0x2 
 .text.discardInputPacketHandler
                0x08002328       0x3c xcp.o
 .text.unknownInputPacketHandler
                0x08002364       0x34 xcp.o
 .text.xcpGetPacketGroupID
                0x08002398       0x74 xcp.o
 .text.xcpGetPacketHandlers
                0x0800240c      0x124 xcp.o
 .text.xcpStatusSet
                0x08002530       0x20 xcp.o
                0x08002530                xcpStatusSet
 .text.xcpSessionStatusGet
                0x08002550       0x18 xcp.o
                0x08002550                xcpSessionStatusGet
 .text.xcpSessionStatusSetMask
                0x08002568       0x28 xcp.o
                0x08002568                xcpSessionStatusSetMask
 .text.xcpSessionStatusClearMask
                0x08002590       0x34 xcp.o
                0x08002590                xcpSessionStatusClearMask
 .text.xcpResourceProtectionStatusGet
                0x080025c4       0x18 xcp.o
                0x080025c4                xcpResourceProtectionStatusGet
 .text.xcpSessionConfigurationIdGet
                0x080025dc       0x18 xcp.o
                0x080025dc                xcpSessionConfigurationIdGet
 .text.genericOutputPacketHandler
                0x080025f4      0x110 xcp.o
                0x080025f4                genericOutputPacketHandler
 .text.xcpFindPacket
                0x08002704       0x6e xcp.o
                0x08002704                xcpFindPacket
 *fill*         0x08002772        0x2 
 .text.xcpInit  0x08002774       0x64 xcp.o
                0x08002774                xcpInit
 .text.xcpRun   0x080027d8      0x194 xcp.o
                0x080027d8                xcpRun
 .text.xcpEvent
                0x0800296c       0x50 xcp.o
                0x0800296c                xcpEvent
 .text.xcpGetStatus
                0x080029bc       0x18 xcp.o
                0x080029bc                xcpGetStatus
 .text.xcpReset
                0x080029d4       0x40 xcp.o
                0x080029d4                xcpReset
 .text.xcpPackedModeEventsFlush
                0x08002a14       0x1e xcp.o
                0x08002a14                xcpPackedModeEventsFlush
 .text.xcpPackedModeEventReset
                0x08002a32       0x2a xcp.o
                0x08002a32                xcpPackedModeEventReset
 .text.isValidUploadSize
                0x08002a5c       0x30 xcp_standard.o
 .text.xcpMemcpyFromMTA
                0x08002a8c       0x38 xcp_standard.o
 .text.connectInputPacketHandler
                0x08002ac4       0xa4 xcp_standard.o
 .text.connectOutputPacketHandler
                0x08002b68       0xd4 xcp_standard.o
 .text.disconnectInputPacketHandler
                0x08002c3c       0x54 xcp_standard.o
 .text.getStatusInputPacketHandler
                0x08002c90       0x28 xcp_standard.o
 .text.getStatusOutputPacketHandler
                0x08002cb8       0x80 xcp_standard.o
 .text.synchInputPacketHandler
                0x08002d38       0x44 xcp_standard.o
 .text.setMTAInputPacketHandler
                0x08002d7c       0x78 xcp_standard.o
 .text.uploadInputPacketHandler
                0x08002df4       0x98 xcp_standard.o
 .text.uploadOutputPacketHandler
                0x08002e8c       0x9c xcp_standard.o
 .text.shortUploadInputPacketHandler
                0x08002f28       0xa4 xcp_standard.o
 .text.shortUploadOutputPacketHandler
                0x08002fcc       0x9c xcp_standard.o
 .text.getPacket
                0x08003068       0x24 xcp_standard.o
 .text.xcpStandardInit
                0x0800308c       0x18 xcp_standard.o
                0x0800308c                xcpStandardInit
 .text.xcpStandardGetPacketLookup
                0x080030a4       0x18 xcp_standard.o
                0x080030a4                xcpStandardGetPacketLookup
 .text.xcpStandardSetPacketLookup
                0x080030bc       0x20 xcp_standard.o
                0x080030bc                xcpStandardSetPacketLookup
 .text.xcpStandardReset
                0x080030dc       0x12 xcp_standard.o
                0x080030dc                xcpStandardReset
 *fill*         0x080030ee        0x2 
 .text.xcpStandardGetAddressFromMta
                0x080030f0       0x18 xcp_standard.o
                0x080030f0                xcpStandardGetAddressFromMta
 .text.xcpStandardSetMta
                0x08003108       0x3c xcp_standard.o
                0x08003108                xcpStandardSetMta
 .text.xcpStandardIncrementMta
                0x08003144       0x28 xcp_standard.o
                0x08003144                xcpStandardIncrementMta
 .text.xcpStandardExtendedInit
                0x0800316c        0xe xcp_standard.o
                0x0800316c                xcpStandardExtendedInit
 .text.xcpStandardExtendedReset
                0x0800317a        0xe xcp_standard.o
                0x0800317a                xcpStandardExtendedReset
 .text.xcpDaqWriteLock
                0x08003188       0x4c xcp_daq.o
 .text.xcpDaqWriteUnlock
                0x080031d4       0x20 xcp_daq.o
 .text.xcpDaqReadLock
                0x080031f4       0x38 xcp_daq.o
 .text.xcpDaqReadUnlock
                0x0800322c       0x38 xcp_daq.o
 .text.isActiveDaqList
                0x08003264       0x50 xcp_daq.o
 .text.noActiveDaqLists
                0x080032b4       0x50 xcp_daq.o
 .text.isValidDaqPtr
                0x08003304       0xb8 xcp_daq.o
 .text.isValidDaqEntry
                0x080033bc       0x36 xcp_daq.o
 .text.isSupportedDaqListMode
                0x080033f2       0x26 xcp_daq.o
 .text.isValidStartStopMode
                0x08003418       0x32 xcp_daq.o
 .text.isValidStartStopSynchMode
                0x0800344a       0x32 xcp_daq.o
 .text.absoluteOdtNumberIdentification
                0x0800347c       0x10 xcp_daq.o
 .text.isDaqPackedModeEnabled
                0x0800348c       0x6c xcp_daq.o
 .text.odtPacketSize
                0x080034f8       0x54 xcp_daq.o
 .text.createDaqReservedPool
                0x0800354c       0x8a xcp_daq.o
 .text.destroyDaqReservedPool
                0x080035d6       0x2c xcp_daq.o
 *fill*         0x08003602        0x2 
 .text.setDaqPtrInputPacketHandler
                0x08003604       0xdc xcp_daq.o
 .text.writeDaqInputPacketHandler
                0x080036e0      0x198 xcp_daq.o
 .text.setDaqListModeInputPacketHandler
                0x08003878      0x1c8 xcp_daq.o
 .text.startStopDaqListInputPacketHandler
                0x08003a40      0x3f4 xcp_daq.o
 .text.startStopDaqListOutputPacketHandler
                0x08003e34       0x5c xcp_daq.o
 .text.startStopSynchInputPacketHandler
                0x08003e90      0x328 xcp_daq.o
 .text.getDaqProcessorInfoInputPacketHandler
                0x080041b8       0x28 xcp_daq.o
 .text.getDaqProcessorInfoOutputPacketHandler
                0x080041e0       0xac xcp_daq.o
 .text.getDaqResolutionInfoInputPacketHandler
                0x0800428c       0x28 xcp_daq.o
 .text.getDaqResolutionInfoOutputPacketHandler
                0x080042b4       0xb8 xcp_daq.o
 .text.freeDaqInputPacketHandler
                0x0800436c       0x5c xcp_daq.o
 .text.allocDaqInputPacketHandler
                0x080043c8      0x18c xcp_daq.o
 .text.allocOdtInputPacketHandler
                0x08004554      0x1c0 xcp_daq.o
 .text.allocOdtEntryInputPacketHandler
                0x08004714      0x270 xcp_daq.o
 .text.setDaqPackedModeInputPacketHandler
                0x08004984      0x21c xcp_daq.o
 .text.level1CommandInputPacketHandler
                0x08004ba0       0x64 xcp_daq.o
 .text.getPacket
                0x08004c04       0x24 xcp_daq.o
 .text.xcpDaqInit
                0x08004c28       0x38 xcp_daq.o
                0x08004c28                xcpDaqInit
 .text.xcpDaqGetPacketLookup
                0x08004c60       0x18 xcp_daq.o
                0x08004c60                xcpDaqGetPacketLookup
 .text.xcpDaqSetPacketLookup
                0x08004c78       0x20 xcp_daq.o
                0x08004c78                xcpDaqSetPacketLookup
 .text.xcpResetDaq
                0x08004c98       0xa4 xcp_daq.o
 .text.daqWriteXCPDataForOdt
                0x08004d3c       0x7c xcp_daq.o
 .text.odtWriteEntries
                0x08004db8       0x9c xcp_daq.o
 .text.xcpProcessDaq
                0x08004e54      0x208 xcp_daq.o
 .text.xcpDaqEvent
                0x0800505c      0x108 xcp_daq.o
                0x0800505c                xcpDaqEvent
 .text.xcpDaqEventsFlush
                0x08005164      0x284 xcp_daq.o
                0x08005164                xcpDaqEventsFlush
 .text.xcpDaqLock
                0x080053e8       0x1e xcp_daq.o
                0x080053e8                xcpDaqLock
 .text.xcpDaqUnlock
                0x08005406        0xe xcp_daq.o
                0x08005406                xcpDaqUnlock
 .text.xcpResetDaqListStatus
                0x08005414      0x19c xcp_daq.o
                0x08005414                xcpResetDaqListStatus
 .text.xcpDaqReset
                0x080055b0       0x20 xcp_daq.o
                0x080055b0                xcpDaqReset
 .text.xcpDaqExtendedInit
                0x080055d0        0xe xcp_daq.o
                0x080055d0                xcpDaqExtendedInit
 .text.xcpDaqExtendedReset
                0x080055de        0xe xcp_daq.o
                0x080055de                xcpDaqExtendedReset
 .text.isValidShortDownloadSize
                0x080055ec       0x34 xcp_calibration.o
 .text.isValidDownloadSize
                0x08005620       0x3a xcp_calibration.o
 *fill*         0x0800565a        0x2 
 .text.xcpMemcpyToMTA
                0x0800565c       0x34 xcp_calibration.o
 .text.downloadInputPacketHandler
                0x08005690       0xb0 xcp_calibration.o
 .text.shortDownloadInputPacketHandler
                0x08005740       0xb8 xcp_calibration.o
 .text.getPacket
                0x080057f8       0x24 xcp_calibration.o
 .text.xcpCalibrationInit
                0x0800581c       0x14 xcp_calibration.o
                0x0800581c                xcpCalibrationInit
 .text.xcpCalibrationGetPacketLookup
                0x08005830       0x18 xcp_calibration.o
                0x08005830                xcpCalibrationGetPacketLookup
 .text.xcpCalibrationSetPacketLookup
                0x08005848       0x20 xcp_calibration.o
                0x08005848                xcpCalibrationSetPacketLookup
 .text.xcpCalibrationReset
                0x08005868        0xe xcp_calibration.o
                0x08005868                xcpCalibrationReset
 .text.xcpFifoInit
                0x08005876       0x20 xcp_fifo.o
                0x08005876                xcpFifoInit
 .text.xcpFifoEnqueue
                0x08005896       0x2a xcp_fifo.o
                0x08005896                xcpFifoEnqueue
 .text.xcpFifoDequeue
                0x080058c0       0x3e xcp_fifo.o
                0x080058c0                xcpFifoDequeue
 .text.xcpFifoEnqueueHead
                0x080058fe       0x32 xcp_fifo.o
                0x080058fe                xcpFifoEnqueueHead
 .text.xcpFifoReset
                0x08005930       0x16 xcp_fifo.o
                0x08005930                xcpFifoReset
 *fill*         0x08005946        0x2 
 .text.xcpTransportEmptyTxFifo
                0x08005948       0x6c xcp_transport.o
 .text.xcpTransportEmptyRxFifo
                0x080059b4       0x6c xcp_transport.o
 .text.xcpTransportInit
                0x08005a20      0x138 xcp_transport.o
                0x08005a20                xcpTransportInit
 .text.xcpTransportTxReady
                0x08005b58       0x1a xcp_transport.o
                0x08005b58                xcpTransportTxReady
 .text.xcpTransportTxTrigger
                0x08005b72       0x1a xcp_transport.o
                0x08005b72                xcpTransportTxTrigger
 .text.xcpTransportTxPacketSet
                0x08005b8c      0x144 xcp_transport.o
                0x08005b8c                xcpTransportTxPacketSet
 .text.xcpTransportTx
                0x08005cd0       0xec xcp_transport.o
                0x08005cd0                xcpTransportTx
 .text.xcpTransportRx
                0x08005dbc       0x80 xcp_transport.o
                0x08005dbc                xcpTransportRx
 .text.xcpTransportRxPacketGet
                0x08005e3c      0x12c xcp_transport.o
                0x08005e3c                xcpTransportRxPacketGet
 .text.xcpTransportPacketOffset
                0x08005f68       0x20 xcp_transport.o
                0x08005f68                xcpTransportPacketOffset
 .text.xcpTransportMsgBufferSize
                0x08005f88       0x70 xcp_transport.o
                0x08005f88                xcpTransportMsgBufferSize
 .text.xcpTransportMaxDtoSize
                0x08005ff8        0xe xcp_transport.o
                0x08005ff8                xcpTransportMaxDtoSize
 .text.xcpTransportMaxCtoSize
                0x08006006        0xe xcp_transport.o
                0x08006006                xcpTransportMaxCtoSize
 .text.xcpTransportRestart
                0x08006014       0x44 xcp_transport.o
                0x08006014                xcpTransportRestart
 .text.xcpTransportResynch
                0x08006058       0x40 xcp_transport.o
                0x08006058                xcpTransportResynch
 .text.xcpTransportCtoReservedMemPoolId
                0x08006098       0x18 xcp_transport.o
                0x08006098                xcpTransportCtoReservedMemPoolId
 .text.xcpTransportReset
                0x080060b0       0xe4 xcp_transport.o
                0x080060b0                xcpTransportReset
 .text.xcpInitializePoolMemoryArea
                0x08006194       0x72 xcp_mem_default.o
 *fill*         0x08006206        0x2 
 .text.xcpMemInit
                0x08006208      0x1d4 xcp_mem_default.o
                0x08006208                xcpMemInit
 .text.xcpMemAlloc
                0x080063dc       0xe8 xcp_mem_default.o
                0x080063dc                xcpMemAlloc
 .text.xcpMemFree
                0x080064c4      0x170 xcp_mem_default.o
                0x080064c4                xcpMemFree
 .text.xcpMemReservedPoolCreate
                0x08006634      0x224 xcp_mem_default.o
                0x08006634                xcpMemReservedPoolCreate
 .text.xcpMemReservedPoolDestroy
                0x08006858      0x158 xcp_mem_default.o
                0x08006858                xcpMemReservedPoolDestroy
 .text.xcpMemCustomPoolCreate
                0x080069b0       0xbc xcp_mem_default.o
                0x080069b0                xcpMemCustomPoolCreate
 .text.xcpMemCustomPoolDestroy
                0x08006a6c       0x64 xcp_mem_default.o
                0x08006a6c                xcpMemCustomPoolDestroy
 .text.xcpMemAllocFromPool
                0x08006ad0      0x170 xcp_mem_default.o
                0x08006ad0                xcpMemAllocFromPool
 .text.xcpMemReset
                0x08006c40       0x50 xcp_mem_default.o
                0x08006c40                xcpMemReset
 .text.xcpDrvOpen
                0x08006c90       0x64 xcp_drv_rtiostream.o
                0x08006c90                xcpDrvOpen
 .text.xcpDrvIoctl
                0x08006cf4       0x4c xcp_drv_rtiostream.o
                0x08006cf4                xcpDrvIoctl
 .text.xcpDrvSend
                0x08006d40      0x14c xcp_drv_rtiostream.o
                0x08006d40                xcpDrvSend
 .text.xcpDrvRecv
                0x08006e8c      0x14c xcp_drv_rtiostream.o
                0x08006e8c                xcpDrvRecv
 .text.xcpDrvClose
                0x08006fd8       0x5c xcp_drv_rtiostream.o
                0x08006fd8                xcpDrvClose
 .text.xcpSortArray
                0x08007034       0xcc xcp_utils.o
                0x08007034                xcpSortArray
 .text.xcpSxiHtons
                0x08007100       0x18 xcp_frame_serial.o
 .text.xcpSxiNtohs
                0x08007118       0x1c xcp_frame_serial.o
 .text.xcpSxiChecksum
                0x08007134       0x3e xcp_frame_serial.o
                0x08007134                xcpSxiChecksum
 *fill*         0x08007172        0x2 
 .text.xcpFrameInit
                0x08007174       0x70 xcp_frame_serial.o
                0x08007174                xcpFrameInit
 .text.xcpFrameMsgSend
                0x080071e4      0x184 xcp_frame_serial.o
                0x080071e4                xcpFrameMsgSend
 .text.xcpFrameMsgRecv
                0x08007368      0x180 xcp_frame_serial.o
                0x08007368                xcpFrameMsgRecv
 .text.xcpFrameCreateMsg
                0x080074e8       0x94 xcp_frame_serial.o
                0x080074e8                xcpFrameCreateMsg
 .text.xcpFrameExtractPacket
                0x0800757c      0x154 xcp_frame_serial.o
                0x0800757c                xcpFrameExtractPacket
 .text.xcpFrameHeaderSize
                0x080076d0       0x10 xcp_frame_serial.o
                0x080076d0                xcpFrameHeaderSize
 .text.xcpFrameTailSize
                0x080076e0       0x10 xcp_frame_serial.o
                0x080076e0                xcpFrameTailSize
 .text.xcpFrameMaxDtoSize
                0x080076f0       0x12 xcp_frame_serial.o
                0x080076f0                xcpFrameMaxDtoSize
 .text.xcpFrameMaxCtoSize
                0x08007702       0x10 xcp_frame_serial.o
                0x08007702                xcpFrameMaxCtoSize
 *fill*         0x08007712        0x2 
 .text.xcpFrameRestart
                0x08007714       0x30 xcp_frame_serial.o
                0x08007714                xcpFrameRestart
 .text.xcpFrameSetCtoReservedMemPoolId
                0x08007744       0x20 xcp_frame_serial.o
                0x08007744                xcpFrameSetCtoReservedMemPoolId
 .text.xcpFrameReset
                0x08007764       0x70 xcp_frame_serial.o
                0x08007764                xcpFrameReset
 .text.xcpTransportGetInitParameters
                0x080077d4       0x2e xcp_ext_param_default_serial.o
                0x080077d4                xcpTransportGetInitParameters
 .text.xcpGetInitParameters
                0x08007802       0x2e xcp_ext_param_default_serial.o
                0x08007802                xcpGetInitParameters
 .text.HAL_Delay
                0x08007830       0x2e overrideHALDelay.o
                0x08007830                HAL_Delay
 *fill*         0x0800785e        0x2 
 .text.PeriphCommonClock_Config
                0x08007860       0x10 platform_timer.o
                0x08007860                PeriphCommonClock_Config
 .text.getCurrentTimestampInMicros
                0x08007870       0x40 platform_timer.o
                0x08007870                getCurrentTimestampInMicros
 .text.returnTimeElapsed
                0x080078b0       0x2c platform_timer.o
                0x080078b0                returnTimeElapsed
 .text.timestampInit
                0x080078dc       0x28 platform_timer.o
 .text.getCurrentTimestamp
                0x08007904       0x44 platform_timer.o
                0x08007904                getCurrentTimestamp
 .text.__NVIC_SetPriority
                0x08007948       0x54 SysTickScheduler.o
 .text.SysTick_Config
                0x0800799c       0x44 SysTickScheduler.o
 .text.SysTick_Isr
                0x080079e0       0x48 SysTickScheduler.o
 .text.SysTick_Handler
                0x08007a28       0x20 SysTickScheduler.o
                0x08007a28                SysTick_Handler
 .text.ARMCM_SysTick_Config
                0x08007a48       0xb0 SysTickScheduler.o
                0x08007a48                ARMCM_SysTick_Config
 .text.PendSV_Handler
                0x08007af8       0x44 m3m4m4f_multitasking.o
                0x08007af8                PendSV_Handler
 .text.SVC_Handler
                0x08007b3c       0x58 m3m4m4f_multitasking.o
                0x08007b3c                SVC_Handler
 .text.rtIOStreamOpen
                0x08007b94       0x58 rtiostream_serial.o
                0x08007b94                rtIOStreamOpen
 .text.rtIOStreamSend
                0x08007bec       0x34 rtiostream_serial.o
                0x08007bec                rtIOStreamSend
 .text.rtIOStreamRecv
                0x08007c20       0x48 rtiostream_serial.o
                0x08007c20                rtIOStreamRecv
 .text.rtIOStreamClose
                0x08007c68       0x20 rtiostream_serial.o
                0x08007c68                rtIOStreamClose
 .text.__NVIC_GetPriorityGrouping
                0x08007c88       0x1c stm_usart.o
 .text.__NVIC_EnableIRQ
                0x08007ca4       0x3c stm_usart.o
 .text.__NVIC_SetPriority
                0x08007ce0       0x54 stm_usart.o
 .text.NVIC_EncodePriority
                0x08007d34       0x66 stm_usart.o
 *fill*         0x08007d9a        0x2 
 .text.LL_DMA_EnableStream
                0x08007d9c       0x40 stm_usart.o
 .text.LL_DMA_DisableStream
                0x08007ddc       0x40 stm_usart.o
 .text.LL_DMA_GetMode
                0x08007e1c       0x30 stm_usart.o
 .text.LL_DMA_SetDataLength
                0x08007e4c       0x4c stm_usart.o
 .text.LL_DMA_GetDataLength
                0x08007e98       0x2c stm_usart.o
 .text.LL_DMA_ConfigAddresses
                0x08007ec4       0x78 stm_usart.o
 .text.LL_DMA_SetMemoryAddress
                0x08007f3c       0x30 stm_usart.o
 .text.LL_DMA_IsActiveFlag_TC1
                0x08007f6c       0x28 stm_usart.o
 .text.LL_DMA_IsActiveFlag_TC3
                0x08007f94       0x28 stm_usart.o
 .text.LL_DMA_ClearFlag_TC1
                0x08007fbc       0x1c stm_usart.o
 .text.LL_DMA_ClearFlag_TC3
                0x08007fd8       0x1c stm_usart.o
 .text.LL_DMA_EnableIT_TC
                0x08007ff4       0x40 stm_usart.o
 .text.LL_DMA_DisableIT_TC
                0x08008034       0x40 stm_usart.o
 .text.LL_DMA_IsEnabledIT_TC
                0x08008074       0x38 stm_usart.o
 .text.LL_USART_Enable
                0x080080ac       0x20 stm_usart.o
 .text.LL_USART_Disable
                0x080080cc       0x20 stm_usart.o
 .text.LL_USART_IsEnabledAutoBaud
                0x080080ec       0x28 stm_usart.o
 .text.LL_USART_IsActiveFlag_PE
                0x08008114       0x26 stm_usart.o
 .text.LL_USART_IsActiveFlag_FE
                0x0800813a       0x26 stm_usart.o
 .text.LL_USART_IsActiveFlag_NE
                0x08008160       0x26 stm_usart.o
 .text.LL_USART_IsActiveFlag_ORE
                0x08008186       0x26 stm_usart.o
 .text.LL_USART_IsActiveFlag_ABRE
                0x080081ac       0x28 stm_usart.o
 .text.LL_USART_IsActiveFlag_ABR
                0x080081d4       0x28 stm_usart.o
 .text.LL_USART_ClearFlag_PE
                0x080081fc       0x1a stm_usart.o
 .text.LL_USART_ClearFlag_FE
                0x08008216       0x1a stm_usart.o
 .text.LL_USART_ClearFlag_NE
                0x08008230       0x1a stm_usart.o
 .text.LL_USART_ClearFlag_ORE
                0x0800824a       0x1a stm_usart.o
 .text.LL_USART_EnableIT_RXNE
                0x08008264       0x42 stm_usart.o
 .text.LL_USART_EnableIT_PE
                0x080082a6       0x42 stm_usart.o
 .text.LL_USART_EnableIT_ERROR
                0x080082e8       0x46 stm_usart.o
 .text.LL_USART_DisableIT_RXNE
                0x0800832e       0x42 stm_usart.o
 .text.LL_USART_DisableIT_TXE
                0x08008370       0x42 stm_usart.o
 .text.LL_USART_DisableIT_PE
                0x080083b2       0x42 stm_usart.o
 .text.LL_USART_DisableIT_ERROR
                0x080083f4       0x46 stm_usart.o
 .text.LL_USART_EnableDMAReq_RX
                0x0800843a       0x46 stm_usart.o
 .text.LL_USART_DisableDMAReq_RX
                0x08008480       0x46 stm_usart.o
 .text.LL_USART_EnableDMAReq_TX
                0x080084c6       0x46 stm_usart.o
 .text.LL_USART_DisableDMAReq_TX
                0x0800850c       0x46 stm_usart.o
 .text.LL_USART_DMA_GetRegAddr
                0x08008552       0x2c stm_usart.o
 .text.LL_USART_ReceiveData8
                0x0800857e       0x1a stm_usart.o
 .text.LL_USART_RequestAutoBaudRate
                0x08008598       0x20 stm_usart.o
 .text.checkIfTransmitBufferFull
                0x080085b8       0x64 stm_usart.o
                0x080085b8                checkIfTransmitBufferFull
 .text.copyToTransmitBuffer
                0x0800861c       0xf4 stm_usart.o
                0x0800861c                copyToTransmitBuffer
 .text.getAvailableDataInBuffer
                0x08008710       0xcc stm_usart.o
                0x08008710                getAvailableDataInBuffer
 .text.getBytesToBeReadFromBuffer
                0x080087dc       0x6e stm_usart.o
                0x080087dc                getBytesToBeReadFromBuffer
 .text.readDataFromBuffer
                0x0800884a       0xcc stm_usart.o
                0x0800884a                readDataFromBuffer
 .text.UART_RXDMAInterruptHandler
                0x08008916       0xd4 stm_usart.o
                0x08008916                UART_RXDMAInterruptHandler
 .text.UART_TXDMAInterruptHandler
                0x080089ea      0x164 stm_usart.o
                0x080089ea                UART_TXDMAInterruptHandler
 .text.UART_IsActiveFlagError
                0x08008b4e       0xf4 stm_usart.o
                0x08008b4e                UART_IsActiveFlagError
 *fill*         0x08008c42        0x2 
 .text.USART3_IRQHandler
                0x08008c44       0x14 stm_usart.o
                0x08008c44                USART3_IRQHandler
 .text.DMA1_Stream3_IRQHandler
                0x08008c58       0x20 stm_usart.o
                0x08008c58                DMA1_Stream3_IRQHandler
 .text.DMA1_Stream1_IRQHandler
                0x08008c78       0x20 stm_usart.o
                0x08008c78                DMA1_Stream1_IRQHandler
 .text.UART_ConfigureReceiveDMA
                0x08008c98       0x8a stm_usart.o
                0x08008c98                UART_ConfigureReceiveDMA
 .text.UART_ConfigureTransmitDMA
                0x08008d22       0x56 stm_usart.o
                0x08008d22                UART_ConfigureTransmitDMA
 .text.getReadErrorStatus
                0x08008d78      0x144 stm_usart.o
                0x08008d78                getReadErrorStatus
 .text.MW_UART_Initialize
                0x08008ebc      0x184 stm_usart.o
                0x08008ebc                MW_UART_Initialize
 .text.MW_UART_ReceiveUsingBuffer
                0x08009040       0x5c stm_usart.o
                0x08009040                MW_UART_ReceiveUsingBuffer
 .text.MW_UART_TransmitUsingDMA
                0x0800909c       0xfc stm_usart.o
                0x0800909c                MW_UART_TransmitUsingDMA
 .text.MW_UART_DeInit
                0x08009198       0xaa stm_usart.o
                0x08009198                MW_UART_DeInit
 .text.sys_arch_protect
                0x08009242       0x22 sys_arch.o
                0x08009242                sys_arch_protect
 .text.sys_arch_unprotect
                0x08009264       0x20 sys_arch.o
                0x08009264                sys_arch_unprotect
 .text.__NVIC_GetPriorityGrouping
                0x08009284       0x1c main.o
 .text.__NVIC_EnableIRQ
                0x080092a0       0x3c main.o
 .text.__NVIC_SetPriority
                0x080092dc       0x54 main.o
 .text.NVIC_EncodePriority
                0x08009330       0x66 main.o
 *fill*         0x08009396        0x2 
 .text.LL_DMA_SetDataTransferDirection
                0x08009398       0x48 main.o
 .text.LL_DMA_SetMode
                0x080093e0       0x48 main.o
 .text.LL_DMA_SetPeriphIncMode
                0x08009428       0x48 main.o
 .text.LL_DMA_SetMemoryIncMode
                0x08009470       0x48 main.o
 .text.LL_DMA_SetPeriphSize
                0x080094b8       0x48 main.o
 .text.LL_DMA_SetMemorySize
                0x08009500       0x48 main.o
 .text.LL_DMA_SetStreamPriorityLevel
                0x08009548       0x48 main.o
 .text.LL_DMA_SetChannelSelection
                0x08009590       0x48 main.o
 .text.LL_DMA_DisableFifoMode
                0x080095d8       0x40 main.o
 .text.LL_RCC_HSE_EnableBypass
                0x08009618       0x20 main.o
 .text.LL_RCC_HSE_Enable
                0x08009638       0x20 main.o
 .text.LL_RCC_HSE_IsReady
                0x08009658       0x28 main.o
 .text.LL_RCC_SetSysClkSource
                0x08009680       0x28 main.o
 .text.LL_RCC_GetSysClkSource
                0x080096a8       0x1c main.o
 .text.LL_RCC_SetAHBPrescaler
                0x080096c4       0x28 main.o
 .text.LL_RCC_SetAPB1Prescaler
                0x080096ec       0x28 main.o
 .text.LL_RCC_SetAPB2Prescaler
                0x08009714       0x28 main.o
 .text.LL_RCC_SetUSARTClockSource
                0x0800973c       0x34 main.o
 .text.LL_RCC_SetTIMPrescaler
                0x08009770       0x2c main.o
 .text.LL_RCC_PLL_Enable
                0x0800979c       0x20 main.o
 .text.LL_RCC_PLL_IsReady
                0x080097bc       0x28 main.o
 .text.LL_RCC_PLL_ConfigDomain_SYS
                0x080097e4       0x40 main.o
 .text.LL_RCC_PLL_ConfigDomain_48M
                0x08009824       0x40 main.o
 .text.LL_AHB1_GRP1_EnableClock
                0x08009864       0x30 main.o
 .text.LL_APB1_GRP1_EnableClock
                0x08009894       0x30 main.o
 .text.LL_SYSCFG_SetEXTISource
                0x080098c4       0x6c main.o
 .text.LL_FLASH_SetLatency
                0x08009930       0x28 main.o
 .text.LL_FLASH_GetLatency
                0x08009958       0x1c main.o
 .text.LL_PWR_EnableOverDriveMode
                0x08009974       0x20 main.o
 .text.LL_PWR_SetRegulVoltageScaling
                0x08009994       0x28 main.o
 .text.LL_PWR_IsActiveFlag_VOS
                0x080099bc       0x28 main.o
 .text.LL_TIM_DisableARRPreload
                0x080099e4       0x20 main.o
 .text.LL_TIM_IC_SetActiveInput
                0x08009a04       0xb4 main.o
 .text.LL_TIM_IC_SetPrescaler
                0x08009ab8       0xb4 main.o
 .text.LL_TIM_IC_SetFilter
                0x08009b6c       0xb4 main.o
 .text.LL_TIM_IC_SetPolarity
                0x08009c20       0xa0 main.o
 .text.LL_TIM_SetEncoderMode
                0x08009cc0       0x2c main.o
 .text.LL_TIM_SetTriggerOutput
                0x08009cec       0x26 main.o
 .text.LL_TIM_DisableMasterSlaveMode
                0x08009d12       0x20 main.o
 .text.LL_USART_Enable
                0x08009d32       0x20 main.o
 .text.LL_USART_ConfigAsyncMode
                0x08009d52       0x2c main.o
 .text.LL_GPIO_SetPinMode
                0x08009d7e       0x7a main.o
 .text.LL_GPIO_SetPinPull
                0x08009df8       0x7a main.o
 .text.LL_GPIO_ResetOutputPin
                0x08009e72       0x1e main.o
 .text.SystemClock_Config
                0x08009e90       0xbc main.o
                0x08009e90                SystemClock_Config
 .text.MX_TIM3_Init
                0x08009f4c      0x134 main.o
                0x08009f4c                MX_TIM3_Init
 .text.MX_TIM4_Init
                0x0800a080      0x138 main.o
                0x0800a080                MX_TIM4_Init
 .text.MX_USART3_UART_Init
                0x0800a1b8      0x1ac main.o
                0x0800a1b8                MX_USART3_UART_Init
 .text.MX_USB_OTG_FS_PCD_Init
                0x0800a364       0x5c main.o
                0x0800a364                MX_USB_OTG_FS_PCD_Init
 .text.MX_DMA_Init
                0x0800a3c0       0x50 main.o
                0x0800a3c0                MX_DMA_Init
 .text.MX_GPIO_Init
                0x0800a410      0x264 main.o
                0x0800a410                MX_GPIO_Init
 .text.HAL_TIM_PeriodElapsedCallback
                0x0800a674       0x24 main.o
                0x0800a674                HAL_TIM_PeriodElapsedCallback
 .text.Error_Handler
                0x0800a698        0xa main.o
                0x0800a698                Error_Handler
 .text.NMI_Handler
                0x0800a6a2        0x6 stm32f7xx_it.o
                0x0800a6a2                NMI_Handler
 .text.HardFault_Handler
                0x0800a6a8        0x6 stm32f7xx_it.o
                0x0800a6a8                HardFault_Handler
 .text.MemManage_Handler
                0x0800a6ae        0x6 stm32f7xx_it.o
                0x0800a6ae                MemManage_Handler
 .text.BusFault_Handler
                0x0800a6b4        0x6 stm32f7xx_it.o
                0x0800a6b4                BusFault_Handler
 .text.UsageFault_Handler
                0x0800a6ba        0x6 stm32f7xx_it.o
                0x0800a6ba                UsageFault_Handler
 .text.DebugMon_Handler
                0x0800a6c0        0xe stm32f7xx_it.o
                0x0800a6c0                DebugMon_Handler
 *fill*         0x0800a6ce        0x2 
 .text.TIM1_UP_TIM10_IRQHandler
                0x0800a6d0       0x14 stm32f7xx_it.o
                0x0800a6d0                TIM1_UP_TIM10_IRQHandler
 .text.TIM3_IRQHandler
                0x0800a6e4        0xe stm32f7xx_it.o
                0x0800a6e4                TIM3_IRQHandler
 .text.TIM4_IRQHandler
                0x0800a6f2        0xe stm32f7xx_it.o
                0x0800a6f2                TIM4_IRQHandler
 .text.LL_RCC_SetUSBClockSource
                0x0800a700       0x2c stm32f7xx_hal_msp.o
 .text.HAL_MspInit
                0x0800a72c       0x48 stm32f7xx_hal_msp.o
                0x0800a72c                HAL_MspInit
 .text.HAL_PCD_MspInit
                0x0800a774       0xbc stm32f7xx_hal_msp.o
                0x0800a774                HAL_PCD_MspInit
 .text.HAL_InitTick
                0x0800a830       0xe0 stm32f7xx_hal_timebase_tim.o
                0x0800a830                HAL_InitTick
 .text.HAL_TIM_Base_Init
                0x0800a910       0xae stm32f7xx_hal_tim.o
                0x0800a910                HAL_TIM_Base_Init
 .text.HAL_TIM_Base_MspInit
                0x0800a9be       0x14 stm32f7xx_hal_tim.o
                0x0800a9be                HAL_TIM_Base_MspInit
 *fill*         0x0800a9d2        0x2 
 .text.HAL_TIM_Base_Start_IT
                0x0800a9d4       0xf0 stm32f7xx_hal_tim.o
                0x0800a9d4                HAL_TIM_Base_Start_IT
 .text.HAL_TIM_IRQHandler
                0x0800aac4      0x23e stm32f7xx_hal_tim.o
                0x0800aac4                HAL_TIM_IRQHandler
 .text.HAL_TIM_OC_DelayElapsedCallback
                0x0800ad02       0x14 stm32f7xx_hal_tim.o
                0x0800ad02                HAL_TIM_OC_DelayElapsedCallback
 .text.HAL_TIM_IC_CaptureCallback
                0x0800ad16       0x14 stm32f7xx_hal_tim.o
                0x0800ad16                HAL_TIM_IC_CaptureCallback
 .text.HAL_TIM_PWM_PulseFinishedCallback
                0x0800ad2a       0x14 stm32f7xx_hal_tim.o
                0x0800ad2a                HAL_TIM_PWM_PulseFinishedCallback
 .text.HAL_TIM_TriggerCallback
                0x0800ad3e       0x14 stm32f7xx_hal_tim.o
                0x0800ad3e                HAL_TIM_TriggerCallback
 *fill*         0x0800ad52        0x2 
 .text.TIM_Base_SetConfig
                0x0800ad54      0x140 stm32f7xx_hal_tim.o
                0x0800ad54                TIM_Base_SetConfig
 .text.HAL_TIMEx_CommutCallback
                0x0800ae94       0x14 stm32f7xx_hal_tim_ex.o
                0x0800ae94                HAL_TIMEx_CommutCallback
 .text.HAL_TIMEx_BreakCallback
                0x0800aea8       0x14 stm32f7xx_hal_tim_ex.o
                0x0800aea8                HAL_TIMEx_BreakCallback
 .text.HAL_TIMEx_Break2Callback
                0x0800aebc       0x14 stm32f7xx_hal_tim_ex.o
                0x0800aebc                HAL_TIMEx_Break2Callback
 .text.LL_GPIO_SetPinMode
                0x0800aed0       0x7a stm32f7xx_ll_gpio.o
 .text.LL_GPIO_SetPinOutputType
                0x0800af4a       0x30 stm32f7xx_ll_gpio.o
 .text.LL_GPIO_SetPinSpeed
                0x0800af7a       0x7a stm32f7xx_ll_gpio.o
 .text.LL_GPIO_SetPinPull
                0x0800aff4       0x7a stm32f7xx_ll_gpio.o
 .text.LL_GPIO_SetAFPin_0_7
                0x0800b06e       0x7a stm32f7xx_ll_gpio.o
 .text.LL_GPIO_SetAFPin_8_15
                0x0800b0e8       0x7e stm32f7xx_ll_gpio.o
 .text.LL_GPIO_Init
                0x0800b166      0x104 stm32f7xx_ll_gpio.o
                0x0800b166                LL_GPIO_Init
 .text.LL_TIM_SetPrescaler
                0x0800b26a       0x1c stm32f7xx_ll_tim.o
 .text.LL_TIM_SetAutoReload
                0x0800b286       0x1c stm32f7xx_ll_tim.o
 .text.LL_TIM_SetRepetitionCounter
                0x0800b2a2       0x1c stm32f7xx_ll_tim.o
 .text.LL_TIM_GenerateEvent_UPDATE
                0x0800b2be       0x20 stm32f7xx_ll_tim.o
 *fill*         0x0800b2de        0x2 
 .text.LL_TIM_Init
                0x0800b2e0      0x134 stm32f7xx_ll_tim.o
                0x0800b2e0                LL_TIM_Init
 .text.LL_RCC_HSI_IsReady
                0x0800b414       0x24 stm32f7xx_ll_rcc.o
 .text.LL_RCC_LSE_IsReady
                0x0800b438       0x24 stm32f7xx_ll_rcc.o
 .text.LL_RCC_GetSysClkSource
                0x0800b45c       0x1c stm32f7xx_ll_rcc.o
 .text.LL_RCC_GetAHBPrescaler
                0x0800b478       0x1c stm32f7xx_ll_rcc.o
 .text.LL_RCC_GetAPB1Prescaler
                0x0800b494       0x1c stm32f7xx_ll_rcc.o
 .text.LL_RCC_GetAPB2Prescaler
                0x0800b4b0       0x1c stm32f7xx_ll_rcc.o
 .text.LL_RCC_GetUSARTClockSource
                0x0800b4cc       0x28 stm32f7xx_ll_rcc.o
 .text.LL_RCC_GetUARTClockSource
                0x0800b4f4       0x28 stm32f7xx_ll_rcc.o
 .text.LL_RCC_PLL_GetMainSource
                0x0800b51c       0x1c stm32f7xx_ll_rcc.o
 .text.LL_RCC_PLL_GetN
                0x0800b538       0x1c stm32f7xx_ll_rcc.o
 .text.LL_RCC_PLL_GetP
                0x0800b554       0x1c stm32f7xx_ll_rcc.o
 .text.LL_RCC_PLL_GetDivider
                0x0800b570       0x1c stm32f7xx_ll_rcc.o
 .text.LL_RCC_GetUSARTClockFreq
                0x0800b58c      0x20c stm32f7xx_ll_rcc.o
                0x0800b58c                LL_RCC_GetUSARTClockFreq
 .text.LL_RCC_GetUARTClockFreq
                0x0800b798      0x210 stm32f7xx_ll_rcc.o
                0x0800b798                LL_RCC_GetUARTClockFreq
 .text.RCC_GetSystemClockFreq
                0x0800b9a8       0x50 stm32f7xx_ll_rcc.o
                0x0800b9a8                RCC_GetSystemClockFreq
 .text.RCC_GetHCLKClockFreq
                0x0800b9f8       0x2c stm32f7xx_ll_rcc.o
                0x0800b9f8                RCC_GetHCLKClockFreq
 .text.RCC_GetPCLK1ClockFreq
                0x0800ba24       0x28 stm32f7xx_ll_rcc.o
                0x0800ba24                RCC_GetPCLK1ClockFreq
 .text.RCC_GetPCLK2ClockFreq
                0x0800ba4c       0x28 stm32f7xx_ll_rcc.o
                0x0800ba4c                RCC_GetPCLK2ClockFreq
 .text.RCC_PLL_GetFreqDomain_SYS
                0x0800ba74       0x6c stm32f7xx_ll_rcc.o
                0x0800ba74                RCC_PLL_GetFreqDomain_SYS
 .text.LL_SetSystemCoreClock
                0x0800bae0       0x20 stm32f7xx_ll_utils.o
                0x0800bae0                LL_SetSystemCoreClock
 .text.LL_EXTI_EnableIT_0_31
                0x0800bb00       0x24 stm32f7xx_ll_exti.o
 .text.LL_EXTI_DisableIT_0_31
                0x0800bb24       0x28 stm32f7xx_ll_exti.o
 .text.LL_EXTI_EnableEvent_0_31
                0x0800bb4c       0x24 stm32f7xx_ll_exti.o
 .text.LL_EXTI_DisableEvent_0_31
                0x0800bb70       0x28 stm32f7xx_ll_exti.o
 .text.LL_EXTI_EnableRisingTrig_0_31
                0x0800bb98       0x24 stm32f7xx_ll_exti.o
 .text.LL_EXTI_DisableRisingTrig_0_31
                0x0800bbbc       0x28 stm32f7xx_ll_exti.o
 .text.LL_EXTI_EnableFallingTrig_0_31
                0x0800bbe4       0x24 stm32f7xx_ll_exti.o
 .text.LL_EXTI_DisableFallingTrig_0_31
                0x0800bc08       0x28 stm32f7xx_ll_exti.o
 .text.LL_EXTI_Init
                0x0800bc30       0xfe stm32f7xx_ll_exti.o
                0x0800bc30                LL_EXTI_Init
 *fill*         0x0800bd2e        0x2 
 .text.HAL_RCC_GetHCLKFreq
                0x0800bd30       0x18 stm32f7xx_hal_rcc.o
                0x0800bd30                HAL_RCC_GetHCLKFreq
 .text.HAL_RCC_GetPCLK2Freq
                0x0800bd48       0x28 stm32f7xx_hal_rcc.o
                0x0800bd48                HAL_RCC_GetPCLK2Freq
 .text.HAL_RCC_GetClockConfig
                0x0800bd70       0x64 stm32f7xx_hal_rcc.o
                0x0800bd70                HAL_RCC_GetClockConfig
 .text.HAL_GPIO_Init
                0x0800bdd4      0x358 stm32f7xx_hal_gpio.o
                0x0800bdd4                HAL_GPIO_Init
 .text.__NVIC_SetPriorityGrouping
                0x0800c12c       0x48 stm32f7xx_hal_cortex.o
 .text.__NVIC_GetPriorityGrouping
                0x0800c174       0x1c stm32f7xx_hal_cortex.o
 .text.__NVIC_EnableIRQ
                0x0800c190       0x3c stm32f7xx_hal_cortex.o
 .text.__NVIC_SetPriority
                0x0800c1cc       0x54 stm32f7xx_hal_cortex.o
 .text.NVIC_EncodePriority
                0x0800c220       0x66 stm32f7xx_hal_cortex.o
 .text.HAL_NVIC_SetPriorityGrouping
                0x0800c286       0x16 stm32f7xx_hal_cortex.o
                0x0800c286                HAL_NVIC_SetPriorityGrouping
 .text.HAL_NVIC_SetPriority
                0x0800c29c       0x38 stm32f7xx_hal_cortex.o
                0x0800c29c                HAL_NVIC_SetPriority
 .text.HAL_NVIC_EnableIRQ
                0x0800c2d4       0x1c stm32f7xx_hal_cortex.o
                0x0800c2d4                HAL_NVIC_EnableIRQ
 .text.HAL_Init
                0x0800c2f0       0x1a stm32f7xx_hal.o
                0x0800c2f0                HAL_Init
 *fill*         0x0800c30a        0x2 
 .text.HAL_IncTick
                0x0800c30c       0x28 stm32f7xx_hal.o
                0x0800c30c                HAL_IncTick
 .text.HAL_GetTick
                0x0800c334       0x18 stm32f7xx_hal.o
                0x0800c334                HAL_GetTick
 .text.LL_USART_IsEnabled
                0x0800c34c       0x26 stm32f7xx_ll_usart.o
 .text.LL_USART_SetStopBitsLength
                0x0800c372       0x26 stm32f7xx_ll_usart.o
 .text.LL_USART_SetHWFlowCtrl
                0x0800c398       0x26 stm32f7xx_ll_usart.o
 .text.LL_USART_SetBaudRate
                0x0800c3be       0x6e stm32f7xx_ll_usart.o
 .text.LL_USART_Init
                0x0800c42c      0x140 stm32f7xx_ll_usart.o
                0x0800c42c                LL_USART_Init
 .text.HAL_PCD_Init
                0x0800c56c      0x248 stm32f7xx_hal_pcd.o
                0x0800c56c                HAL_PCD_Init
 .text.HAL_PCDEx_ActivateLPM
                0x0800c7b4       0x48 stm32f7xx_hal_pcd_ex.o
                0x0800c7b4                HAL_PCDEx_ActivateLPM
 .text.USB_CoreInit
                0x0800c7fc       0xb0 stm32f7xx_ll_usb.o
                0x0800c7fc                USB_CoreInit
 .text.USB_DisableGlobalInt
                0x0800c8ac       0x22 stm32f7xx_ll_usb.o
                0x0800c8ac                USB_DisableGlobalInt
 .text.USB_SetCurrentMode
                0x0800c8ce       0x98 stm32f7xx_ll_usb.o
                0x0800c8ce                USB_SetCurrentMode
 *fill*         0x0800c966        0x2 
 .text.USB_DevInit
                0x0800c968      0x2bc stm32f7xx_ll_usb.o
                0x0800c968                USB_DevInit
 .text.USB_FlushTxFifo
                0x0800cc24       0x64 stm32f7xx_ll_usb.o
                0x0800cc24                USB_FlushTxFifo
 .text.USB_FlushRxFifo
                0x0800cc88       0x5c stm32f7xx_ll_usb.o
                0x0800cc88                USB_FlushRxFifo
 .text.USB_SetDevSpeed
                0x0800cce4       0x32 stm32f7xx_ll_usb.o
                0x0800cce4                USB_SetDevSpeed
 .text.USB_DevDisconnect
                0x0800cd16       0x42 stm32f7xx_ll_usb.o
                0x0800cd16                USB_DevDisconnect
 .text.USB_GetMode
                0x0800cd58       0x1c stm32f7xx_ll_usb.o
                0x0800cd58                USB_GetMode
 .text.USB_CoreReset
                0x0800cd74       0x64 stm32f7xx_ll_usb.o
 .text.SystemInit
                0x0800cdd8       0x24 system_stm32f7xx.o
                0x0800cdd8                SystemInit
 .text.Reset_Handler
                0x0800cdfc       0x50 startup_stm32f767zitx.o
                0x0800cdfc                Reset_Handler
 .text.Default_Handler
                0x0800ce4c        0x2 startup_stm32f767zitx.o
                0x0800ce4c                RTC_Alarm_IRQHandler
                0x0800ce4c                EXTI2_IRQHandler
                0x0800ce4c                TIM8_CC_IRQHandler
                0x0800ce4c                UART8_IRQHandler
                0x0800ce4c                SPI4_IRQHandler
                0x0800ce4c                TIM1_CC_IRQHandler
                0x0800ce4c                DMA2_Stream5_IRQHandler
                0x0800ce4c                JPEG_IRQHandler
                0x0800ce4c                DMA1_Stream5_IRQHandler
                0x0800ce4c                CAN3_RX1_IRQHandler
                0x0800ce4c                PVD_IRQHandler
                0x0800ce4c                TAMP_STAMP_IRQHandler
                0x0800ce4c                CAN2_RX1_IRQHandler
                0x0800ce4c                EXTI3_IRQHandler
                0x0800ce4c                TIM8_TRG_COM_TIM14_IRQHandler
                0x0800ce4c                DFSDM1_FLT1_IRQHandler
                0x0800ce4c                TIM8_UP_TIM13_IRQHandler
                0x0800ce4c                I2C3_ER_IRQHandler
                0x0800ce4c                DFSDM1_FLT2_IRQHandler
                0x0800ce4c                EXTI0_IRQHandler
                0x0800ce4c                I2C2_EV_IRQHandler
                0x0800ce4c                DMA1_Stream2_IRQHandler
                0x0800ce4c                CAN1_RX0_IRQHandler
                0x0800ce4c                FPU_IRQHandler
                0x0800ce4c                OTG_HS_WKUP_IRQHandler
                0x0800ce4c                CAN3_SCE_IRQHandler
                0x0800ce4c                LTDC_ER_IRQHandler
                0x0800ce4c                CAN2_SCE_IRQHandler
                0x0800ce4c                DMA2_Stream2_IRQHandler
                0x0800ce4c                SPI1_IRQHandler
                0x0800ce4c                TIM6_DAC_IRQHandler
                0x0800ce4c                TIM1_BRK_TIM9_IRQHandler
                0x0800ce4c                DCMI_IRQHandler
                0x0800ce4c                CAN2_RX0_IRQHandler
                0x0800ce4c                DMA2_Stream3_IRQHandler
                0x0800ce4c                SAI2_IRQHandler
                0x0800ce4c                DFSDM1_FLT3_IRQHandler
                0x0800ce4c                USART6_IRQHandler
                0x0800ce4c                CAN3_RX0_IRQHandler
                0x0800ce4c                CAN1_RX1_IRQHandler
                0x0800ce4c                UART5_IRQHandler
                0x0800ce4c                DMA2_Stream0_IRQHandler
                0x0800ce4c                QUADSPI_IRQHandler
                0x0800ce4c                I2C1_EV_IRQHandler
                0x0800ce4c                DMA1_Stream6_IRQHandler
                0x0800ce4c                UART4_IRQHandler
                0x0800ce4c                RCC_IRQHandler
                0x0800ce4c                TIM8_BRK_TIM12_IRQHandler
                0x0800ce4c                Default_Handler
                0x0800ce4c                CEC_IRQHandler
                0x0800ce4c                EXTI15_10_IRQHandler
                0x0800ce4c                ADC_IRQHandler
                0x0800ce4c                DMA1_Stream7_IRQHandler
                0x0800ce4c                SPI5_IRQHandler
                0x0800ce4c                TIM7_IRQHandler
                0x0800ce4c                SDMMC1_IRQHandler
                0x0800ce4c                CAN2_TX_IRQHandler
                0x0800ce4c                TIM5_IRQHandler
                0x0800ce4c                DMA2_Stream7_IRQHandler
                0x0800ce4c                I2C3_EV_IRQHandler
                0x0800ce4c                EXTI9_5_IRQHandler
                0x0800ce4c                RTC_WKUP_IRQHandler
                0x0800ce4c                LTDC_IRQHandler
                0x0800ce4c                ETH_WKUP_IRQHandler
                0x0800ce4c                SPDIF_RX_IRQHandler
                0x0800ce4c                SPI2_IRQHandler
                0x0800ce4c                OTG_HS_EP1_IN_IRQHandler
                0x0800ce4c                DMA1_Stream0_IRQHandler
                0x0800ce4c                CAN1_TX_IRQHandler
                0x0800ce4c                EXTI4_IRQHandler
                0x0800ce4c                RNG_IRQHandler
                0x0800ce4c                ETH_IRQHandler
                0x0800ce4c                OTG_HS_EP1_OUT_IRQHandler
                0x0800ce4c                WWDG_IRQHandler
                0x0800ce4c                SPI6_IRQHandler
                0x0800ce4c                MDIOS_IRQHandler
                0x0800ce4c                I2C4_EV_IRQHandler
                0x0800ce4c                CAN3_TX_IRQHandler
                0x0800ce4c                TIM2_IRQHandler
                0x0800ce4c                OTG_FS_WKUP_IRQHandler
                0x0800ce4c                TIM1_TRG_COM_TIM11_IRQHandler
                0x0800ce4c                OTG_HS_IRQHandler
                0x0800ce4c                DMA2D_IRQHandler
                0x0800ce4c                EXTI1_IRQHandler
                0x0800ce4c                SDMMC2_IRQHandler
                0x0800ce4c                UART7_IRQHandler
                0x0800ce4c                USART2_IRQHandler
                0x0800ce4c                DFSDM1_FLT0_IRQHandler
                0x0800ce4c                I2C2_ER_IRQHandler
                0x0800ce4c                DMA2_Stream1_IRQHandler
                0x0800ce4c                CAN1_SCE_IRQHandler
                0x0800ce4c                FLASH_IRQHandler
                0x0800ce4c                DMA2_Stream4_IRQHandler
                0x0800ce4c                USART1_IRQHandler
                0x0800ce4c                OTG_FS_IRQHandler
                0x0800ce4c                SPI3_IRQHandler
                0x0800ce4c                DMA1_Stream4_IRQHandler
                0x0800ce4c                I2C1_ER_IRQHandler
                0x0800ce4c                FMC_IRQHandler
                0x0800ce4c                LPTIM1_IRQHandler
                0x0800ce4c                I2C4_ER_IRQHandler
                0x0800ce4c                DMA2_Stream6_IRQHandler
                0x0800ce4c                SAI1_IRQHandler
 *fill*         0x0800ce4e        0x2 
 .text.fmod     0x0800ce50       0x50 c:/programdata/matlab/supportpackages/r2023b/3p.instrset/gnuarm-armcortex.instrset/win/bin/../lib/gcc/arm-none-eabi/11.3.1/thumb/v7e-m+dp/hard\libm.a(libm_a-w_fmod.o)
                0x0800ce50                fmod
 .text.__ieee754_fmod
                0x0800cea0      0x298 c:/programdata/matlab/supportpackages/r2023b/3p.instrset/gnuarm-armcortex.instrset/win/bin/../lib/gcc/arm-none-eabi/11.3.1/thumb/v7e-m+dp/hard\libm.a(libm_a-e_fmod.o)
                0x0800cea0                __ieee754_fmod
 .text.memset   0x0800d138       0x10 c:/programdata/matlab/supportpackages/r2023b/3p.instrset/gnuarm-armcortex.instrset/win/bin/../lib/gcc/arm-none-eabi/11.3.1/thumb/v7e-m+dp/hard\libg_nano.a(libc_a-memset.o)
                0x0800d138                memset
 .text.__errno  0x0800d148        0xc c:/programdata/matlab/supportpackages/r2023b/3p.instrset/gnuarm-armcortex.instrset/win/bin/../lib/gcc/arm-none-eabi/11.3.1/thumb/v7e-m+dp/hard\libg_nano.a(libc_a-errno.o)
                0x0800d148                __errno
 .text.__libc_init_array
                0x0800d154       0x48 c:/programdata/matlab/supportpackages/r2023b/3p.instrset/gnuarm-armcortex.instrset/win/bin/../lib/gcc/arm-none-eabi/11.3.1/thumb/v7e-m+dp/hard\libg_nano.a(libc_a-init.o)
                0x0800d154                __libc_init_array
 .text.memcpy   0x0800d19c       0x1c c:/programdata/matlab/supportpackages/r2023b/3p.instrset/gnuarm-armcortex.instrset/win/bin/../lib/gcc/arm-none-eabi/11.3.1/thumb/v7e-m+dp/hard\libg_nano.a(libc_a-memcpy-stub.o)
                0x0800d19c                memcpy
 *(.glue_7)
 .glue_7        0x0800d1b8        0x0 linker stubs
 *(.glue_7t)
 .glue_7t       0x0800d1b8        0x0 linker stubs
 *(.eh_frame)
 .eh_frame      0x0800d1b8        0x0 c:/programdata/matlab/supportpackages/r2023b/3p.instrset/gnuarm-armcortex.instrset/win/bin/../lib/gcc/arm-none-eabi/11.3.1/thumb/v7e-m+dp/hard/crtbegin.o
 *(.init)
 .init          0x0800d1b8        0x4 c:/programdata/matlab/supportpackages/r2023b/3p.instrset/gnuarm-armcortex.instrset/win/bin/../lib/gcc/arm-none-eabi/11.3.1/thumb/v7e-m+dp/hard/crti.o
                0x0800d1b8                _init
 .init          0x0800d1bc        0x8 c:/programdata/matlab/supportpackages/r2023b/3p.instrset/gnuarm-armcortex.instrset/win/bin/../lib/gcc/arm-none-eabi/11.3.1/thumb/v7e-m+dp/hard/crtn.o
 *(.fini)
 .fini          0x0800d1c4        0x4 c:/programdata/matlab/supportpackages/r2023b/3p.instrset/gnuarm-armcortex.instrset/win/bin/../lib/gcc/arm-none-eabi/11.3.1/thumb/v7e-m+dp/hard/crti.o
                0x0800d1c4                _fini
 .fini          0x0800d1c8        0x8 c:/programdata/matlab/supportpackages/r2023b/3p.instrset/gnuarm-armcortex.instrset/win/bin/../lib/gcc/arm-none-eabi/11.3.1/thumb/v7e-m+dp/hard/crtn.o
                0x0800d1d0                . = ALIGN (0x4)
                0x0800d1d0                _etext = .

.vfp11_veneer   0x0800d1d0        0x0
 .vfp11_veneer  0x0800d1d0        0x0 linker stubs

.v4_bx          0x0800d1d0        0x0
 .v4_bx         0x0800d1d0        0x0 linker stubs

.iplt           0x0800d1d0        0x0
 .iplt          0x0800d1d0        0x0 c:/programdata/matlab/supportpackages/r2023b/3p.instrset/gnuarm-armcortex.instrset/win/bin/../lib/gcc/arm-none-eabi/11.3.1/thumb/v7e-m+dp/hard/crtbegin.o

.rodata         0x0800d1d0     0x29e8
                0x0800d1d0                . = ALIGN (0x4)
 *(.rodata)
 .rodata        0x0800d1d0      0x2b9 xcp_ext_mode.o
 *fill*         0x0800d489        0x3 
 .rodata        0x0800d48c      0x12e xcp_ext_common.o
 *fill*         0x0800d5ba        0x2 
 .rodata        0x0800d5bc       0x4c xcp_ext_classic_trigger.o
 .rodata        0x0800d608      0x278 xcp.o
 .rodata        0x0800d880      0x3a9 xcp_standard.o
 *fill*         0x0800dc29        0x3 
 .rodata        0x0800dc2c     0x1010 xcp_daq.o
 .rodata        0x0800ec3c       0xdd xcp_calibration.o
 *fill*         0x0800ed19        0x3 
 .rodata        0x0800ed1c      0x56e xcp_transport.o
 *fill*         0x0800f28a        0x2 
 .rodata        0x0800f28c       0xf5 xcp_mem_default.o
 *fill*         0x0800f381        0x3 
 .rodata        0x0800f384      0x228 xcp_drv_rtiostream.o
 .rodata        0x0800f5ac      0x4aa xcp_frame_serial.o
 *(.rodata*)
 *fill*         0x0800fa56        0x2 
 .rodata.blink_led_simu_M
                0x0800fa58        0x4 blink_led_simu.o
                0x0800fa58                blink_led_simu_M
 .rodata.rtAlwaysEnabled.0
                0x0800fa5c        0x1 blink_led_simu.o
 *fill*         0x0800fa5d        0x3 
 .rodata.standardSupportedRxPacket
                0x0800fa60       0x54 xcp_standard.o
 .rodata.daqSupportedRxPacket
                0x0800fab4       0x90 xcp_daq.o
 .rodata.calibrationSupportedRxPacket
                0x0800fb44       0x18 xcp_calibration.o
 .rodata.STREAM_OFFSET_TAB
                0x0800fb5c        0x8 stm_usart.o
 .rodata.STREAM_OFFSET_TAB
                0x0800fb64        0x8 main.o
 .rodata.OFFSET_TAB_CCMRx
                0x0800fb6c        0x9 main.o
 *fill*         0x0800fb75        0x3 
 .rodata.SHIFT_TAB_ICxx
                0x0800fb78        0x9 main.o
 *fill*         0x0800fb81        0x3 
 .rodata.SHIFT_TAB_CCxP
                0x0800fb84        0x9 main.o
 *fill*         0x0800fb8d        0x3 
 .rodata.AHBPrescTable
                0x0800fb90       0x10 system_stm32f7xx.o
                0x0800fb90                AHBPrescTable
 .rodata.APBPrescTable
                0x0800fba0        0x8 system_stm32f7xx.o
                0x0800fba0                APBPrescTable
 .rodata.Zero   0x0800fba8       0x10 c:/programdata/matlab/supportpackages/r2023b/3p.instrset/gnuarm-armcortex.instrset/win/bin/../lib/gcc/arm-none-eabi/11.3.1/thumb/v7e-m+dp/hard\libm.a(libm_a-e_fmod.o)
                0x0800fbb8                . = ALIGN (0x4)

.ARM.extab      0x0800fbb8        0x0
                0x0800fbb8                . = ALIGN (0x4)
 *(.ARM.extab* .gnu.linkonce.armextab.*)
                0x0800fbb8                . = ALIGN (0x4)

.ARM            0x0800fbb8        0x0
                0x0800fbb8                . = ALIGN (0x4)
                0x0800fbb8                __exidx_start = .
 *(.ARM.exidx*)
                0x0800fbb8                __exidx_end = .
                0x0800fbb8                . = ALIGN (0x4)

.preinit_array  0x0800fbb8        0x0
                0x0800fbb8                . = ALIGN (0x4)
                0x0800fbb8                PROVIDE (__preinit_array_start = .)
 *(.preinit_array*)
                0x0800fbb8                PROVIDE (__preinit_array_end = .)
                0x0800fbb8                . = ALIGN (0x4)

.init_array     0x0800fbb8        0x4
                0x0800fbb8                . = ALIGN (0x4)
                0x0800fbb8                PROVIDE (__init_array_start = .)
 *(SORT_BY_NAME(.init_array.*))
 *(.init_array*)
 .init_array    0x0800fbb8        0x4 c:/programdata/matlab/supportpackages/r2023b/3p.instrset/gnuarm-armcortex.instrset/win/bin/../lib/gcc/arm-none-eabi/11.3.1/thumb/v7e-m+dp/hard/crtbegin.o
                0x0800fbbc                PROVIDE (__init_array_end = .)
                0x0800fbbc                . = ALIGN (0x4)

.fini_array     0x0800fbbc        0x4
                0x0800fbbc                . = ALIGN (0x4)
                [!provide]                PROVIDE (__fini_array_start = .)
 *(SORT_BY_NAME(.fini_array.*))
 *(.fini_array*)
 .fini_array    0x0800fbbc        0x4 c:/programdata/matlab/supportpackages/r2023b/3p.instrset/gnuarm-armcortex.instrset/win/bin/../lib/gcc/arm-none-eabi/11.3.1/thumb/v7e-m+dp/hard/crtbegin.o
                [!provide]                PROVIDE (__fini_array_end = .)
                0x0800fbc0                . = ALIGN (0x4)
                0x0800fbc0                _sidata = LOADADDR (.data)

.rel.dyn        0x0800fbc0        0x0
 .rel.iplt      0x0800fbc0        0x0 c:/programdata/matlab/supportpackages/r2023b/3p.instrset/gnuarm-armcortex.instrset/win/bin/../lib/gcc/arm-none-eabi/11.3.1/thumb/v7e-m+dp/hard/crtbegin.o

.data           0x20000000      0x11c load address 0x0800fbc0
                0x20000000                . = ALIGN (0x4)
                0x20000000                _sdata = .
 *(.data)
 *(.data*)
 .data.blink_led_simu_P
                0x20000000       0x38 blink_led_simu_data.o
                0x20000000                blink_led_simu_P
 .data.xcpExtmodeFinalSimulationTime
                0x20000038        0x8 xcp_ext_common.o
                0x20000038                xcpExtmodeFinalSimulationTime
 .data.xcpClassicTriggerDuration
                0x20000040        0x4 xcp_ext_classic_trigger.o
                0x20000040                xcpClassicTriggerDuration
 .data.xcpClassicTriggerArmRequest
                0x20000044        0x1 xcp_ext_classic_trigger.o
                0x20000044                xcpClassicTriggerArmRequest
 *fill*         0x20000045        0x3 
 .data.startStopDaqListId
                0x20000048        0x4 xcp_daq.o
 .data.xcpCurrentDaq
                0x2000004c        0x4 xcp_daq.o
 .data.xcpEventCustomMemoryManager
                0x20000050        0xc xcp_daq.o
 .data.xcpCtoReservedMemPoolId
                0x2000005c        0x4 xcp_transport.o
 .data.xcpMemMainBlockSizes
                0x20000060        0xc xcp_mem_default.o
 .data.xcpMemMainBlocksNumber
                0x2000006c        0xc xcp_mem_default.o
 .data.drvID    0x20000078        0x4 xcp_drv_rtiostream.o
 .data.xcpCtoReservedMemPoolId
                0x2000007c        0x4 xcp_frame_serial.o
 .data.uartObj  0x20000080       0x40 rtiostream_serial.o
                0x20000080                uartObj
 .data.uwTickPrio
                0x200000c0        0x4 stm32f7xx_hal.o
                0x200000c0                uwTickPrio
 .data.uwTickFreq
                0x200000c4        0x1 stm32f7xx_hal.o
                0x200000c4                uwTickFreq
 *fill*         0x200000c5        0x3 
 .data.SystemCoreClock
                0x200000c8        0x4 system_stm32f7xx.o
                0x200000c8                SystemCoreClock
 .data._impure_data
                0x200000cc       0x4c c:/programdata/matlab/supportpackages/r2023b/3p.instrset/gnuarm-armcortex.instrset/win/bin/../lib/gcc/arm-none-eabi/11.3.1/thumb/v7e-m+dp/hard\libg_nano.a(libc_a-impure.o)
                0x200000cc                _impure_data
 .data._impure_ptr
                0x20000118        0x4 c:/programdata/matlab/supportpackages/r2023b/3p.instrset/gnuarm-armcortex.instrset/win/bin/../lib/gcc/arm-none-eabi/11.3.1/thumb/v7e-m+dp/hard\libg_nano.a(libc_a-impure.o)
                0x20000118                _impure_ptr
 *(.RamFunc)
 *(.RamFunc*)
                0x2000011c                . = ALIGN (0x4)
                0x2000011c                _edata = .

.tm_clone_table
                0x2000011c        0x0 load address 0x0800fcdc
 .tm_clone_table
                0x2000011c        0x0 c:/programdata/matlab/supportpackages/r2023b/3p.instrset/gnuarm-armcortex.instrset/win/bin/../lib/gcc/arm-none-eabi/11.3.1/thumb/v7e-m+dp/hard/crtbegin.o
 .tm_clone_table
                0x2000011c        0x0 c:/programdata/matlab/supportpackages/r2023b/3p.instrset/gnuarm-armcortex.instrset/win/bin/../lib/gcc/arm-none-eabi/11.3.1/thumb/v7e-m+dp/hard/crtend.o

.igot.plt       0x2000011c        0x0 load address 0x0800fcdc
 .igot.plt      0x2000011c        0x0 c:/programdata/matlab/supportpackages/r2023b/3p.instrset/gnuarm-armcortex.instrset/win/bin/../lib/gcc/arm-none-eabi/11.3.1/thumb/v7e-m+dp/hard/crtbegin.o
                0x2000011c                . = ALIGN (0x4)

.bss            0x20000120     0x1c88 load address 0x0800fcdc
                0x20000120                _sbss = .
                0x20000120                __bss_start__ = _sbss
 *(.bss)
 *(.bss*)
 .bss.completed.1
                0x20000120        0x1 c:/programdata/matlab/supportpackages/r2023b/3p.instrset/gnuarm-armcortex.instrset/win/bin/../lib/gcc/arm-none-eabi/11.3.1/thumb/v7e-m+dp/hard/crtbegin.o
 *fill*         0x20000121        0x3 
 .bss.object.0  0x20000124       0x18 c:/programdata/matlab/supportpackages/r2023b/3p.instrset/gnuarm-armcortex.instrset/win/bin/../lib/gcc/arm-none-eabi/11.3.1/thumb/v7e-m+dp/hard/crtbegin.o
 .bss.mw_tim4   0x2000013c       0x8c stm_timer_ll.o
                0x2000013c                mw_tim4
 .bss.xcpCustomTriggerFunction
                0x200001c8        0x8 xcp_ext_mode.o
 .bss.blink_led_simu_B
                0x200001d0       0x20 blink_led_simu.o
                0x200001d0                blink_led_simu_B
 .bss.blink_led_simu_DW
                0x200001f0       0x24 blink_led_simu.o
                0x200001f0                blink_led_simu_DW
 *fill*         0x20000214        0x4 
 .bss.blink_led_simu_M_
                0x20000218       0x48 blink_led_simu.o
 .bss.rt_ExtModeInfo.2
                0x20000260       0x14 blink_led_simu.o
 .bss.systemRan.1
                0x20000274       0x18 blink_led_simu.o
 .bss.IsrOverrun
                0x2000028c        0x4 ert_main.o
                0x2000028c                IsrOverrun
 .bss.OverrunFlag
                0x20000290        0x1 ert_main.o
 .bss.stopRequested
                0x20000291        0x1 ert_main.o
                0x20000291                stopRequested
 .bss.runModel  0x20000292        0x1 ert_main.o
                0x20000292                runModel
 .bss.xcpModelStartRequest
                0x20000293        0x1 xcp_ext_common.o
                0x20000293                xcpModelStartRequest
 .bss.xcpModelStopRequest
                0x20000294        0x1 xcp_ext_common.o
                0x20000294                xcpModelStopRequest
 .bss.xcpModelStatus
                0x20000295        0x1 xcp_ext_common.o
                0x20000295                xcpModelStatus
 *fill*         0x20000296        0x2 
 .bss.xcpModelChecksum0
                0x20000298        0x4 xcp_ext_common.o
                0x20000298                xcpModelChecksum0
 .bss.xcpModelChecksum1
                0x2000029c        0x4 xcp_ext_common.o
                0x2000029c                xcpModelChecksum1
 .bss.xcpModelChecksum2
                0x200002a0        0x4 xcp_ext_common.o
                0x200002a0                xcpModelChecksum2
 .bss.xcpModelChecksum3
                0x200002a4        0x4 xcp_ext_common.o
                0x200002a4                xcpModelChecksum3
 .bss.xcpModelIntegerCode
                0x200002a8        0x4 xcp_ext_common.o
                0x200002a8                xcpModelIntegerCode
 .bss.xcpExtmodeSimulationComplete
                0x200002ac        0x1 xcp_ext_common.o
                0x200002ac                xcpExtmodeSimulationComplete
 *fill*         0x200002ad        0x3 
 .bss.xcpDummyDoubleVariable
                0x200002b0        0x8 xcp_ext_common.o
                0x200002b0                xcpDummyDoubleVariable
 .bss.xcpCurrentSimulationTimeInMs
                0x200002b8        0x8 xcp_ext_common.o
                0x200002b8                xcpCurrentSimulationTimeInMs
 .bss.xcpBaseRateSimulationTime
                0x200002c0        0x8 xcp_ext_common.o
 .bss.xcpClassicTriggerEventId
                0x200002c8        0x2 xcp_ext_classic_trigger.o
                0x200002c8                xcpClassicTriggerEventId
 *fill*         0x200002ca        0x2 
 .bss.xcpClassicTriggerSignalAddress
                0x200002cc        0x4 xcp_ext_classic_trigger.o
                0x200002cc                xcpClassicTriggerSignalAddress
 .bss.xcpClassicTriggerSignalAddressExtension
                0x200002d0        0x1 xcp_ext_classic_trigger.o
                0x200002d0                xcpClassicTriggerSignalAddressExtension
 *fill*         0x200002d1        0x7 
 .bss.xcpClassicTriggerLevel
                0x200002d8        0x8 xcp_ext_classic_trigger.o
                0x200002d8                xcpClassicTriggerLevel
 .bss.xcpClassicTriggerHoldOff
                0x200002e0        0x4 xcp_ext_classic_trigger.o
                0x200002e0                xcpClassicTriggerHoldOff
 .bss.xcpClassicTriggerDelay
                0x200002e4        0x4 xcp_ext_classic_trigger.o
                0x200002e4                xcpClassicTriggerDelay
 .bss.xcpClassicTriggerDirection
                0x200002e8        0x1 xcp_ext_classic_trigger.o
                0x200002e8                xcpClassicTriggerDirection
 .bss.xcpClassicTriggerCancelRequest
                0x200002e9        0x1 xcp_ext_classic_trigger.o
                0x200002e9                xcpClassicTriggerCancelRequest
 .bss.xcpClassicTriggerSource
                0x200002ea        0x1 xcp_ext_classic_trigger.o
                0x200002ea                xcpClassicTriggerSource
 .bss.xcpClassicTriggerMode
                0x200002eb        0x1 xcp_ext_classic_trigger.o
                0x200002eb                xcpClassicTriggerMode
 .bss.xcpClassicTriggerStatus
                0x200002ec        0x1 xcp_ext_classic_trigger.o
                0x200002ec                xcpClassicTriggerStatus
 *fill*         0x200002ed        0x3 
 .bss.xcpOldSignalValue
                0x200002f0        0x8 xcp_ext_classic_trigger.o
 .bss.xcpOldSignalValueAvailable
                0x200002f8        0x1 xcp_ext_classic_trigger.o
 .bss.xcpOldClassicTriggerSource
                0x200002f9        0x1 xcp_ext_classic_trigger.o
 .bss.xcpTriggerEnabled
                0x200002fa        0x1 xcp_ext_classic_trigger.o
 .bss.xcpSignalTriggerFired
                0x200002fb        0x1 xcp_ext_classic_trigger.o
 .bss.xcpTriggerCount
                0x200002fc        0x4 xcp_ext_classic_trigger.o
 .bss.xcpForcedTriggerEnabled
                0x20000300        0x1 xcp_ext_classic_trigger.o
 .bss.xcpForceTriggerEnableRequest
                0x20000301        0x1 xcp_ext_classic_trigger.o
 .bss.initialized
                0x20000302        0x1 xcp.o
 .bss.xcpStatus
                0x20000303        0x1 xcp.o
 .bss.xcpSessionStatus
                0x20000304        0x1 xcp.o
 .bss.xcpResourceProtectionStatus
                0x20000305        0x1 xcp.o
 .bss.xcpSessionConfigurationId
                0x20000306        0x2 xcp.o
 .bss.groupPacketLookup
                0x20000308       0x10 xcp.o
 .bss.xcpMta    0x20000318        0x8 xcp_standard.o
 .bss.xcpUploadSize
                0x20000320        0x1 xcp_standard.o
 *fill*         0x20000321        0x3 
 .bss.packetLookup
                0x20000324        0x4 xcp_standard.o
 .bss.xcpDynamicDaqLists
                0x20000328        0x8 xcp_daq.o
 .bss.xcpRunningEventCounter
                0x20000330        0x4 xcp_daq.o
 .bss.daqLock   0x20000334        0x4 xcp_daq.o
 .bss.packetLookup
                0x20000338        0x4 xcp_daq.o
 .bss.packetLookup
                0x2000033c        0x4 xcp_calibration.o
 .bss.txFifo    0x20000340       0x10 xcp_transport.o
 .bss.txLock    0x20000350        0x4 xcp_transport.o
 .bss.rxFifo    0x20000354        0x8 xcp_transport.o
 .bss.rxLock    0x2000035c        0x4 xcp_transport.o
 .bss.initialized
                0x20000360        0x1 xcp_transport.o
 *fill*         0x20000361        0x3 
 .bss.xcpMemPoolDescriptors
                0x20000364       0xc0 xcp_mem_default.o
 .bss.xcpMemCustomPoolDescriptors
                0x20000424        0x8 xcp_mem_default.o
 .bss.xcpMemMainChunk
                0x2000042c      0x407 xcp_mem_default.o
 *fill*         0x20000833        0x1 
 .bss.xcpMemReservedPoolsChunk
                0x20000834      0x76f xcp_mem_default.o
 *fill*         0x20000fa3        0x1 
 .bss.xcpMemReservedPoolsChunkUsedBytes
                0x20000fa4        0x4 xcp_mem_default.o
 .bss.xcpMemLock
                0x20000fa8        0x4 xcp_mem_default.o
 .bss.forceBlocking
                0x20000fac        0x1 xcp_drv_rtiostream.o
 *fill*         0x20000fad        0x1 
 .bss.txCounter
                0x20000fae        0x2 xcp_frame_serial.o
 .bss.rxCounter
                0x20000fb0        0x2 xcp_frame_serial.o
 *fill*         0x20000fb2        0x2 
 .bss.firstRxCounterReceived
                0x20000fb4        0x4 xcp_frame_serial.o
 .bss.initialized
                0x20000fb8        0x1 xcp_frame_serial.o
 *fill*         0x20000fb9        0x3 
 .bss.timestampInitialized
                0x20000fbc        0x4 platform_timer.o
 .bss.timestampStartTime
                0x20000fc0        0x4 platform_timer.o
 .bss.schdl_counter
                0x20000fc4        0x4 SysTickScheduler.o
                0x20000fc4                schdl_counter
 .bss.schdl_counter_max
                0x20000fc8        0x4 SysTickScheduler.o
                0x20000fc8                schdl_counter_max
 .bss.taskToSchedule
                0x20000fcc        0x4 m3m4m4f_multitasking.o
                0x20000fcc                taskToSchedule
 .bss.mw_ext_h  0x20000fd0        0x4 rtiostream_serial.o
                0x20000fd0                mw_ext_h
 .bss.UARTTxBuffer
                0x20000fd4        0x4 rtiostream_serial.o
                0x20000fd4                UARTTxBuffer
 .bss.UARTRxBuffer
                0x20000fd8        0x4 rtiostream_serial.o
                0x20000fd8                UARTRxBuffer
 .bss.mw_usart3
                0x20000fdc       0x40 stm_usart.o
                0x20000fdc                mw_usart3
 .bss.USART3ReceiveBuffer
                0x2000101c      0x400 stm_usart.o
                0x2000101c                USART3ReceiveBuffer
 .bss.USART3TransmitBuffer
                0x2000141c      0x400 stm_usart.o
                0x2000141c                USART3TransmitBuffer
 .bss.hpcd_USB_OTG_FS
                0x2000181c      0x404 main.o
                0x2000181c                hpcd_USB_OTG_FS
 .bss.htim1     0x20001c20       0x4c stm32f7xx_hal_timebase_tim.o
                0x20001c20                htim1
 .bss.uwTick    0x20001c6c        0x4 stm32f7xx_hal.o
                0x20001c6c                uwTick
 .bss.__sf      0x20001c70      0x138 c:/programdata/matlab/supportpackages/r2023b/3p.instrset/gnuarm-armcortex.instrset/win/bin/../lib/gcc/arm-none-eabi/11.3.1/thumb/v7e-m+dp/hard\libg_nano.a(libc_a-findfp.o)
                0x20001c70                __sf
 *(COMMON)
                0x20001da8                . = ALIGN (0x4)
                0x20001da8                _ebss = .
                0x20001da8                __bss_end__ = _ebss

._user_heap_stack
                0x20001da8      0x600 load address 0x0800fcdc
                0x20001da8                . = ALIGN (0x8)
                [!provide]                PROVIDE (end = .)
                0x20001da8                PROVIDE (_end = .)
                0x20001fa8                . = (. + _Min_Heap_Size)
 *fill*         0x20001da8      0x200 
                0x200023a8                . = (. + _Min_Stack_Size)
 *fill*         0x20001fa8      0x400 
                0x200023a8                . = ALIGN (0x8)

/DISCARD/
 libc.a(*)
 libm.a(*)
 libgcc.a(*)

.ARM.attributes
                0x00000000       0x2e
 *(.ARM.attributes)
 .ARM.attributes
                0x00000000       0x1e c:/programdata/matlab/supportpackages/r2023b/3p.instrset/gnuarm-armcortex.instrset/win/bin/../lib/gcc/arm-none-eabi/11.3.1/thumb/v7e-m+dp/hard/crti.o
 .ARM.attributes
                0x0000001e       0x32 c:/programdata/matlab/supportpackages/r2023b/3p.instrset/gnuarm-armcortex.instrset/win/bin/../lib/gcc/arm-none-eabi/11.3.1/thumb/v7e-m+dp/hard/crtbegin.o
 .ARM.attributes
                0x00000050       0x32 stm_timer_ll.o
 .ARM.attributes
                0x00000082       0x32 xcp_ext_mode.o
 .ARM.attributes
                0x000000b4       0x32 blink_led_simu.o
 .ARM.attributes
                0x000000e6       0x32 blink_led_simu_data.o
 .ARM.attributes
                0x00000118       0x32 ert_main.o
 .ARM.attributes
                0x0000014a       0x32 xcp_ext_common.o
 .ARM.attributes
                0x0000017c       0x32 xcp_ext_classic_trigger.o
 .ARM.attributes
                0x000001ae       0x32 xcp.o
 .ARM.attributes
                0x000001e0       0x32 xcp_standard.o
 .ARM.attributes
                0x00000212       0x32 xcp_daq.o
 .ARM.attributes
                0x00000244       0x32 xcp_calibration.o
 .ARM.attributes
                0x00000276       0x32 xcp_fifo.o
 .ARM.attributes
                0x000002a8       0x32 xcp_transport.o
 .ARM.attributes
                0x000002da       0x32 xcp_mem_default.o
 .ARM.attributes
                0x0000030c       0x32 xcp_drv_rtiostream.o
 .ARM.attributes
                0x0000033e       0x32 xcp_utils.o
 .ARM.attributes
                0x00000370       0x32 xcp_frame_serial.o
 .ARM.attributes
                0x000003a2       0x32 xcp_ext_param_default_serial.o
 .ARM.attributes
                0x000003d4       0x32 overrideHALDelay.o
 .ARM.attributes
                0x00000406       0x32 platform_timer.o
 .ARM.attributes
                0x00000438       0x32 SysTickScheduler.o
 .ARM.attributes
                0x0000046a       0x32 m3m4m4f_multitasking.o
 .ARM.attributes
                0x0000049c       0x32 rtiostream_serial.o
 .ARM.attributes
                0x000004ce       0x32 stm_usart.o
 .ARM.attributes
                0x00000500       0x32 sys_arch.o
 .ARM.attributes
                0x00000532       0x32 main.o
 .ARM.attributes
                0x00000564       0x32 stm32f7xx_it.o
 .ARM.attributes
                0x00000596       0x32 stm32f7xx_hal_msp.o
 .ARM.attributes
                0x000005c8       0x32 stm32f7xx_hal_timebase_tim.o
 .ARM.attributes
                0x000005fa       0x32 stm32f7xx_hal_tim.o
 .ARM.attributes
                0x0000062c       0x32 stm32f7xx_hal_tim_ex.o
 .ARM.attributes
                0x0000065e       0x32 stm32f7xx_ll_gpio.o
 .ARM.attributes
                0x00000690       0x32 stm32f7xx_ll_tim.o
 .ARM.attributes
                0x000006c2       0x32 stm32f7xx_ll_rcc.o
 .ARM.attributes
                0x000006f4       0x32 stm32f7xx_ll_utils.o
 .ARM.attributes
                0x00000726       0x32 stm32f7xx_ll_exti.o
 .ARM.attributes
                0x00000758       0x32 stm32f7xx_hal_rcc.o
 .ARM.attributes
                0x0000078a       0x32 stm32f7xx_hal_gpio.o
 .ARM.attributes
                0x000007bc       0x32 stm32f7xx_hal_cortex.o
 .ARM.attributes
                0x000007ee       0x32 stm32f7xx_hal.o
 .ARM.attributes
                0x00000820       0x32 stm32f7xx_ll_usart.o
 .ARM.attributes
                0x00000852       0x32 stm32f7xx_hal_pcd.o
 .ARM.attributes
                0x00000884       0x32 stm32f7xx_hal_pcd_ex.o
 .ARM.attributes
                0x000008b6       0x32 stm32f7xx_ll_usb.o
 .ARM.attributes
                0x000008e8       0x32 system_stm32f7xx.o
 .ARM.attributes
                0x0000091a       0x21 startup_stm32f767zitx.o
 .ARM.attributes
                0x0000093b       0x32 c:/programdata/matlab/supportpackages/r2023b/3p.instrset/gnuarm-armcortex.instrset/win/bin/../lib/gcc/arm-none-eabi/11.3.1/thumb/v7e-m+dp/hard\libm.a(libm_a-w_fmod.o)
 .ARM.attributes
                0x0000096d       0x32 c:/programdata/matlab/supportpackages/r2023b/3p.instrset/gnuarm-armcortex.instrset/win/bin/../lib/gcc/arm-none-eabi/11.3.1/thumb/v7e-m+dp/hard\libm.a(libm_a-e_fmod.o)
 .ARM.attributes
                0x0000099f       0x32 c:/programdata/matlab/supportpackages/r2023b/3p.instrset/gnuarm-armcortex.instrset/win/bin/../lib/gcc/arm-none-eabi/11.3.1/thumb/v7e-m+dp/hard\libg_nano.a(libc_a-findfp.o)
 .ARM.attributes
                0x000009d1       0x32 c:/programdata/matlab/supportpackages/r2023b/3p.instrset/gnuarm-armcortex.instrset/win/bin/../lib/gcc/arm-none-eabi/11.3.1/thumb/v7e-m+dp/hard\libg_nano.a(libc_a-memset.o)
 .ARM.attributes
                0x00000a03       0x32 c:/programdata/matlab/supportpackages/r2023b/3p.instrset/gnuarm-armcortex.instrset/win/bin/../lib/gcc/arm-none-eabi/11.3.1/thumb/v7e-m+dp/hard\libg_nano.a(libc_a-impure.o)
 .ARM.attributes
                0x00000a35       0x32 c:/programdata/matlab/supportpackages/r2023b/3p.instrset/gnuarm-armcortex.instrset/win/bin/../lib/gcc/arm-none-eabi/11.3.1/thumb/v7e-m+dp/hard\libg_nano.a(libc_a-errno.o)
 .ARM.attributes
                0x00000a67       0x32 c:/programdata/matlab/supportpackages/r2023b/3p.instrset/gnuarm-armcortex.instrset/win/bin/../lib/gcc/arm-none-eabi/11.3.1/thumb/v7e-m+dp/hard\libg_nano.a(libc_a-init.o)
 .ARM.attributes
                0x00000a99       0x32 c:/programdata/matlab/supportpackages/r2023b/3p.instrset/gnuarm-armcortex.instrset/win/bin/../lib/gcc/arm-none-eabi/11.3.1/thumb/v7e-m+dp/hard\libg_nano.a(libc_a-memcpy-stub.o)
 .ARM.attributes
                0x00000acb       0x32 c:/programdata/matlab/supportpackages/r2023b/3p.instrset/gnuarm-armcortex.instrset/win/bin/../lib/gcc/arm-none-eabi/11.3.1/thumb/v7e-m+dp/hard/crtend.o
 .ARM.attributes
                0x00000afd       0x1e c:/programdata/matlab/supportpackages/r2023b/3p.instrset/gnuarm-armcortex.instrset/win/bin/../lib/gcc/arm-none-eabi/11.3.1/thumb/v7e-m+dp/hard/crtn.o
OUTPUT(../blink_led_simu.elf elf32-littlearm)
LOAD linker stubs
LOAD c:/programdata/matlab/supportpackages/r2023b/3p.instrset/gnuarm-armcortex.instrset/win/bin/../lib/gcc/arm-none-eabi/11.3.1/thumb/v7e-m+dp/hard\libc.a
LOAD c:/programdata/matlab/supportpackages/r2023b/3p.instrset/gnuarm-armcortex.instrset/win/bin/../lib/gcc/arm-none-eabi/11.3.1/thumb/v7e-m+dp/hard\libm.a
LOAD c:/programdata/matlab/supportpackages/r2023b/3p.instrset/gnuarm-armcortex.instrset/win/bin/../lib/gcc/arm-none-eabi/11.3.1/thumb/v7e-m+dp/hard\libgcc.a

.comment        0x00000000       0x33
 .comment       0x00000000       0x33 c:/programdata/matlab/supportpackages/r2023b/3p.instrset/gnuarm-armcortex.instrset/win/bin/../lib/gcc/arm-none-eabi/11.3.1/thumb/v7e-m+dp/hard/crtbegin.o
                                 0x34 (size before relaxing)
 .comment       0x00000033       0x34 stm_timer_ll.o
 .comment       0x00000033       0x34 xcp_ext_mode.o
 .comment       0x00000033       0x34 blink_led_simu.o