Archive member included to satisfy reference by file (symbol)

c:/programdata/matlab/supportpackages/r2023b/3p.instrset/gnuarm-armcortex.instrset/win/bin/../lib/gcc/arm-none-eabi/11.3.1/thumb/v7e-m+dp/hard\libm.a(libm_a-w_fmod.o)
                              xcp_ext_common.o (fmod)
c:/programdata/matlab/supportpackages/r2023b/3p.instrset/gnuarm-armcortex.instrset/win/bin/../lib/gcc/arm-none-eabi/11.3.1/thumb/v7e-m+dp/hard\libm.a(libm_a-e_fmod.o)
                              c:/programdata/matlab/supportpackages/r2023b/3p.instrset/gnuarm-armcortex.instrset/win/bin/../lib/gcc/arm-none-eabi/11.3.1/thumb/v7e-m+dp/hard\libm.a(libm_a-w_fmod.o) (__ieee754_fmod)
c:/programdata/matlab/supportpackages/r2023b/3p.instrset/gnuarm-armcortex.instrset/win/bin/../lib/gcc/arm-none-eabi/11.3.1/thumb/v7e-m+dp/hard\libgcc.a(_aeabi_uldivmod.o)
                              stm32f7xx_hal_rcc.o (__aeabi_uldivmod)
c:/programdata/matlab/supportpackages/r2023b/3p.instrset/gnuarm-armcortex.instrset/win/bin/../lib/gcc/arm-none-eabi/11.3.1/thumb/v7e-m+dp/hard\libgcc.a(_udivmoddi4.o)
                              c:/programdata/matlab/supportpackages/r2023b/3p.instrset/gnuarm-armcortex.instrset/win/bin/../lib/gcc/arm-none-eabi/11.3.1/thumb/v7e-m+dp/hard\libgcc.a(_aeabi_uldivmod.o) (__udivmoddi4)
c:/programdata/matlab/supportpackages/r2023b/3p.instrset/gnuarm-armcortex.instrset/win/bin/../lib/gcc/arm-none-eabi/11.3.1/thumb/v7e-m+dp/hard\libgcc.a(_dvmd_tls.o)
                              c:/programdata/matlab/supportpackages/r2023b/3p.instrset/gnuarm-armcortex.instrset/win/bin/../lib/gcc/arm-none-eabi/11.3.1/thumb/v7e-m+dp/hard\libgcc.a(_aeabi_uldivmod.o) (__aeabi_ldiv0)
c:/programdata/matlab/supportpackages/r2023b/3p.instrset/gnuarm-armcortex.instrset/win/bin/../lib/gcc/arm-none-eabi/11.3.1/thumb/v7e-m+dp/hard\libg_nano.a(libc_a-exit.o)
                              c:/programdata/matlab/supportpackages/r2023b/3p.instrset/gnuarm-armcortex.instrset/win/bin/../lib/gcc/arm-none-eabi/11.3.1/thumb/v7e-m+dp/hard/crt0.o (exit)
c:/programdata/matlab/supportpackages/r2023b/3p.instrset/gnuarm-armcortex.instrset/win/bin/../lib/gcc/arm-none-eabi/11.3.1/thumb/v7e-m+dp/hard\libg_nano.a(libc_a-findfp.o)
                              c:/programdata/matlab/supportpackages/r2023b/3p.instrset/gnuarm-armcortex.instrset/win/bin/../lib/gcc/arm-none-eabi/11.3.1/thumb/v7e-m+dp/hard\libg_nano.a(libc_a-exit.o) (__stdio_exit_handler)
c:/programdata/matlab/supportpackages/r2023b/3p.instrset/gnuarm-armcortex.instrset/win/bin/../lib/gcc/arm-none-eabi/11.3.1/thumb/v7e-m+dp/hard\libg_nano.a(libc_a-fwalk.o)
                              c:/programdata/matlab/supportpackages/r2023b/3p.instrset/gnuarm-armcortex.instrset/win/bin/../lib/gcc/arm-none-eabi/11.3.1/thumb/v7e-m+dp/hard\libg_nano.a(libc_a-findfp.o) (_fwalk_sglue)
c:/programdata/matlab/supportpackages/r2023b/3p.instrset/gnuarm-armcortex.instrset/win/bin/../lib/gcc/arm-none-eabi/11.3.1/thumb/v7e-m+dp/hard\libg_nano.a(libc_a-stdio.o)
                              c:/programdata/matlab/supportpackages/r2023b/3p.instrset/gnuarm-armcortex.instrset/win/bin/../lib/gcc/arm-none-eabi/11.3.1/thumb/v7e-m+dp/hard\libg_nano.a(libc_a-findfp.o) (__sread)
c:/programdata/matlab/supportpackages/r2023b/3p.instrset/gnuarm-armcortex.instrset/win/bin/../lib/gcc/arm-none-eabi/11.3.1/thumb/v7e-m+dp/hard\libg_nano.a(libc_a-memset.o)
                              c:/programdata/matlab/supportpackages/r2023b/3p.instrset/gnuarm-armcortex.instrset/win/bin/../lib/gcc/arm-none-eabi/11.3.1/thumb/v7e-m+dp/hard/crt0.o (memset)
c:/programdata/matlab/supportpackages/r2023b/3p.instrset/gnuarm-armcortex.instrset/win/bin/../lib/gcc/arm-none-eabi/11.3.1/thumb/v7e-m+dp/hard\libg_nano.a(libc_a-closer.o)
                              c:/programdata/matlab/supportpackages/r2023b/3p.instrset/gnuarm-armcortex.instrset/win/bin/../lib/gcc/arm-none-eabi/11.3.1/thumb/v7e-m+dp/hard\libg_nano.a(libc_a-stdio.o) (_close_r)
c:/programdata/matlab/supportpackages/r2023b/3p.instrset/gnuarm-armcortex.instrset/win/bin/../lib/gcc/arm-none-eabi/11.3.1/thumb/v7e-m+dp/hard\libg_nano.a(libc_a-reent.o)
                              c:/programdata/matlab/supportpackages/r2023b/3p.instrset/gnuarm-armcortex.instrset/win/bin/../lib/gcc/arm-none-eabi/11.3.1/thumb/v7e-m+dp/hard\libg_nano.a(libc_a-closer.o) (errno)
c:/programdata/matlab/supportpackages/r2023b/3p.instrset/gnuarm-armcortex.instrset/win/bin/../lib/gcc/arm-none-eabi/11.3.1/thumb/v7e-m+dp/hard\libg_nano.a(libc_a-impure.o)
                              c:/programdata/matlab/supportpackages/r2023b/3p.instrset/gnuarm-armcortex.instrset/win/bin/../lib/gcc/arm-none-eabi/11.3.1/thumb/v7e-m+dp/hard\libg_nano.a(libc_a-reent.o) (_impure_ptr)
c:/programdata/matlab/supportpackages/r2023b/3p.instrset/gnuarm-armcortex.instrset/win/bin/../lib/gcc/arm-none-eabi/11.3.1/thumb/v7e-m+dp/hard\libg_nano.a(libc_a-lseekr.o)
[...]
Memory Configuration

Name             Origin             Length             Attributes
RAM              0x20000000         0x00080000         xrw
FLASH            0x08000000         0x00200000         xr
*default*        0x00000000         0xffffffff

Linker script and memory map

LOAD c:/programdata/matlab/supportpackages/r2023b/3p.instrset/gnuarm-armcortex.instrset/win/bin/../lib/gcc/arm-none-eabi/11.3.1/thumb/v7e-m+dp/hard/crti.o
LOAD c:/programdata/matlab/supportpackages/r2023b/3p.instrset/gnuarm-armcortex.instrset/win/bin/../lib/gcc/arm-none-eabi/11.3.1/thumb/v7e-m+dp/hard/crtbegin.o
LOAD c:/programdata/matlab/supportpackages/r2023b/3p.instrset/gnuarm-armcortex.instrset/win/bin/../lib/gcc/arm-none-eabi/11.3.1/thumb/v7e-m+dp/hard/crt0.o
LOAD stm_adc_ll.o
LOAD stm_timer_ll.o
LOAD xcp_ext_mode.o
LOAD blink_led_simu.o
LOAD blink_led_simu_data.o
LOAD ert_main.o
LOAD xcp_ext_common.o
LOAD xcp_ext_classic_trigger.o
LOAD xcp.o
LOAD xcp_standard.o
LOAD xcp_daq.o
LOAD xcp_calibration.o
LOAD xcp_fifo.o
LOAD xcp_transport.o
LOAD xcp_mem_default.o
LOAD xcp_drv_rtiostream.o
LOAD xcp_utils.o
LOAD xcp_frame_serial.o
LOAD xcp_ext_param_default_serial.o
LOAD overrideHALDelay.o
LOAD platform_timer.o
LOAD SysTickScheduler.o
LOAD m3m4m4f_multitasking.o
LOAD rtiostream_serial.o
LOAD stm_usart.o
LOAD sys_arch.o
LOAD main.o
LOAD stm32f7xx_it.o
LOAD stm32f7xx_hal_msp.o
LOAD stm32f7xx_hal_timebase_tim.o
LOAD stm32f7xx_hal_tim.o
LOAD stm32f7xx_hal_tim_ex.o
LOAD stm32f7xx_ll_gpio.o
LOAD stm32f7xx_ll_adc.o
LOAD stm32f7xx_ll_dma.o
LOAD stm32f7xx_ll_rcc.o
LOAD stm32f7xx_ll_utils.o
LOAD stm32f7xx_ll_exti.o
LOAD stm32f7xx_hal_rcc.o
LOAD stm32f7xx_hal_rcc_ex.o
LOAD stm32f7xx_hal_flash.o
LOAD stm32f7xx_hal_flash_ex.o
LOAD stm32f7xx_hal_gpio.o
LOAD stm32f7xx_hal_dma.o
LOAD stm32f7xx_hal_dma_ex.o
LOAD stm32f7xx_hal_pwr.o
LOAD stm32f7xx_hal_pwr_ex.o
LOAD stm32f7xx_hal_cortex.o
LOAD stm32f7xx_hal.o
LOAD stm32f7xx_hal_i2c.o
LOAD stm32f7xx_hal_i2c_ex.o
LOAD stm32f7xx_hal_exti.o
LOAD stm32f7xx_ll_tim.o
LOAD stm32f7xx_ll_usart.o
LOAD stm32f7xx_hal_pcd.o
LOAD stm32f7xx_hal_pcd_ex.o
LOAD stm32f7xx_ll_usb.o
LOAD system_stm32f7xx.o
LOAD syscalls.o
LOAD sysmem.o
LOAD startup_stm32f767zitx.o
LOAD C:/ProgramData/MATLAB/SupportPackages/R2023b/3P.instrset/cmsis_dsp.instrset/Lib/GCC/arm_cortexm7ldfdp_math/libCMSISDSP.a
LOAD C:/ProgramData/MATLAB/SupportPackages/R2023b/toolbox/shared/supportpackages/stm32/lib/GCC/libmw_pdmfilter_m7_dpfp.lib
LOAD c:/programdata/matlab/supportpackages/r2023b/3p.instrset/gnuarm-armcortex.instrset/win/bin/../lib/gcc/arm-none-eabi/11.3.1/thumb/v7e-m+dp/hard\libstdc++_nano.a
LOAD c:/programdata/matlab/supportpackages/r2023b/3p.instrset/gnuarm-armcortex.instrset/win/bin/../lib/gcc/arm-none-eabi/11.3.1/thumb/v7e-m+dp/hard\libm.a
START GROUP
LOAD c:/programdata/matlab/supportpackages/r2023b/3p.instrset/gnuarm-armcortex.instrset/win/bin/../lib/gcc/arm-none-eabi/11.3.1/thumb/v7e-m+dp/hard\libgcc.a
LOAD c:/programdata/matlab/supportpackages/r2023b/3p.instrset/gnuarm-armcortex.instrset/win/bin/../lib/gcc/arm-none-eabi/11.3.1/thumb/v7e-m+dp/hard\libg_nano.a
LOAD c:/programdata/matlab/supportpackages/r2023b/3p.instrset/gnuarm-armcortex.instrset/win/bin/../lib/gcc/arm-none-eabi/11.3.1/thumb/v7e-m+dp/hard\libc_nano.a
END GROUP
START GROUP
LOAD c:/programdata/matlab/supportpackages/r2023b/3p.instrset/gnuarm-armcortex.instrset/win/bin/../lib/gcc/arm-none-eabi/11.3.1/thumb/v7e-m+dp/hard\libgcc.a
LOAD c:/programdata/matlab/supportpackages/r2023b/3p.instrset/gnuarm-armcortex.instrset/win/bin/../lib/gcc/arm-none-eabi/11.3.1/thumb/v7e-m+dp/hard\libc_nano.a
LOAD c:/programdata/matlab/supportpackages/r2023b/3p.instrset/gnuarm-armcortex.instrset/win/bin/../lib/gcc/arm-none-eabi/11.3.1/thumb/v7e-m+dp/hard\libnosys.a
END GROUP
START GROUP
LOAD c:/programdata/matlab/supportpackages/r2023b/3p.instrset/gnuarm-armcortex.instrset/win/bin/../lib/gcc/arm-none-eabi/11.3.1/thumb/v7e-m+dp/hard\libgcc.a
LOAD c:/programdata/matlab/supportpackages/r2023b/3p.instrset/gnuarm-armcortex.instrset/win/bin/../lib/gcc/arm-none-eabi/11.3.1/thumb/v7e-m+dp/hard\libc_nano.a
LOAD c:/programdata/matlab/supportpackages/r2023b/3p.instrset/gnuarm-armcortex.instrset/win/bin/../lib/gcc/arm-none-eabi/11.3.1/thumb/v7e-m+dp/hard\libnosys.a
END GROUP
LOAD c:/programdata/matlab/supportpackages/r2023b/3p.instrset/gnuarm-armcortex.instrset/win/bin/../lib/gcc/arm-none-eabi/11.3.1/thumb/v7e-m+dp/hard/crtend.o
LOAD c:/programdata/matlab/supportpackages/r2023b/3p.instrset/gnuarm-armcortex.instrset/win/bin/../lib/gcc/arm-none-eabi/11.3.1/thumb/v7e-m+dp/hard/crtn.o
                0x20080000                _estack = (ORIGIN (RAM) + LENGTH (RAM))
                0x00000200                _Min_Heap_Size = 0x200
                0x00000400                _Min_Stack_Size = 0x400

.isr_vector     0x08000000      0x1f8
                0x08000000                . = ALIGN (0x4)
 *(.isr_vector)
 .isr_vector    0x08000000      0x1f8 startup_stm32f767zitx.o
                0x08000000                g_pfnVectors
                0x080001f8                . = ALIGN (0x4)

.text           0x080001f8     0xe540
                0x080001f8                . = ALIGN (0x4)
 *(.text)
 *(.text*)
 .text.deregister_tm_clones
                0x080001f8       0x1c c:/programdata/matlab/supportpackages/r2023b/3p.instrset/gnuarm-armcortex.instrset/win/bin/../lib/gcc/arm-none-eabi/11.3.1/thumb/v7e-m+dp/hard/crtbegin.o
 .text.register_tm_clones
                0x08000214       0x24 c:/programdata/matlab/supportpackages/r2023b/3p.instrset/gnuarm-armcortex.instrset/win/bin/../lib/gcc/arm-none-eabi/11.3.1/thumb/v7e-m+dp/hard/crtbegin.o
 .text.__do_global_dtors_aux
                0x08000238       0x28 c:/programdata/matlab/supportpackages/r2023b/3p.instrset/gnuarm-armcortex.instrset/win/bin/../lib/gcc/arm-none-eabi/11.3.1/thumb/v7e-m+dp/hard/crtbegin.o
 .text.frame_dummy
                0x08000260       0x24 c:/programdata/matlab/supportpackages/r2023b/3p.instrset/gnuarm-armcortex.instrset/win/bin/../lib/gcc/arm-none-eabi/11.3.1/thumb/v7e-m+dp/hard/crtbegin.o
 .text.LL_ADC_REG_IsTriggerSourceSWStart
                0x08000284       0x26 stm_adc_ll.o
 .text.LL_ADC_REG_SetSequencerLength
                0x080002aa       0x26 stm_adc_ll.o
 .text.LL_ADC_REG_SetDMATransfer
                0x080002d0       0x26 stm_adc_ll.o
 .text.LL_ADC_Enable
                0x080002f6       0x20 stm_adc_ll.o
 .text.LL_ADC_Disable
                0x08000316       0x20 stm_adc_ll.o
 .text.LL_ADC_IsEnabled
                0x08000336       0x26 stm_adc_ll.o
 .text.LL_ADC_REG_StartConversionSWStart
                0x0800035c       0x20 stm_adc_ll.o
 .text.LL_ADC_REG_ReadConversionData12
                0x0800037c       0x1a stm_adc_ll.o
 .text.LL_ADC_IsActiveFlag_EOCS
                0x08000396       0x26 stm_adc_ll.o
 .text.LL_ADC_IsActiveFlag_OVR
                0x080003bc       0x26 stm_adc_ll.o
 .text.LL_ADC_ClearFlag_EOCS
                0x080003e2       0x1c stm_adc_ll.o
 .text.LL_ADC_ClearFlag_OVR
                0x080003fe       0x1c stm_adc_ll.o
 .text.LL_ADC_EnableIT_EOCS
                0x0800041a       0x20 stm_adc_ll.o
 .text.LL_ADC_EnableIT_JEOS
                0x0800043a       0x20 stm_adc_ll.o
 .text.LL_ADC_DisableIT_EOCS
                0x0800045a       0x20 stm_adc_ll.o
 .text.LL_ADC_DisableIT_OVR
                0x0800047a       0x20 stm_adc_ll.o
 .text.LL_ADC_DisableIT_JEOS
                0x0800049a       0x20 stm_adc_ll.o
 .text.LL_ADC_DisableIT_AWD1
                0x080004ba       0x20 stm_adc_ll.o
 .text.LL_ADC_IsEnabledIT_OVR
                0x080004da       0x28 stm_adc_ll.o
 .text.LL_ADC_IsEnabledIT_AWD1
                0x08000502       0x26 stm_adc_ll.o
 .text.regularADCTrigger
                0x08000528       0x86 stm_adc_ll.o
 .text.configure_ADCs_DMA
                0x080005ae       0x1a stm_adc_ll.o
 .text.deconfigure_ADCs_DMA
                0x080005c8       0x18 stm_adc_ll.o
 .text.ADC_IsActiveFlagOVR
                0x080005e0       0x42 stm_adc_ll.o
                0x080005e0                ADC_IsActiveFlagOVR
 .text.ADC_IRQHandler
                0x08000622        0xe stm_adc_ll.o
                0x08000622                ADC_IRQHandler
 .text.startADCConversionForExternalTrigger
                0x08000630       0x18 stm_adc_ll.o
                0x08000630                startADCConversionForExternalTrigger
 .text.ADC_Handle_Init
                0x08000648      0x120 stm_adc_ll.o
                0x08000648                ADC_Handle_Init
 .text.enableADC
                0x08000768       0x2a stm_adc_ll.o
                0x08000768                enableADC
 .text.regularReadADCNormal
                0x08000792      0x10e stm_adc_ll.o
                0x08000792                regularReadADCNormal
 .text.ADC_Handle_Deinit
                0x080008a0       0xee stm_adc_ll.o
                0x080008a0                ADC_Handle_Deinit
 .text.LL_TIM_GetCounterMode
                0x0800098e       0x30 stm_timer_ll.o
 .text.LL_TIM_GetCounter
                0x080009be       0x18 stm_timer_ll.o
 .text.LL_TIM_GetRepetitionCounter
                0x080009d6       0x18 stm_timer_ll.o
 .text.LL_TIM_CC_EnableChannel
                0x080009ee       0x22 stm_timer_ll.o
 .text.LL_TIM_CC_DisableChannel
                0x08000a10       0x24 stm_timer_ll.o
 .text.LL_TIM_EnableAllOutputs
                0x08000a34       0x20 stm_timer_ll.o
 .text.LL_TIM_EnableIT_UPDATE
                0x08000a54       0x20 stm_timer_ll.o
 .text.LL_TIM_DisableIT_UPDATE
                0x08000a74       0x20 stm_timer_ll.o
 .text.LL_TIM_IsEnabledIT_UPDATE
                0x08000a94       0x26 stm_timer_ll.o
 .text.LL_TIM_EnableIT_CC1
                0x08000aba       0x20 stm_timer_ll.o
 .text.LL_TIM_DisableIT_CC1
                0x08000ada       0x20 stm_timer_ll.o
 .text.LL_TIM_IsEnabledIT_CC1
                0x08000afa       0x26 stm_timer_ll.o
 .text.LL_TIM_EnableIT_CC2
                0x08000b20       0x20 stm_timer_ll.o
 .text.LL_TIM_DisableIT_CC2
                0x08000b40       0x20 stm_timer_ll.o
 .text.LL_TIM_IsEnabledIT_CC2
                0x08000b60       0x26 stm_timer_ll.o
 .text.LL_TIM_EnableIT_CC3
                0x08000b86       0x20 stm_timer_ll.o
 .text.LL_TIM_DisableIT_CC3
                0x08000ba6       0x20 stm_timer_ll.o
 .text.LL_TIM_IsEnabledIT_CC3
                0x08000bc6       0x26 stm_timer_ll.o
 .text.LL_TIM_EnableIT_CC4
                0x08000bec       0x20 stm_timer_ll.o
 .text.LL_TIM_DisableIT_CC4
                0x08000c0c       0x20 stm_timer_ll.o
 .text.LL_TIM_IsEnabledIT_CC4
                0x08000c2c       0x26 stm_timer_ll.o
 .text.LL_TIM_EnableIT_COM
                0x08000c52       0x20 stm_timer_ll.o
 .text.LL_TIM_DisableIT_COM
                0x08000c72       0x20 stm_timer_ll.o
 .text.LL_TIM_IsEnabledIT_COM
                0x08000c92       0x26 stm_timer_ll.o
 .text.LL_TIM_EnableIT_TRIG
                0x08000cb8       0x20 stm_timer_ll.o
 .text.LL_TIM_DisableIT_TRIG
                0x08000cd8       0x20 stm_timer_ll.o
 .text.LL_TIM_IsEnabledIT_TRIG
                0x08000cf8       0x26 stm_timer_ll.o
 .text.LL_TIM_EnableIT_BRK
                0x08000d1e       0x20 stm_timer_ll.o
 .text.LL_TIM_DisableIT_BRK
                0x08000d3e       0x20 stm_timer_ll.o
 .text.LL_TIM_IsEnabledIT_BRK
                0x08000d5e       0x26 stm_timer_ll.o
 .text.enableTimerInterrupts
                0x08000d84      0x134 stm_timer_ll.o
                0x08000d84                enableTimerInterrupts
 .text.disableTimerInterrupts
                0x08000eb8      0x134 stm_timer_ll.o
                0x08000eb8                disableTimerInterrupts
 .text.enableTimerChannel1
                0x08000fec       0x78 stm_timer_ll.o
                0x08000fec                enableTimerChannel1
 .text.disableTimerChannel1
                0x08001064       0x78 stm_timer_ll.o
                0x08001064                disableTimerChannel1
 .text.enableTimerChannel2
                0x080010dc       0x78 stm_timer_ll.o
                0x080010dc                enableTimerChannel2
 .text.disableTimerChannel2
                0x08001154       0x78 stm_timer_ll.o
                0x08001154                disableTimerChannel2
 .text.Timer_Handle_Init
                0x080011cc       0xc0 stm_timer_ll.o
                0x080011cc                Timer_Handle_Init
 .text.getTimerCounterValue
                0x0800128c       0x1c stm_timer_ll.o
                0x0800128c                getTimerCounterValue
 .text.extmodeParseArgs
                0x080012a8       0x1e xcp_ext_mode.o
                0x080012a8                extmodeParseArgs
 *fill*         0x080012c6        0x2 
 .text.extmodeInit
                0x080012c8      0x120 xcp_ext_mode.o
                0x080012c8                extmodeInit
 .text.extmodeWaitForHostRequest
                0x080013e8       0xcc xcp_ext_mode.o
                0x080013e8                extmodeWaitForHostRequest
 .text.extmodeEvent
                0x080014b4       0xf4 xcp_ext_mode.o
                0x080014b4                extmodeEvent
 .text.extmodeBackgroundRun
                0x080015a8       0x20 xcp_ext_mode.o
                0x080015a8                extmodeBackgroundRun
 .text.extmodeReset
                0x080015c8       0x40 xcp_ext_mode.o
                0x080015c8                extmodeReset
 .text.extmodeStopRequested
                0x08001608       0x18 xcp_ext_mode.o
                0x08001608                extmodeStopRequested
 .text.extmodeSimulationComplete
                0x08001620       0x18 xcp_ext_mode.o
                0x08001620                extmodeSimulationComplete
 .text.LL_TIM_EnableCounter
                0x08001638       0x20 blink_led_simu.o
 .text.LL_TIM_DisableCounter
                0x08001658       0x20 blink_led_simu.o
 .text.LL_TIM_SetUpdateSource
                0x08001678       0x26 blink_led_simu.o
 .text.LL_TIM_GetUpdateSource
                0x0800169e       0x1c blink_led_simu.o
 .text.LL_TIM_GetAutoReload
                0x080016ba       0x18 blink_led_simu.o
 .text.LL_TIM_SetRepetitionCounter
                0x080016d2       0x1c blink_led_simu.o
 .text.LL_TIM_OC_SetCompareCH1
                0x080016ee       0x1c blink_led_simu.o
 .text.LL_TIM_OC_GetCompareCH1
                0x0800170a       0x18 blink_led_simu.o
 .text.LL_TIM_GenerateEvent_UPDATE
                0x08001722       0x20 blink_led_simu.o
 .text.LL_GPIO_SetOutputPin
                0x08001742       0x1c blink_led_simu.o
 .text.LL_GPIO_ResetOutputPin
                0x0800175e       0x1e blink_led_simu.o
 .text.convertDutyCyclePercentageToCounts
                0x0800177c       0x88 blink_led_simu.o
 .text.setDutyCycleChannel1
                0x08001804       0x30 blink_led_simu.o
 .text.setDutyCycleInPercentageChannel1
                0x08001834       0x28 blink_led_simu.o
 .text.isSlaveTriggerModeEnabled
                0x0800185c       0x3c blink_led_simu.o
 .text.enableCounter
                0x08001898       0xb8 blink_led_simu.o
 .text.disableCounter
                0x08001950       0x1a blink_led_simu.o
 *fill*         0x0800196a        0x2 
 .text.blink_led_simu_SystemCore_setup
                0x0800196c       0x7c blink_led_simu.o
 .text.blink_led_s_SystemCore_setup_nm
                0x080019e8       0x78 blink_led_simu.o
 .text.blink_led_si_SystemCore_setup_n
                0x08001a60       0x94 blink_led_simu.o
 *fill*         0x08001af4        0x4 
 .text.blink_led_simu_step
                0x08001af8      0x214 blink_led_simu.o
                0x08001af8                blink_led_simu_step
 *fill*         0x08001d0c        0x4 
 .text.blink_led_simu_initialize
                0x08001d10       0xf8 blink_led_simu.o
                0x08001d10                blink_led_simu_initialize
 .text.blink_led_simu_terminate
                0x08001e08       0xd8 blink_led_simu.o
                0x08001e08                blink_led_simu_terminate
 .text.rt_OneStep
                0x08001ee0       0x78 ert_main.o
                0x08001ee0                rt_OneStep
 .text.main     0x08001f58      0x190 ert_main.o
                0x08001f58                main
 .text.xcp_void_printf
                0x080020e8       0x12 xcp_ext_common.o
                0x080020e8                xcp_void_printf
 .text.xcpCopyTimeValue
                0x080020fa       0x26 xcp_ext_common.o
 .text.xcpExtModeUpdateTime
                0x08002120      0x110 xcp_ext_common.o
                0x08002120                xcpExtModeUpdateTime
 .text.xcpExtModeInit
                0x08002230       0x9c xcp_ext_common.o
                0x08002230                xcpExtModeInit
 .text.xcpExtModeRunBackground
                0x080022cc      0x13c xcp_ext_common.o
                0x080022cc                xcpExtModeRunBackground
 .text.xcpExtModeReset
                0x08002408      0x128 xcp_ext_common.o
                0x08002408                xcpExtModeReset
 .text.sampleSignalTrigger
                0x08002530      0x1b8 xcp_ext_classic_trigger.o
 .text.updateTriggerStatus
                0x080026e8      0x2b8 xcp_ext_classic_trigger.o
 .text.xcpExtModeClassicTriggerInit
                0x080029a0       0x68 xcp_ext_classic_trigger.o
                0x080029a0                xcpExtModeClassicTriggerInit
 .text.xcpExtModeClassicTriggerEnabled
                0x08002a08      0x100 xcp_ext_classic_trigger.o
                0x08002a08                xcpExtModeClassicTriggerEnabled
 .text.xcpExtModeClassicTriggerReset
                0x08002b08       0xf4 xcp_ext_classic_trigger.o
                0x08002b08                xcpExtModeClassicTriggerReset
 .text.xcpExtModeClassicTriggerForceEnableStatusUpdate
                0x08002bfc       0x80 xcp_ext_classic_trigger.o
                0x08002bfc                xcpExtModeClassicTriggerForceEnableStatusUpdate
 .text.msgBufferRealloc
                0x08002c7c       0x72 xcp.o
 *fill*         0x08002cee        0x2 
 .text.discardInputPacketHandler
                0x08002cf0       0x3c xcp.o
 .text.unknownInputPacketHandler
                0x08002d2c       0x34 xcp.o
 .text.xcpGetPacketGroupID
                0x08002d60       0x74 xcp.o
 .text.xcpGetPacketHandlers
                0x08002dd4      0x124 xcp.o
 .text.xcpStatusSet
                0x08002ef8       0x20 xcp.o
                0x08002ef8                xcpStatusSet
 .text.xcpSessionStatusGet
                0x08002f18       0x18 xcp.o
                0x08002f18                xcpSessionStatusGet
 .text.xcpSessionStatusSetMask
                0x08002f30       0x28 xcp.o
                0x08002f30                xcpSessionStatusSetMask
 .text.xcpSessionStatusClearMask
                0x08002f58       0x34 xcp.o
                0x08002f58                xcpSessionStatusClearMask
 .text.xcpResourceProtectionStatusGet
                0x08002f8c       0x18 xcp.o
                0x08002f8c                xcpResourceProtectionStatusGet
 .text.xcpSessionConfigurationIdGet
                0x08002fa4       0x18 xcp.o
                0x08002fa4                xcpSessionConfigurationIdGet
 .text.genericOutputPacketHandler
                0x08002fbc      0x110 xcp.o
                0x08002fbc                genericOutputPacketHandler
 .text.xcpFindPacket
                0x080030cc       0x6e xcp.o
                0x080030cc                xcpFindPacket
 *fill*         0x0800313a        0x2 
 .text.xcpInit  0x0800313c       0x64 xcp.o
                0x0800313c                xcpInit
 .text.xcpRun   0x080031a0      0x194 xcp.o
                0x080031a0                xcpRun
 .text.xcpEvent
                0x08003334       0x50 xcp.o
                0x08003334                xcpEvent
 .text.xcpGetStatus
                0x08003384       0x18 xcp.o
                0x08003384                xcpGetStatus
 .text.xcpReset
                0x0800339c       0x40 xcp.o
                0x0800339c                xcpReset
 .text.xcpPackedModeEventsFlush
                0x080033dc       0x1e xcp.o
                0x080033dc                xcpPackedModeEventsFlush
 .text.xcpPackedModeEventReset
                0x080033fa       0x2a xcp.o
                0x080033fa                xcpPackedModeEventReset
 .text.isValidUploadSize
                0x08003424       0x30 xcp_standard.o
 .text.xcpMemcpyFromMTA
                0x08003454       0x38 xcp_standard.o
 .text.connectInputPacketHandler
                0x0800348c       0xa4 xcp_standard.o
 .text.connectOutputPacketHandler
                0x08003530       0xd4 xcp_standard.o
 .text.disconnectInputPacketHandler
                0x08003604       0x54 xcp_standard.o
 .text.getStatusInputPacketHandler
                0x08003658       0x28 xcp_standard.o
 .text.getStatusOutputPacketHandler
                0x08003680       0x80 xcp_standard.o
 .text.synchInputPacketHandler
                0x08003700       0x44 xcp_standard.o
 .text.setMTAInputPacketHandler
                0x08003744       0x78 xcp_standard.o
 .text.uploadInputPacketHandler
                0x080037bc       0x98 xcp_standard.o
 .text.uploadOutputPacketHandler
                0x08003854       0x9c xcp_standard.o
 .text.shortUploadInputPacketHandler
                0x080038f0       0xa4 xcp_standard.o
 .text.shortUploadOutputPacketHandler
                0x08003994       0x9c xcp_standard.o
 .text.getPacket
                0x08003a30       0x24 xcp_standard.o
 .text.xcpStandardInit
                0x08003a54       0x18 xcp_standard.o
                0x08003a54                xcpStandardInit
 .text.xcpStandardGetPacketLookup
                0x08003a6c       0x18 xcp_standard.o
                0x08003a6c                xcpStandardGetPacketLookup
 .text.xcpStandardSetPacketLookup
                0x08003a84       0x20 xcp_standard.o
                0x08003a84                xcpStandardSetPacketLookup
 .text.xcpStandardReset
                0x08003aa4       0x12 xcp_standard.o
                0x08003aa4                xcpStandardReset
 *fill*         0x08003ab6        0x2 
 .text.xcpStandardGetAddressFromMta
                0x08003ab8       0x18 xcp_standard.o
                0x08003ab8                xcpStandardGetAddressFromMta
 .text.xcpStandardSetMta
                0x08003ad0       0x3c xcp_standard.o
                0x08003ad0                xcpStandardSetMta
 .text.xcpStandardIncrementMta
                0x08003b0c       0x28 xcp_standard.o
                0x08003b0c                xcpStandardIncrementMta
 .text.xcpStandardExtendedInit
                0x08003b34        0xe xcp_standard.o
                0x08003b34                xcpStandardExtendedInit
 .text.xcpStandardExtendedReset
                0x08003b42        0xe xcp_standard.o
                0x08003b42                xcpStandardExtendedReset
 .text.xcpDaqWriteLock
                0x08003b50       0x4c xcp_daq.o
 .text.xcpDaqWriteUnlock
                0x08003b9c       0x20 xcp_daq.o
 .text.xcpDaqReadLock
                0x08003bbc       0x38 xcp_daq.o
 .text.xcpDaqReadUnlock
                0x08003bf4       0x38 xcp_daq.o
 .text.isActiveDaqList
                0x08003c2c       0x50 xcp_daq.o
 .text.noActiveDaqLists
                0x08003c7c       0x50 xcp_daq.o
 .text.isValidDaqPtr
                0x08003ccc       0xb8 xcp_daq.o
 .text.isValidDaqEntry
                0x08003d84       0x36 xcp_daq.o
 .text.isSupportedDaqListMode
                0x08003dba       0x26 xcp_daq.o
 .text.isValidStartStopMode
                0x08003de0       0x32 xcp_daq.o
 .text.isValidStartStopSynchMode
                0x08003e12       0x32 xcp_daq.o
 .text.absoluteOdtNumberIdentification
                0x08003e44       0x10 xcp_daq.o
 .text.isDaqPackedModeEnabled
                0x08003e54       0x6c xcp_daq.o
 .text.odtPacketSize
                0x08003ec0       0x54 xcp_daq.o
 .text.createDaqReservedPool
                0x08003f14       0x8a xcp_daq.o
 .text.destroyDaqReservedPool
                0x08003f9e       0x2c xcp_daq.o
 *fill*         0x08003fca        0x2 
 .text.setDaqPtrInputPacketHandler
                0x08003fcc       0xdc xcp_daq.o
 .text.writeDaqInputPacketHandler
                0x080040a8      0x198 xcp_daq.o
 .text.setDaqListModeInputPacketHandler
                0x08004240      0x1c8 xcp_daq.o
 .text.startStopDaqListInputPacketHandler
                0x08004408      0x3f4 xcp_daq.o
 .text.startStopDaqListOutputPacketHandler
                0x080047fc       0x5c xcp_daq.o
 .text.startStopSynchInputPacketHandler
                0x08004858      0x328 xcp_daq.o
 .text.getDaqProcessorInfoInputPacketHandler
                0x08004b80       0x28 xcp_daq.o
 .text.getDaqProcessorInfoOutputPacketHandler
                0x08004ba8       0xac xcp_daq.o
 .text.getDaqResolutionInfoInputPacketHandler
                0x08004c54       0x28 xcp_daq.o
 .text.getDaqResolutionInfoOutputPacketHandler
                0x08004c7c       0xb8 xcp_daq.o
 .text.freeDaqInputPacketHandler
                0x08004d34       0x5c xcp_daq.o
 .text.allocDaqInputPacketHandler
                0x08004d90      0x18c xcp_daq.o
 .text.allocOdtInputPacketHandler
                0x08004f1c      0x1c0 xcp_daq.o
 .text.allocOdtEntryInputPacketHandler
                0x080050dc      0x270 xcp_daq.o
 .text.setDaqPackedModeInputPacketHandler
                0x0800534c      0x21c xcp_daq.o
 .text.level1CommandInputPacketHandler
                0x08005568       0x64 xcp_daq.o
 .text.getPacket
                0x080055cc       0x24 xcp_daq.o
 .text.xcpDaqInit
                0x080055f0       0x38 xcp_daq.o
                0x080055f0                xcpDaqInit
 .text.xcpDaqGetPacketLookup
                0x08005628       0x18 xcp_daq.o
                0x08005628                xcpDaqGetPacketLookup
 .text.xcpDaqSetPacketLookup
                0x08005640       0x20 xcp_daq.o
                0x08005640                xcpDaqSetPacketLookup
 .text.xcpResetDaq
                0x08005660       0xa4 xcp_daq.o
 .text.daqWriteXCPDataForOdt
                0x08005704       0x7c xcp_daq.o
 .text.odtWriteEntries
                0x08005780       0x9c xcp_daq.o
 .text.xcpProcessDaq
                0x0800581c      0x208 xcp_daq.o
 .text.xcpDaqEvent
                0x08005a24      0x108 xcp_daq.o
                0x08005a24                xcpDaqEvent
 .text.xcpDaqEventsFlush
                0x08005b2c      0x284 xcp_daq.o
                0x08005b2c                xcpDaqEventsFlush
 .text.xcpDaqLock
                0x08005db0       0x1e xcp_daq.o
                0x08005db0                xcpDaqLock
 .text.xcpDaqUnlock
                0x08005dce        0xe xcp_daq.o
                0x08005dce                xcpDaqUnlock
 .text.xcpResetDaqListStatus
                0x08005ddc      0x19c xcp_daq.o
                0x08005ddc                xcpResetDaqListStatus
 .text.xcpDaqReset
                0x08005f78       0x20 xcp_daq.o
                0x08005f78                xcpDaqReset
 .text.xcpDaqExtendedInit
                0x08005f98        0xe xcp_daq.o
                0x08005f98                xcpDaqExtendedInit
 .text.xcpDaqExtendedReset
                0x08005fa6        0xe xcp_daq.o
                0x08005fa6                xcpDaqExtendedReset
 .text.isValidShortDownloadSize
                0x08005fb4       0x34 xcp_calibration.o
 .text.isValidDownloadSize
                0x08005fe8       0x3a xcp_calibration.o
 *fill*         0x08006022        0x2 
 .text.xcpMemcpyToMTA
                0x08006024       0x34 xcp_calibration.o
 .text.downloadInputPacketHandler
                0x08006058       0xb0 xcp_calibration.o
 .text.shortDownloadInputPacketHandler
                0x08006108       0xb8 xcp_calibration.o
 .text.getPacket
                0x080061c0       0x24 xcp_calibration.o
 .text.xcpCalibrationInit
                0x080061e4       0x14 xcp_calibration.o
                0x080061e4                xcpCalibrationInit
 .text.xcpCalibrationGetPacketLookup
                0x080061f8       0x18 xcp_calibration.o
                0x080061f8                xcpCalibrationGetPacketLookup
 .text.xcpCalibrationSetPacketLookup
                0x08006210       0x20 xcp_calibration.o
                0x08006210                xcpCalibrationSetPacketLookup
 .text.xcpCalibrationReset
                0x08006230        0xe xcp_calibration.o
                0x08006230                xcpCalibrationReset
 .text.xcpFifoInit
                0x0800623e       0x20 xcp_fifo.o
                0x0800623e                xcpFifoInit
 .text.xcpFifoEnqueue
                0x0800625e       0x2a xcp_fifo.o
                0x0800625e                xcpFifoEnqueue
 .text.xcpFifoDequeue
                0x08006288       0x3e xcp_fifo.o
                0x08006288                xcpFifoDequeue
 .text.xcpFifoEnqueueHead
                0x080062c6       0x32 xcp_fifo.o
                0x080062c6                xcpFifoEnqueueHead
 .text.xcpFifoReset
                0x080062f8       0x16 xcp_fifo.o
                0x080062f8                xcpFifoReset
 *fill*         0x0800630e        0x2 
 .text.xcpTransportEmptyTxFifo
                0x08006310       0x6c xcp_transport.o
 .text.xcpTransportEmptyRxFifo
                0x0800637c       0x6c xcp_transport.o
 .text.xcpTransportInit
                0x080063e8      0x138 xcp_transport.o
                0x080063e8                xcpTransportInit
 .text.xcpTransportTxReady
                0x08006520       0x1a xcp_transport.o
                0x08006520                xcpTransportTxReady
 .text.xcpTransportTxTrigger
                0x0800653a       0x1a xcp_transport.o
                0x0800653a                xcpTransportTxTrigger
 .text.xcpTransportTxPacketSet
                0x08006554      0x144 xcp_transport.o
                0x08006554                xcpTransportTxPacketSet
 .text.xcpTransportTx
                0x08006698       0xec xcp_transport.o
                0x08006698                xcpTransportTx
 .text.xcpTransportRx
                0x08006784       0x80 xcp_transport.o
                0x08006784                xcpTransportRx
 .text.xcpTransportRxPacketGet
                0x08006804      0x12c xcp_transport.o
                0x08006804                xcpTransportRxPacketGet
 .text.xcpTransportPacketOffset
                0x08006930       0x20 xcp_transport.o
                0x08006930                xcpTransportPacketOffset
 .text.xcpTransportMsgBufferSize
                0x08006950       0x70 xcp_transport.o
                0x08006950                xcpTransportMsgBufferSize
 .text.xcpTransportMaxDtoSize
                0x080069c0        0xe xcp_transport.o
                0x080069c0                xcpTransportMaxDtoSize
 .text.xcpTransportMaxCtoSize
                0x080069ce        0xe xcp_transport.o
                0x080069ce                xcpTransportMaxCtoSize
 .text.xcpTransportRestart
                0x080069dc       0x44 xcp_transport.o
                0x080069dc                xcpTransportRestart
 .text.xcpTransportResynch
                0x08006a20       0x40 xcp_transport.o
                0x08006a20                xcpTransportResynch
 .text.xcpTransportCtoReservedMemPoolId
                0x08006a60       0x18 xcp_transport.o
                0x08006a60                xcpTransportCtoReservedMemPoolId
 .text.xcpTransportReset
                0x08006a78       0xe4 xcp_transport.o
                0x08006a78                xcpTransportReset
 .text.xcpInitializePoolMemoryArea
                0x08006b5c       0x72 xcp_mem_default.o
 *fill*         0x08006bce        0x2 
 .text.xcpMemInit
                0x08006bd0      0x1d4 xcp_mem_default.o
                0x08006bd0                xcpMemInit
 .text.xcpMemAlloc
                0x08006da4       0xe8 xcp_mem_default.o
                0x08006da4                xcpMemAlloc
 .text.xcpMemFree
                0x08006e8c      0x170 xcp_mem_default.o
                0x08006e8c                xcpMemFree
 .text.xcpMemReservedPoolCreate
                0x08006ffc      0x224 xcp_mem_default.o
                0x08006ffc                xcpMemReservedPoolCreate
 .text.xcpMemReservedPoolDestroy
                0x08007220      0x158 xcp_mem_default.o
                0x08007220                xcpMemReservedPoolDestroy
 .text.xcpMemCustomPoolCreate
                0x08007378       0xbc xcp_mem_default.o
                0x08007378                xcpMemCustomPoolCreate
 .text.xcpMemCustomPoolDestroy
                0x08007434       0x64 xcp_mem_default.o
                0x08007434                xcpMemCustomPoolDestroy
 .text.xcpMemAllocFromPool
                0x08007498      0x170 xcp_mem_default.o
                0x08007498                xcpMemAllocFromPool
 .text.xcpMemReset
                0x08007608       0x50 xcp_mem_default.o
                0x08007608                xcpMemReset
 .text.xcpDrvOpen
                0x08007658       0x64 xcp_drv_rtiostream.o
                0x08007658                xcpDrvOpen
 .text.xcpDrvIoctl
                0x080076bc       0x4c xcp_drv_rtiostream.o
                0x080076bc                xcpDrvIoctl
 .text.xcpDrvSend
                0x08007708      0x14c xcp_drv_rtiostream.o
                0x08007708                xcpDrvSend
 .text.xcpDrvRecv
                0x08007854      0x14c xcp_drv_rtiostream.o
                0x08007854                xcpDrvRecv
 .text.xcpDrvClose
                0x080079a0       0x5c xcp_drv_rtiostream.o
                0x080079a0                xcpDrvClose
 .text.xcpSortArray
                0x080079fc       0xcc xcp_utils.o
                0x080079fc                xcpSortArray
 .text.xcpSxiHtons
                0x08007ac8       0x18 xcp_frame_serial.o
 .text.xcpSxiNtohs
                0x08007ae0       0x1c xcp_frame_serial.o
 .text.xcpSxiChecksum
                0x08007afc       0x3e xcp_frame_serial.o
                0x08007afc                xcpSxiChecksum
 *fill*         0x08007b3a        0x2 
 .text.xcpFrameInit
                0x08007b3c       0x70 xcp_frame_serial.o
                0x08007b3c                xcpFrameInit
 .text.xcpFrameMsgSend
                0x08007bac      0x184 xcp_frame_serial.o
                0x08007bac                xcpFrameMsgSend
 .text.xcpFrameMsgRecv
                0x08007d30      0x180 xcp_frame_serial.o
                0x08007d30                xcpFrameMsgRecv
 .text.xcpFrameCreateMsg
                0x08007eb0       0x94 xcp_frame_serial.o
                0x08007eb0                xcpFrameCreateMsg
 .text.xcpFrameExtractPacket
                0x08007f44      0x154 xcp_frame_serial.o
                0x08007f44                xcpFrameExtractPacket
 .text.xcpFrameHeaderSize
                0x08008098       0x10 xcp_frame_serial.o
                0x08008098                xcpFrameHeaderSize
 .text.xcpFrameTailSize
                0x080080a8       0x10 xcp_frame_serial.o
                0x080080a8                xcpFrameTailSize
 .text.xcpFrameMaxDtoSize
                0x080080b8       0x12 xcp_frame_serial.o
                0x080080b8                xcpFrameMaxDtoSize
 .text.xcpFrameMaxCtoSize
                0x080080ca       0x10 xcp_frame_serial.o
                0x080080ca                xcpFrameMaxCtoSize
 *fill*         0x080080da        0x2 
 .text.xcpFrameRestart
                0x080080dc       0x30 xcp_frame_serial.o
                0x080080dc                xcpFrameRestart
 .text.xcpFrameSetCtoReservedMemPoolId
                0x0800810c       0x20 xcp_frame_serial.o
                0x0800810c                xcpFrameSetCtoReservedMemPoolId
 .text.xcpFrameReset
                0x0800812c       0x70 xcp_frame_serial.o
                0x0800812c                xcpFrameReset
 .text.xcpTransportGetInitParameters
                0x0800819c       0x2e xcp_ext_param_default_serial.o
                0x0800819c                xcpTransportGetInitParameters
 .text.xcpGetInitParameters
                0x080081ca       0x2e xcp_ext_param_default_serial.o
                0x080081ca                xcpGetInitParameters
 .text.HAL_Delay
                0x080081f8       0x2e overrideHALDelay.o
                0x080081f8                HAL_Delay
 *fill*         0x08008226        0x2 
 .text.PeriphCommonClock_Config
                0x08008228       0x10 platform_timer.o
                0x08008228                PeriphCommonClock_Config
 .text.getCurrentTimestampInMicros
                0x08008238       0x40 platform_timer.o
                0x08008238                getCurrentTimestampInMicros
 .text.returnTimeElapsed
                0x08008278       0x2c platform_timer.o
                0x08008278                returnTimeElapsed
 .text.timestampInit
                0x080082a4       0x28 platform_timer.o
 .text.getCurrentTimestamp
                0x080082cc       0x44 platform_timer.o
                0x080082cc                getCurrentTimestamp
 .text.__NVIC_SetPriority
                0x08008310       0x54 SysTickScheduler.o
 .text.SysTick_Config
                0x08008364       0x44 SysTickScheduler.o
 .text.SysTick_Isr
                0x080083a8       0x48 SysTickScheduler.o
 .text.SysTick_Handler
                0x080083f0       0x20 SysTickScheduler.o
                0x080083f0                SysTick_Handler
 .text.ARMCM_SysTick_Config
                0x08008410       0xb0 SysTickScheduler.o
                0x08008410                ARMCM_SysTick_Config
 .text.PendSV_Handler
                0x080084c0       0x44 m3m4m4f_multitasking.o
                0x080084c0                PendSV_Handler
 .text.SVC_Handler
                0x08008504       0x58 m3m4m4f_multitasking.o
                0x08008504                SVC_Handler
 .text.rtIOStreamOpen
                0x0800855c       0x58 rtiostream_serial.o
                0x0800855c                rtIOStreamOpen
 .text.rtIOStreamSend
                0x080085b4       0x34 rtiostream_serial.o
                0x080085b4                rtIOStreamSend
 .text.rtIOStreamRecv
                0x080085e8       0x48 rtiostream_serial.o
                0x080085e8                rtIOStreamRecv
 .text.rtIOStreamClose
                0x08008630       0x20 rtiostream_serial.o
                0x08008630                rtIOStreamClose
 .text.__NVIC_GetPriorityGrouping
                0x08008650       0x1c stm_usart.o
 .text.__NVIC_EnableIRQ
                0x0800866c       0x3c stm_usart.o
 .text.__NVIC_SetPriority
                0x080086a8       0x54 stm_usart.o
 .text.NVIC_EncodePriority
                0x080086fc       0x66 stm_usart.o
 *fill*         0x08008762        0x2 
 .text.LL_DMA_EnableStream
                0x08008764       0x40 stm_usart.o
 .text.LL_DMA_DisableStream
                0x080087a4       0x40 stm_usart.o
 .text.LL_DMA_GetMode
                0x080087e4       0x30 stm_usart.o
 .text.LL_DMA_SetDataLength
                0x08008814       0x4c stm_usart.o
 .text.LL_DMA_GetDataLength
                0x08008860       0x2c stm_usart.o
 .text.LL_DMA_ConfigAddresses
                0x0800888c       0x78 stm_usart.o
 .text.LL_DMA_SetMemoryAddress
                0x08008904       0x30 stm_usart.o
 .text.LL_DMA_IsActiveFlag_TC1
                0x08008934       0x28 stm_usart.o
 .text.LL_DMA_IsActiveFlag_TC3
                0x0800895c       0x28 stm_usart.o
 .text.LL_DMA_ClearFlag_TC1
                0x08008984       0x1c stm_usart.o
 .text.LL_DMA_ClearFlag_TC3
                0x080089a0       0x1c stm_usart.o
 .text.LL_DMA_EnableIT_TC
                0x080089bc       0x40 stm_usart.o
 .text.LL_DMA_DisableIT_TC
                0x080089fc       0x40 stm_usart.o
 .text.LL_DMA_IsEnabledIT_TC
                0x08008a3c       0x38 stm_usart.o
 .text.LL_USART_Enable
                0x08008a74       0x20 stm_usart.o
 .text.LL_USART_Disable
                0x08008a94       0x20 stm_usart.o
 .text.LL_USART_IsEnabledAutoBaud
                0x08008ab4       0x28 stm_usart.o
 .text.LL_USART_IsActiveFlag_PE
                0x08008adc       0x26 stm_usart.o
 .text.LL_USART_IsActiveFlag_FE
                0x08008b02       0x26 stm_usart.o
 .text.LL_USART_IsActiveFlag_NE
                0x08008b28       0x26 stm_usart.o
 .text.LL_USART_IsActiveFlag_ORE
                0x08008b4e       0x26 stm_usart.o
 .text.LL_USART_IsActiveFlag_ABRE
                0x08008b74       0x28 stm_usart.o
 .text.LL_USART_IsActiveFlag_ABR
                0x08008b9c       0x28 stm_usart.o
 .text.LL_USART_ClearFlag_PE
                0x08008bc4       0x1a stm_usart.o
 .text.LL_USART_ClearFlag_FE
                0x08008bde       0x1a stm_usart.o
 .text.LL_USART_ClearFlag_NE
                0x08008bf8       0x1a stm_usart.o
 .text.LL_USART_ClearFlag_ORE
                0x08008c12       0x1a stm_usart.o
 .text.LL_USART_EnableIT_RXNE
                0x08008c2c       0x42 stm_usart.o
 .text.LL_USART_EnableIT_PE
                0x08008c6e       0x42 stm_usart.o
 .text.LL_USART_EnableIT_ERROR
                0x08008cb0       0x46 stm_usart.o
 .text.LL_USART_DisableIT_RXNE
                0x08008cf6       0x42 stm_usart.o
 .text.LL_USART_DisableIT_TXE
                0x08008d38       0x42 stm_usart.o
 .text.LL_USART_DisableIT_PE
                0x08008d7a       0x42 stm_usart.o
 .text.LL_USART_DisableIT_ERROR
                0x08008dbc       0x46 stm_usart.o
 .text.LL_USART_EnableDMAReq_RX
                0x08008e02       0x46 stm_usart.o
 .text.LL_USART_DisableDMAReq_RX
                0x08008e48       0x46 stm_usart.o
 .text.LL_USART_EnableDMAReq_TX
                0x08008e8e       0x46 stm_usart.o
 .text.LL_USART_DisableDMAReq_TX
                0x08008ed4       0x46 stm_usart.o
 .text.LL_USART_DMA_GetRegAddr
                0x08008f1a       0x2c stm_usart.o
 .text.LL_USART_ReceiveData8
                0x08008f46       0x1a stm_usart.o
 .text.LL_USART_RequestAutoBaudRate
                0x08008f60       0x20 stm_usart.o
 .text.checkIfTransmitBufferFull
                0x08008f80       0x64 stm_usart.o
                0x08008f80                checkIfTransmitBufferFull
 .text.copyToTransmitBuffer
                0x08008fe4       0xf4 stm_usart.o
                0x08008fe4                copyToTransmitBuffer
 .text.getAvailableDataInBuffer
                0x080090d8       0xcc stm_usart.o
                0x080090d8                getAvailableDataInBuffer
 .text.getBytesToBeReadFromBuffer
                0x080091a4       0x6e stm_usart.o
                0x080091a4                getBytesToBeReadFromBuffer
 .text.readDataFromBuffer
                0x08009212       0xcc stm_usart.o
                0x08009212                readDataFromBuffer
 .text.UART_RXDMAInterruptHandler
                0x080092de       0xd4 stm_usart.o
                0x080092de                UART_RXDMAInterruptHandler
 .text.UART_TXDMAInterruptHandler
                0x080093b2      0x164 stm_usart.o
                0x080093b2                UART_TXDMAInterruptHandler
 .text.UART_IsActiveFlagError
                0x08009516       0xf4 stm_usart.o
                0x08009516                UART_IsActiveFlagError
 *fill*         0x0800960a        0x2 
 .text.USART3_IRQHandler
                0x0800960c       0x14 stm_usart.o
                0x0800960c                USART3_IRQHandler
 .text.DMA1_Stream3_IRQHandler
                0x08009620       0x20 stm_usart.o
                0x08009620                DMA1_Stream3_IRQHandler
 .text.DMA1_Stream1_IRQHandler
                0x08009640       0x20 stm_usart.o
                0x08009640                DMA1_Stream1_IRQHandler
 .text.UART_ConfigureReceiveDMA
                0x08009660       0x8a stm_usart.o
                0x08009660                UART_ConfigureReceiveDMA
 .text.UART_ConfigureTransmitDMA
                0x080096ea       0x56 stm_usart.o
                0x080096ea                UART_ConfigureTransmitDMA
 .text.getReadErrorStatus
                0x08009740      0x144 stm_usart.o
                0x08009740                getReadErrorStatus
 .text.MW_UART_Initialize
                0x08009884      0x184 stm_usart.o
                0x08009884                MW_UART_Initialize
 .text.MW_UART_ReceiveUsingBuffer
                0x08009a08       0x5c stm_usart.o
                0x08009a08                MW_UART_ReceiveUsingBuffer
 .text.MW_UART_TransmitUsingDMA
                0x08009a64       0xfc stm_usart.o
                0x08009a64                MW_UART_TransmitUsingDMA
 .text.MW_UART_DeInit
                0x08009b60       0xaa stm_usart.o
                0x08009b60                MW_UART_DeInit
 .text.sys_arch_protect
                0x08009c0a       0x22 sys_arch.o
                0x08009c0a                sys_arch_protect
 .text.sys_arch_unprotect
                0x08009c2c       0x20 sys_arch.o
                0x08009c2c                sys_arch_unprotect
 .text.__NVIC_GetPriorityGrouping
                0x08009c4c       0x1c main.o
 .text.__NVIC_EnableIRQ
                0x08009c68       0x3c main.o
 .text.__NVIC_SetPriority
                0x08009ca4       0x54 main.o
 .text.NVIC_EncodePriority
                0x08009cf8       0x66 main.o
 .text.LL_ADC_REG_SetSequencerRanks
                0x08009d5e       0x7a main.o
 .text.LL_ADC_REG_SetFlagEndOfConversion
                0x08009dd8       0x26 main.o
 .text.LL_ADC_SetChannelSamplingTime
                0x08009dfe       0xc2 main.o
 .text.LL_DMA_SetDataTransferDirection
                0x08009ec0       0x48 main.o
 .text.LL_DMA_SetMode
                0x08009f08       0x48 main.o
 .text.LL_DMA_SetPeriphIncMode
                0x08009f50       0x48 main.o
 .text.LL_DMA_SetMemoryIncMode
                0x08009f98       0x48 main.o
 .text.LL_DMA_SetPeriphSize
                0x08009fe0       0x48 main.o
 .text.LL_DMA_SetMemorySize
                0x0800a028       0x48 main.o
 .text.LL_DMA_SetStreamPriorityLevel
                0x0800a070       0x48 main.o
 .text.LL_DMA_SetChannelSelection
                0x0800a0b8       0x48 main.o
 .text.LL_DMA_DisableFifoMode
                0x0800a100       0x40 main.o
 .text.LL_RCC_HSE_EnableBypass
                0x0800a140       0x20 main.o
 .text.LL_RCC_HSE_Enable
                0x0800a160       0x20 main.o
 .text.LL_RCC_HSE_IsReady
                0x0800a180       0x28 main.o
 .text.LL_RCC_SetSysClkSource
                0x0800a1a8       0x28 main.o
 .text.LL_RCC_GetSysClkSource
                0x0800a1d0       0x1c main.o
 .text.LL_RCC_SetAHBPrescaler
                0x0800a1ec       0x28 main.o
 .text.LL_RCC_SetAPB1Prescaler
                0x0800a214       0x28 main.o
 .text.LL_RCC_SetAPB2Prescaler
                0x0800a23c       0x28 main.o
 .text.LL_RCC_SetUSARTClockSource
                0x0800a264       0x34 main.o
 .text.LL_RCC_SetTIMPrescaler
                0x0800a298       0x2c main.o
 .text.LL_RCC_PLL_Enable
                0x0800a2c4       0x20 main.o
 .text.LL_RCC_PLL_IsReady
                0x0800a2e4       0x28 main.o
 .text.LL_RCC_PLL_ConfigDomain_SYS
                0x0800a30c       0x40 main.o
 .text.LL_RCC_PLL_ConfigDomain_48M
                0x0800a34c       0x40 main.o
 .text.LL_AHB1_GRP1_EnableClock
                0x0800a38c       0x30 main.o
 .text.LL_APB1_GRP1_EnableClock
                0x0800a3bc       0x30 main.o
 .text.LL_APB2_GRP1_EnableClock
                0x0800a3ec       0x30 main.o
 .text.LL_SYSCFG_SetEXTISource
                0x0800a41c       0x6c main.o
 .text.LL_FLASH_SetLatency
                0x0800a488       0x28 main.o
 .text.LL_FLASH_GetLatency
                0x0800a4b0       0x1c main.o
 .text.LL_PWR_EnableOverDriveMode
                0x0800a4cc       0x20 main.o
 .text.LL_PWR_SetRegulVoltageScaling
                0x0800a4ec       0x28 main.o
 .text.LL_PWR_IsActiveFlag_VOS
                0x0800a514       0x28 main.o
 .text.LL_TIM_DisableARRPreload
                0x0800a53c       0x20 main.o
 .text.LL_TIM_OC_DisableFast
                0x0800a55c       0xa4 main.o
 .text.LL_TIM_OC_EnablePreload
                0x0800a600       0xa0 main.o
 .text.LL_TIM_IC_SetActiveInput
                0x0800a6a0       0xb4 main.o
 .text.LL_TIM_IC_SetPrescaler
                0x0800a754       0xb4 main.o
 .text.LL_TIM_IC_SetFilter
                0x0800a808       0xb4 main.o
 .text.LL_TIM_IC_SetPolarity
                0x0800a8bc       0xa0 main.o
 .text.LL_TIM_SetEncoderMode
                0x0800a95c       0x2c main.o
 .text.LL_TIM_SetTriggerOutput
                0x0800a988       0x26 main.o
 .text.LL_TIM_DisableMasterSlaveMode
                0x0800a9ae       0x20 main.o
 .text.LL_USART_Enable
                0x0800a9ce       0x20 main.o
 .text.LL_USART_ConfigAsyncMode
                0x0800a9ee       0x2c main.o
 .text.LL_GPIO_SetPinMode
                0x0800aa1a       0x7a main.o
 .text.LL_GPIO_SetPinPull
                0x0800aa94       0x7a main.o
 .text.LL_GPIO_ResetOutputPin
                0x0800ab0e       0x1e main.o
 .text.SystemClock_Config
                0x0800ab2c       0xbc main.o
                0x0800ab2c                SystemClock_Config
 .text.MX_ADC1_Init
                0x0800abe8      0x10c main.o
                0x0800abe8                MX_ADC1_Init
 .text.MX_TIM3_Init
                0x0800acf4      0x120 main.o
                0x0800acf4                MX_TIM3_Init
 .text.MX_TIM4_Init
                0x0800ae14      0x138 main.o
                0x0800ae14                MX_TIM4_Init
 .text.MX_USART3_UART_Init
                0x0800af4c      0x1ac main.o
                0x0800af4c                MX_USART3_UART_Init
 .text.MX_USB_OTG_FS_PCD_Init
                0x0800b0f8       0x5c main.o
                0x0800b0f8                MX_USB_OTG_FS_PCD_Init
 .text.MX_DMA_Init
                0x0800b154       0x50 main.o
                0x0800b154                MX_DMA_Init
 .text.MX_GPIO_Init
                0x0800b1a4      0x264 main.o
                0x0800b1a4                MX_GPIO_Init
 .text.HAL_TIM_PeriodElapsedCallback
                0x0800b408       0x24 main.o
                0x0800b408                HAL_TIM_PeriodElapsedCallback
 .text.Error_Handler
                0x0800b42c        0xa main.o
                0x0800b42c                Error_Handler
 .text.NMI_Handler
                0x0800b436        0x6 stm32f7xx_it.o
                0x0800b436                NMI_Handler
 .text.HardFault_Handler
                0x0800b43c        0x6 stm32f7xx_it.o
                0x0800b43c                HardFault_Handler
 .text.MemManage_Handler
                0x0800b442        0x6 stm32f7xx_it.o
                0x0800b442                MemManage_Handler
 .text.BusFault_Handler
                0x0800b448        0x6 stm32f7xx_it.o
                0x0800b448                BusFault_Handler
 .text.UsageFault_Handler
                0x0800b44e        0x6 stm32f7xx_it.o
                0x0800b44e                UsageFault_Handler
 .text.DebugMon_Handler
                0x0800b454        0xe stm32f7xx_it.o
                0x0800b454                DebugMon_Handler
 *fill*         0x0800b462        0x2 
 .text.TIM1_UP_TIM10_IRQHandler
                0x0800b464       0x14 stm32f7xx_it.o
                0x0800b464                TIM1_UP_TIM10_IRQHandler
 .text.TIM3_IRQHandler
                0x0800b478        0xe stm32f7xx_it.o
                0x0800b478                TIM3_IRQHandler
 .text.TIM4_IRQHandler
                0x0800b486        0xe stm32f7xx_it.o
                0x0800b486                TIM4_IRQHandler
 .text.LL_RCC_SetUSBClockSource
                0x0800b494       0x2c stm32f7xx_hal_msp.o
 .text.HAL_MspInit
                0x0800b4c0       0x48 stm32f7xx_hal_msp.o
                0x0800b4c0                HAL_MspInit
 .text.HAL_PCD_MspInit
                0x0800b508       0xbc stm32f7xx_hal_msp.o
                0x0800b508                HAL_PCD_MspInit
 .text.HAL_InitTick
                0x0800b5c4       0xe0 stm32f7xx_hal_timebase_tim.o
                0x0800b5c4                HAL_InitTick
 .text.HAL_TIM_Base_Init
                0x0800b6a4       0xae stm32f7xx_hal_tim.o
                0x0800b6a4                HAL_TIM_Base_Init
 .text.HAL_TIM_Base_MspInit
                0x0800b752       0x14 stm32f7xx_hal_tim.o
                0x0800b752                HAL_TIM_Base_MspInit
 *fill*         0x0800b766        0x2 
 .text.HAL_TIM_Base_Start_IT
                0x0800b768       0xf0 stm32f7xx_hal_tim.o
                0x0800b768                HAL_TIM_Base_Start_IT
 .text.HAL_TIM_IRQHandler
                0x0800b858      0x23e stm32f7xx_hal_tim.o
                0x0800b858                HAL_TIM_IRQHandler
 .text.HAL_TIM_OC_DelayElapsedCallback
                0x0800ba96       0x14 stm32f7xx_hal_tim.o
                0x0800ba96                HAL_TIM_OC_DelayElapsedCallback
 .text.HAL_TIM_IC_CaptureCallback
                0x0800baaa       0x14 stm32f7xx_hal_tim.o
                0x0800baaa                HAL_TIM_IC_CaptureCallback
 .text.HAL_TIM_PWM_PulseFinishedCallback
                0x0800babe       0x14 stm32f7xx_hal_tim.o
                0x0800babe                HAL_TIM_PWM_PulseFinishedCallback
 .text.HAL_TIM_TriggerCallback
                0x0800bad2       0x14 stm32f7xx_hal_tim.o
                0x0800bad2                HAL_TIM_TriggerCallback
 *fill*         0x0800bae6        0x2 
 .text.TIM_Base_SetConfig
                0x0800bae8      0x140 stm32f7xx_hal_tim.o
                0x0800bae8                TIM_Base_SetConfig
 .text.HAL_TIMEx_CommutCallback
                0x0800bc28       0x14 stm32f7xx_hal_tim_ex.o
                0x0800bc28                HAL_TIMEx_CommutCallback
 .text.HAL_TIMEx_BreakCallback
                0x0800bc3c       0x14 stm32f7xx_hal_tim_ex.o
                0x0800bc3c                HAL_TIMEx_BreakCallback
 .text.HAL_TIMEx_Break2Callback
                0x0800bc50       0x14 stm32f7xx_hal_tim_ex.o
                0x0800bc50                HAL_TIMEx_Break2Callback
 .text.LL_GPIO_SetPinMode
                0x0800bc64       0x7a stm32f7xx_ll_gpio.o
 .text.LL_GPIO_SetPinOutputType
                0x0800bcde       0x30 stm32f7xx_ll_gpio.o
 .text.LL_GPIO_SetPinSpeed
                0x0800bd0e       0x7a stm32f7xx_ll_gpio.o
 .text.LL_GPIO_SetPinPull
                0x0800bd88       0x7a stm32f7xx_ll_gpio.o
 .text.LL_GPIO_SetAFPin_0_7
                0x0800be02       0x7a stm32f7xx_ll_gpio.o
 .text.LL_GPIO_SetAFPin_8_15
                0x0800be7c       0x7e stm32f7xx_ll_gpio.o
 .text.LL_GPIO_Init
                0x0800befa      0x104 stm32f7xx_ll_gpio.o
                0x0800befa                LL_GPIO_Init
 .text.LL_ADC_REG_SetSequencerLength
                0x0800bffe       0x26 stm32f7xx_ll_adc.o
 .text.LL_ADC_IsEnabled
                0x0800c024       0x26 stm32f7xx_ll_adc.o
 *fill*         0x0800c04a        0x2 
 .text.LL_ADC_CommonInit
                0x0800c04c       0x90 stm32f7xx_ll_adc.o
                0x0800c04c                LL_ADC_CommonInit
 .text.LL_ADC_Init
                0x0800c0dc       0x58 stm32f7xx_ll_adc.o
                0x0800c0dc                LL_ADC_Init
 .text.LL_ADC_REG_Init
                0x0800c134       0x90 stm32f7xx_ll_adc.o
                0x0800c134                LL_ADC_REG_Init
 .text.LL_RCC_HSI_IsReady
                0x0800c1c4       0x24 stm32f7xx_ll_rcc.o
 .text.LL_RCC_LSE_IsReady
                0x0800c1e8       0x24 stm32f7xx_ll_rcc.o
 .text.LL_RCC_GetSysClkSource
                0x0800c20c       0x1c stm32f7xx_ll_rcc.o
 .text.LL_RCC_GetAHBPrescaler
                0x0800c228       0x1c stm32f7xx_ll_rcc.o
 .text.LL_RCC_GetAPB1Prescaler
                0x0800c244       0x1c stm32f7xx_ll_rcc.o
 .text.LL_RCC_GetAPB2Prescaler
                0x0800c260       0x1c stm32f7xx_ll_rcc.o
 .text.LL_RCC_GetUSARTClockSource
                0x0800c27c       0x28 stm32f7xx_ll_rcc.o
 .text.LL_RCC_GetUARTClockSource
                0x0800c2a4       0x28 stm32f7xx_ll_rcc.o
 .text.LL_RCC_PLL_GetMainSource
                0x0800c2cc       0x1c stm32f7xx_ll_rcc.o
 .text.LL_RCC_PLL_GetN
                0x0800c2e8       0x1c stm32f7xx_ll_rcc.o
 .text.LL_RCC_PLL_GetP
                0x0800c304       0x1c stm32f7xx_ll_rcc.o
 .text.LL_RCC_PLL_GetDivider
                0x0800c320       0x1c stm32f7xx_ll_rcc.o
 .text.LL_RCC_GetUSARTClockFreq
                0x0800c33c      0x20c stm32f7xx_ll_rcc.o
                0x0800c33c                LL_RCC_GetUSARTClockFreq
 .text.LL_RCC_GetUARTClockFreq
                0x0800c548      0x210 stm32f7xx_ll_rcc.o
                0x0800c548                LL_RCC_GetUARTClockFreq
 .text.RCC_GetSystemClockFreq
                0x0800c758       0x50 stm32f7xx_ll_rcc.o
                0x0800c758                RCC_GetSystemClockFreq
 .text.RCC_GetHCLKClockFreq
                0x0800c7a8       0x2c stm32f7xx_ll_rcc.o
                0x0800c7a8                RCC_GetHCLKClockFreq
 .text.RCC_GetPCLK1ClockFreq
                0x0800c7d4       0x28 stm32f7xx_ll_rcc.o
                0x0800c7d4                RCC_GetPCLK1ClockFreq
 .text.RCC_GetPCLK2ClockFreq
                0x0800c7fc       0x28 stm32f7xx_ll_rcc.o
                0x0800c7fc                RCC_GetPCLK2ClockFreq
 .text.RCC_PLL_GetFreqDomain_SYS
                0x0800c824       0x6c stm32f7xx_ll_rcc.o
                0x0800c824                RCC_PLL_GetFreqDomain_SYS
 .text.LL_SetSystemCoreClock
                0x0800c890       0x20 stm32f7xx_ll_utils.o
                0x0800c890                LL_SetSystemCoreClock
 .text.LL_EXTI_EnableIT_0_31
                0x0800c8b0       0x24 stm32f7xx_ll_exti.o
 .text.LL_EXTI_DisableIT_0_31
                0x0800c8d4       0x28 stm32f7xx_ll_exti.o
 .text.LL_EXTI_EnableEvent_0_31
                0x0800c8fc       0x24 stm32f7xx_ll_exti.o
 .text.LL_EXTI_DisableEvent_0_31
                0x0800c920       0x28 stm32f7xx_ll_exti.o
 .text.LL_EXTI_EnableRisingTrig_0_31
                0x0800c948       0x24 stm32f7xx_ll_exti.o
 .text.LL_EXTI_DisableRisingTrig_0_31
                0x0800c96c       0x28 stm32f7xx_ll_exti.o
 .text.LL_EXTI_EnableFallingTrig_0_31
                0x0800c994       0x24 stm32f7xx_ll_exti.o
 .text.LL_EXTI_DisableFallingTrig_0_31
                0x0800c9b8       0x28 stm32f7xx_ll_exti.o
 .text.LL_EXTI_Init
                0x0800c9e0       0xfe stm32f7xx_ll_exti.o
                0x0800c9e0                LL_EXTI_Init
 *fill*         0x0800cade        0x2 
 .text.HAL_RCC_GetHCLKFreq
                0x0800cae0       0x18 stm32f7xx_hal_rcc.o
                0x0800cae0                HAL_RCC_GetHCLKFreq
 .text.HAL_RCC_GetPCLK2Freq
                0x0800caf8       0x28 stm32f7xx_hal_rcc.o
                0x0800caf8                HAL_RCC_GetPCLK2Freq
 .text.HAL_RCC_GetClockConfig
                0x0800cb20       0x64 stm32f7xx_hal_rcc.o
                0x0800cb20                HAL_RCC_GetClockConfig
 .text.HAL_GPIO_Init
                0x0800cb84      0x358 stm32f7xx_hal_gpio.o
                0x0800cb84                HAL_GPIO_Init
 .text.__NVIC_SetPriorityGrouping
                0x0800cedc       0x48 stm32f7xx_hal_cortex.o
 .text.__NVIC_GetPriorityGrouping
                0x0800cf24       0x1c stm32f7xx_hal_cortex.o
 .text.__NVIC_EnableIRQ
                0x0800cf40       0x3c stm32f7xx_hal_cortex.o
 .text.__NVIC_SetPriority
                0x0800cf7c       0x54 stm32f7xx_hal_cortex.o
 .text.NVIC_EncodePriority
                0x0800cfd0       0x66 stm32f7xx_hal_cortex.o
 .text.HAL_NVIC_SetPriorityGrouping
                0x0800d036       0x16 stm32f7xx_hal_cortex.o
                0x0800d036                HAL_NVIC_SetPriorityGrouping
 .text.HAL_NVIC_SetPriority
                0x0800d04c       0x38 stm32f7xx_hal_cortex.o
                0x0800d04c                HAL_NVIC_SetPriority
 .text.HAL_NVIC_EnableIRQ
                0x0800d084       0x1c stm32f7xx_hal_cortex.o
                0x0800d084                HAL_NVIC_EnableIRQ
 .text.HAL_Init
                0x0800d0a0       0x1a stm32f7xx_hal.o
                0x0800d0a0                HAL_Init
 *fill*         0x0800d0ba        0x2 
 .text.HAL_IncTick
                0x0800d0bc       0x28 stm32f7xx_hal.o
                0x0800d0bc                HAL_IncTick
 .text.HAL_GetTick
                0x0800d0e4       0x18 stm32f7xx_hal.o
                0x0800d0e4                HAL_GetTick
 .text.LL_TIM_SetPrescaler
                0x0800d0fc       0x1c stm32f7xx_ll_tim.o
 .text.LL_TIM_SetAutoReload
                0x0800d118       0x1c stm32f7xx_ll_tim.o
 .text.LL_TIM_SetRepetitionCounter
                0x0800d134       0x1c stm32f7xx_ll_tim.o
 .text.LL_TIM_OC_SetCompareCH1
                0x0800d150       0x1c stm32f7xx_ll_tim.o
 .text.LL_TIM_OC_SetCompareCH2
                0x0800d16c       0x1c stm32f7xx_ll_tim.o
 .text.LL_TIM_OC_SetCompareCH3
                0x0800d188       0x1c stm32f7xx_ll_tim.o
 .text.LL_TIM_OC_SetCompareCH4
                0x0800d1a4       0x1c stm32f7xx_ll_tim.o
 .text.LL_TIM_OC_SetCompareCH5
                0x0800d1c0       0x20 stm32f7xx_ll_tim.o
 .text.LL_TIM_OC_SetCompareCH6
                0x0800d1e0       0x1c stm32f7xx_ll_tim.o
 .text.LL_TIM_GenerateEvent_UPDATE
                0x0800d1fc       0x20 stm32f7xx_ll_tim.o
 .text.LL_TIM_Init
                0x0800d21c      0x134 stm32f7xx_ll_tim.o
                0x0800d21c                LL_TIM_Init
 .text.LL_TIM_OC_Init
                0x0800d350       0xbe stm32f7xx_ll_tim.o
                0x0800d350                LL_TIM_OC_Init
 *fill*         0x0800d40e        0x2 
 .text.OC1Config
                0x0800d410       0xdc stm32f7xx_ll_tim.o
 .text.OC2Config
                0x0800d4ec       0xe4 stm32f7xx_ll_tim.o
 .text.OC3Config
                0x0800d5d0       0xe4 stm32f7xx_ll_tim.o
 .text.OC4Config
                0x0800d6b4       0xb4 stm32f7xx_ll_tim.o
 .text.OC5Config
                0x0800d768       0xa4 stm32f7xx_ll_tim.o
 .text.OC6Config
                0x0800d80c       0xa4 stm32f7xx_ll_tim.o
 .text.LL_USART_IsEnabled
                0x0800d8b0       0x26 stm32f7xx_ll_usart.o
 .text.LL_USART_SetStopBitsLength
                0x0800d8d6       0x26 stm32f7xx_ll_usart.o
 .text.LL_USART_SetHWFlowCtrl
                0x0800d8fc       0x26 stm32f7xx_ll_usart.o
 .text.LL_USART_SetBaudRate
                0x0800d922       0x6e stm32f7xx_ll_usart.o
 .text.LL_USART_Init
                0x0800d990      0x140 stm32f7xx_ll_usart.o
                0x0800d990                LL_USART_Init
 .text.HAL_PCD_Init
                0x0800dad0      0x248 stm32f7xx_hal_pcd.o
                0x0800dad0                HAL_PCD_Init
 .text.HAL_PCDEx_ActivateLPM
                0x0800dd18       0x48 stm32f7xx_hal_pcd_ex.o
                0x0800dd18                HAL_PCDEx_ActivateLPM
 .text.USB_CoreInit
                0x0800dd60       0xb0 stm32f7xx_ll_usb.o
                0x0800dd60                USB_CoreInit
 .text.USB_DisableGlobalInt
                0x0800de10       0x22 stm32f7xx_ll_usb.o
                0x0800de10                USB_DisableGlobalInt
 .text.USB_SetCurrentMode
                0x0800de32       0x98 stm32f7xx_ll_usb.o
                0x0800de32                USB_SetCurrentMode
 *fill*         0x0800deca        0x2 
 .text.USB_DevInit
                0x0800decc      0x2bc stm32f7xx_ll_usb.o
                0x0800decc                USB_DevInit
 .text.USB_FlushTxFifo
                0x0800e188       0x64 stm32f7xx_ll_usb.o
                0x0800e188                USB_FlushTxFifo
 .text.USB_FlushRxFifo
                0x0800e1ec       0x5c stm32f7xx_ll_usb.o
                0x0800e1ec                USB_FlushRxFifo
 .text.USB_SetDevSpeed
                0x0800e248       0x32 stm32f7xx_ll_usb.o
                0x0800e248                USB_SetDevSpeed
 .text.USB_DevDisconnect
                0x0800e27a       0x42 stm32f7xx_ll_usb.o
                0x0800e27a                USB_DevDisconnect
 .text.USB_GetMode
                0x0800e2bc       0x1c stm32f7xx_ll_usb.o
                0x0800e2bc                USB_GetMode
 .text.USB_CoreReset
                0x0800e2d8       0x64 stm32f7xx_ll_usb.o
 .text.SystemInit
                0x0800e33c       0x24 system_stm32f7xx.o
                0x0800e33c                SystemInit
 .text.Reset_Handler
                0x0800e360       0x50 startup_stm32f767zitx.o
                0x0800e360                Reset_Handler
 .text.Default_Handler
                0x0800e3b0        0x2 startup_stm32f767zitx.o
                0x0800e3b0                RTC_Alarm_IRQHandler
                0x0800e3b0                EXTI2_IRQHandler
                0x0800e3b0                TIM8_CC_IRQHandler
                0x0800e3b0                UART8_IRQHandler
                0x0800e3b0                SPI4_IRQHandler
                0x0800e3b0                TIM1_CC_IRQHandler
                0x0800e3b0                DMA2_Stream5_IRQHandler
                0x0800e3b0                JPEG_IRQHandler
                0x0800e3b0                DMA1_Stream5_IRQHandler
                0x0800e3b0                CAN3_RX1_IRQHandler
                0x0800e3b0                PVD_IRQHandler
                0x0800e3b0                TAMP_STAMP_IRQHandler
                0x0800e3b0                CAN2_RX1_IRQHandler
                0x0800e3b0                EXTI3_IRQHandler
                0x0800e3b0                TIM8_TRG_COM_TIM14_IRQHandler
                0x0800e3b0                DFSDM1_FLT1_IRQHandler
                0x0800e3b0                TIM8_UP_TIM13_IRQHandler
                0x0800e3b0                I2C3_ER_IRQHandler
                0x0800e3b0                DFSDM1_FLT2_IRQHandler
                0x0800e3b0                EXTI0_IRQHandler
                0x0800e3b0                I2C2_EV_IRQHandler
                0x0800e3b0                DMA1_Stream2_IRQHandler
                0x0800e3b0                CAN1_RX0_IRQHandler
                0x0800e3b0                FPU_IRQHandler
                0x0800e3b0                OTG_HS_WKUP_IRQHandler
                0x0800e3b0                CAN3_SCE_IRQHandler
                0x0800e3b0                LTDC_ER_IRQHandler
                0x0800e3b0                CAN2_SCE_IRQHandler
                0x0800e3b0                DMA2_Stream2_IRQHandler
                0x0800e3b0                SPI1_IRQHandler
                0x0800e3b0                TIM6_DAC_IRQHandler
                0x0800e3b0                TIM1_BRK_TIM9_IRQHandler
                0x0800e3b0                DCMI_IRQHandler
                0x0800e3b0                CAN2_RX0_IRQHandler
                0x0800e3b0                DMA2_Stream3_IRQHandler
                0x0800e3b0                SAI2_IRQHandler
                0x0800e3b0                DFSDM1_FLT3_IRQHandler
                0x0800e3b0                USART6_IRQHandler
                0x0800e3b0                CAN3_RX0_IRQHandler
                0x0800e3b0                CAN1_RX1_IRQHandler
                0x0800e3b0                UART5_IRQHandler
                0x0800e3b0                DMA2_Stream0_IRQHandler
                0x0800e3b0                QUADSPI_IRQHandler
                0x0800e3b0                I2C1_EV_IRQHandler
                0x0800e3b0                DMA1_Stream6_IRQHandler
                0x0800e3b0                UART4_IRQHandler
                0x0800e3b0                RCC_IRQHandler
                0x0800e3b0                TIM8_BRK_TIM12_IRQHandler
                0x0800e3b0                Default_Handler
                0x0800e3b0                CEC_IRQHandler
                0x0800e3b0                EXTI15_10_IRQHandler
                0x0800e3b0                DMA1_Stream7_IRQHandler
                0x0800e3b0                SPI5_IRQHandler
                0x0800e3b0                TIM7_IRQHandler
                0x0800e3b0                SDMMC1_IRQHandler
                0x0800e3b0                CAN2_TX_IRQHandler
                0x0800e3b0                TIM5_IRQHandler
                0x0800e3b0                DMA2_Stream7_IRQHandler
                0x0800e3b0                I2C3_EV_IRQHandler
                0x0800e3b0                EXTI9_5_IRQHandler
                0x0800e3b0                RTC_WKUP_IRQHandler
                0x0800e3b0                LTDC_IRQHandler
                0x0800e3b0                ETH_WKUP_IRQHandler
                0x0800e3b0                SPDIF_RX_IRQHandler
                0x0800e3b0                SPI2_IRQHandler
                0x0800e3b0                OTG_HS_EP1_IN_IRQHandler
                0x0800e3b0                DMA1_Stream0_IRQHandler
                0x0800e3b0                CAN1_TX_IRQHandler
                0x0800e3b0                EXTI4_IRQHandler
                0x0800e3b0                RNG_IRQHandler
                0x0800e3b0                ETH_IRQHandler
                0x0800e3b0                OTG_HS_EP1_OUT_IRQHandler
                0x0800e3b0                WWDG_IRQHandler
                0x0800e3b0                SPI6_IRQHandler
                0x0800e3b0                MDIOS_IRQHandler
                0x0800e3b0                I2C4_EV_IRQHandler
                0x0800e3b0                CAN3_TX_IRQHandler
                0x0800e3b0                TIM2_IRQHandler
                0x0800e3b0                OTG_FS_WKUP_IRQHandler
                0x0800e3b0                TIM1_TRG_COM_TIM11_IRQHandler
                0x0800e3b0                OTG_HS_IRQHandler
                0x0800e3b0                DMA2D_IRQHandler
                0x0800e3b0                EXTI1_IRQHandler
                0x0800e3b0                SDMMC2_IRQHandler
                0x0800e3b0                UART7_IRQHandler
                0x0800e3b0                USART2_IRQHandler
                0x0800e3b0                DFSDM1_FLT0_IRQHandler
                0x0800e3b0                I2C2_ER_IRQHandler
                0x0800e3b0                DMA2_Stream1_IRQHandler
                0x0800e3b0                CAN1_SCE_IRQHandler
                0x0800e3b0                FLASH_IRQHandler
                0x0800e3b0                DMA2_Stream4_IRQHandler
                0x0800e3b0                USART1_IRQHandler
                0x0800e3b0                OTG_FS_IRQHandler
                0x0800e3b0                SPI3_IRQHandler
                0x0800e3b0                DMA1_Stream4_IRQHandler
                0x0800e3b0                I2C1_ER_IRQHandler
                0x0800e3b0                FMC_IRQHandler
                0x0800e3b0                LPTIM1_IRQHandler
                0x0800e3b0                I2C4_ER_IRQHandler
                0x0800e3b0                DMA2_Stream6_IRQHandler
                0x0800e3b0                SAI1_IRQHandler
 *fill*         0x0800e3b2        0x6 
 .text.fmod     0x0800e3b8       0x50 c:/programdata/matlab/supportpackages/r2023b/3p.instrset/gnuarm-armcortex.instrset/win/bin/../lib/gcc/arm-none-eabi/11.3.1/thumb/v7e-m+dp/hard\libm.a(libm_a-w_fmod.o)
                0x0800e3b8                fmod
 .text.__ieee754_fmod
                0x0800e408      0x298 c:/programdata/matlab/supportpackages/r2023b/3p.instrset/gnuarm-armcortex.instrset/win/bin/../lib/gcc/arm-none-eabi/11.3.1/thumb/v7e-m+dp/hard\libm.a(libm_a-e_fmod.o)
                0x0800e408                __ieee754_fmod
 .text.memset   0x0800e6a0       0x10 c:/programdata/matlab/supportpackages/r2023b/3p.instrset/gnuarm-armcortex.instrset/win/bin/../lib/gcc/arm-none-eabi/11.3.1/thumb/v7e-m+dp/hard\libg_nano.a(libc_a-memset.o)
                0x0800e6a0                memset
 .text.__errno  0x0800e6b0        0xc c:/programdata/matlab/supportpackages/r2023b/3p.instrset/gnuarm-armcortex.instrset/win/bin/../lib/gcc/arm-none-eabi/11.3.1/thumb/v7e-m+dp/hard\libg_nano.a(libc_a-errno.o)
                0x0800e6b0                __errno
 .text.__libc_init_array
                0x0800e6bc       0x48 c:/programdata/matlab/supportpackages/r2023b/3p.instrset/gnuarm-armcortex.instrset/win/bin/../lib/gcc/arm-none-eabi/11.3.1/thumb/v7e-m+dp/hard\libg_nano.a(libc_a-init.o)
                0x0800e6bc                __libc_init_array
 .text.memcpy   0x0800e704       0x1c c:/programdata/matlab/supportpackages/r2023b/3p.instrset/gnuarm-armcortex.instrset/win/bin/../lib/gcc/arm-none-eabi/11.3.1/thumb/v7e-m+dp/hard\libg_nano.a(libc_a-memcpy-stub.o)
                0x0800e704                memcpy
 *(.glue_7)
 .glue_7        0x0800e720        0x0 linker stubs
 *(.glue_7t)
 .glue_7t       0x0800e720        0x0 linker stubs
 *(.eh_frame)
 .eh_frame      0x0800e720        0x0 c:/programdata/matlab/supportpackages/r2023b/3p.instrset/gnuarm-armcortex.instrset/win/bin/../lib/gcc/arm-none-eabi/11.3.1/thumb/v7e-m+dp/hard/crtbegin.o
 *(.init)
 .init          0x0800e720        0x4 c:/programdata/matlab/supportpackages/r2023b/3p.instrset/gnuarm-armcortex.instrset/win/bin/../lib/gcc/arm-none-eabi/11.3.1/thumb/v7e-m+dp/hard/crti.o
                0x0800e720                _init
 .init          0x0800e724        0x8 c:/programdata/matlab/supportpackages/r2023b/3p.instrset/gnuarm-armcortex.instrset/win/bin/../lib/gcc/arm-none-eabi/11.3.1/thumb/v7e-m+dp/hard/crtn.o
 *(.fini)
 .fini          0x0800e72c        0x4 c:/programdata/matlab/supportpackages/r2023b/3p.instrset/gnuarm-armcortex.instrset/win/bin/../lib/gcc/arm-none-eabi/11.3.1/thumb/v7e-m+dp/hard/crti.o
                0x0800e72c                _fini
 .fini          0x0800e730        0x8 c:/programdata/matlab/supportpackages/r2023b/3p.instrset/gnuarm-armcortex.instrset/win/bin/../lib/gcc/arm-none-eabi/11.3.1/thumb/v7e-m+dp/hard/crtn.o
                0x0800e738                . = ALIGN (0x4)
                0x0800e738                _etext = .

.vfp11_veneer   0x0800e738        0x0
 .vfp11_veneer  0x0800e738        0x0 linker stubs

.v4_bx          0x0800e738        0x0
 .v4_bx         0x0800e738        0x0 linker stubs

.iplt           0x0800e738        0x0
 .iplt          0x0800e738        0x0 c:/programdata/matlab/supportpackages/r2023b/3p.instrset/gnuarm-armcortex.instrset/win/bin/../lib/gcc/arm-none-eabi/11.3.1/thumb/v7e-m+dp/hard/crtbegin.o

.rodata         0x0800e738     0x29f8
                0x0800e738                . = ALIGN (0x4)
 *(.rodata)
 .rodata        0x0800e738      0x2b9 xcp_ext_mode.o
 *fill*         0x0800e9f1        0x3 
 .rodata        0x0800e9f4      0x12e xcp_ext_common.o
 *fill*         0x0800eb22        0x2 
 .rodata        0x0800eb24       0x4c xcp_ext_classic_trigger.o
 .rodata        0x0800eb70      0x278 xcp.o
 .rodata        0x0800ede8      0x3a9 xcp_standard.o
 *fill*         0x0800f191        0x3 
 .rodata        0x0800f194     0x1010 xcp_daq.o
 .rodata        0x080101a4       0xdd xcp_calibration.o
 *fill*         0x08010281        0x3 
 .rodata        0x08010284      0x56e xcp_transport.o
 *fill*         0x080107f2        0x2 
 .rodata        0x080107f4       0xf5 xcp_mem_default.o
 *fill*         0x080108e9        0x3 
 .rodata        0x080108ec      0x228 xcp_drv_rtiostream.o
 .rodata        0x08010b14      0x4aa xcp_frame_serial.o
 *(.rodata*)
 *fill*         0x08010fbe        0x2 
 .rodata.blink_led_simu_M
                0x08010fc0        0x4 blink_led_simu.o
                0x08010fc0                blink_led_simu_M
 .rodata.rtAlwaysEnabled.0
                0x08010fc4        0x1 blink_led_simu.o
 *fill*         0x08010fc5        0x3 
 .rodata.standardSupportedRxPacket
                0x08010fc8       0x54 xcp_standard.o
 .rodata.daqSupportedRxPacket
                0x0801101c       0x90 xcp_daq.o
 .rodata.calibrationSupportedRxPacket
                0x080110ac       0x18 xcp_calibration.o
 .rodata.STREAM_OFFSET_TAB
                0x080110c4        0x8 stm_usart.o
 .rodata.STREAM_OFFSET_TAB
                0x080110cc        0x8 main.o
 .rodata.OFFSET_TAB_CCMRx
                0x080110d4        0x9 main.o
 *fill*         0x080110dd        0x3 
 .rodata.SHIFT_TAB_OCxx
                0x080110e0        0x9 main.o
 *fill*         0x080110e9        0x3 
 .rodata.SHIFT_TAB_ICxx
                0x080110ec        0x9 main.o
 *fill*         0x080110f5        0x3 
 .rodata.SHIFT_TAB_CCxP
                0x080110f8        0x9 main.o
 *fill*         0x08011101        0x3 
 .rodata.AHBPrescTable
                0x08011104       0x10 system_stm32f7xx.o
                0x08011104                AHBPrescTable
 .rodata.APBPrescTable
                0x08011114        0x8 system_stm32f7xx.o
                0x08011114                APBPrescTable
 *fill*         0x0801111c        0x4 
 .rodata.Zero   0x08011120       0x10 c:/programdata/matlab/supportpackages/r2023b/3p.instrset/gnuarm-armcortex.instrset/win/bin/../lib/gcc/arm-none-eabi/11.3.1/thumb/v7e-m+dp/hard\libm.a(libm_a-e_fmod.o)
                0x08011130                . = ALIGN (0x4)

.ARM.extab      0x08011130        0x0
                0x08011130                . = ALIGN (0x4)
 *(.ARM.extab* .gnu.linkonce.armextab.*)
                0x08011130                . = ALIGN (0x4)

.ARM            0x08011130        0x0
                0x08011130                . = ALIGN (0x4)
                0x08011130                __exidx_start = .
 *(.ARM.exidx*)
                0x08011130                __exidx_end = .
                0x08011130                . = ALIGN (0x4)

.preinit_array  0x08011130        0x0
                0x08011130                . = ALIGN (0x4)
                0x08011130                PROVIDE (__preinit_array_start = .)
 *(.preinit_array*)
                0x08011130                PROVIDE (__preinit_array_end = .)
                0x08011130                . = ALIGN (0x4)

.init_array     0x08011130        0x4
                0x08011130                . = ALIGN (0x4)
                0x08011130                PROVIDE (__init_array_start = .)
 *(SORT_BY_NAME(.init_array.*))
 *(.init_array*)
 .init_array    0x08011130        0x4 c:/programdata/matlab/supportpackages/r2023b/3p.instrset/gnuarm-armcortex.instrset/win/bin/../lib/gcc/arm-none-eabi/11.3.1/thumb/v7e-m+dp/hard/crtbegin.o
                0x08011134                PROVIDE (__init_array_end = .)
                0x08011134                . = ALIGN (0x4)

.fini_array     0x08011134        0x4
                0x08011134                . = ALIGN (0x4)
                [!provide]                PROVIDE (__fini_array_start = .)
 *(SORT_BY_NAME(.fini_array.*))
 *(.fini_array*)
 .fini_array    0x08011134        0x4 c:/programdata/matlab/supportpackages/r2023b/3p.instrset/gnuarm-armcortex.instrset/win/bin/../lib/gcc/arm-none-eabi/11.3.1/thumb/v7e-m+dp/hard/crtbegin.o
                [!provide]                PROVIDE (__fini_array_end = .)
                0x08011138                . = ALIGN (0x4)
                0x08011138                _sidata = LOADADDR (.data)

.rel.dyn        0x08011138        0x0
 .rel.iplt      0x08011138        0x0 c:/programdata/matlab/supportpackages/r2023b/3p.instrset/gnuarm-armcortex.instrset/win/bin/../lib/gcc/arm-none-eabi/11.3.1/thumb/v7e-m+dp/hard/crtbegin.o

.data           0x20000000      0x10c load address 0x08011138
                0x20000000                . = ALIGN (0x4)
                0x20000000                _sdata = .
 *(.data)
 *(.data*)
 .data.blink_led_simu_P
                0x20000000       0x28 blink_led_simu_data.o
                0x20000000                blink_led_simu_P
 .data.xcpExtmodeFinalSimulationTime
                0x20000028        0x8 xcp_ext_common.o
                0x20000028                xcpExtmodeFinalSimulationTime
 .data.xcpClassicTriggerDuration
                0x20000030        0x4 xcp_ext_classic_trigger.o
                0x20000030                xcpClassicTriggerDuration
 .data.xcpClassicTriggerArmRequest
                0x20000034        0x1 xcp_ext_classic_trigger.o
                0x20000034                xcpClassicTriggerArmRequest
 *fill*         0x20000035        0x3 
 .data.startStopDaqListId
                0x20000038        0x4 xcp_daq.o
 .data.xcpCurrentDaq
                0x2000003c        0x4 xcp_daq.o
 .data.xcpEventCustomMemoryManager
                0x20000040        0xc xcp_daq.o
 .data.xcpCtoReservedMemPoolId
                0x2000004c        0x4 xcp_transport.o
 .data.xcpMemMainBlockSizes
                0x20000050        0xc xcp_mem_default.o
 .data.xcpMemMainBlocksNumber
                0x2000005c        0xc xcp_mem_default.o
 .data.drvID    0x20000068        0x4 xcp_drv_rtiostream.o
 .data.xcpCtoReservedMemPoolId
                0x2000006c        0x4 xcp_frame_serial.o
 .data.uartObj  0x20000070       0x40 rtiostream_serial.o
                0x20000070                uartObj
 .data.uwTickPrio
                0x200000b0        0x4 stm32f7xx_hal.o
                0x200000b0                uwTickPrio
 .data.uwTickFreq
                0x200000b4        0x1 stm32f7xx_hal.o
                0x200000b4                uwTickFreq
 *fill*         0x200000b5        0x3 
 .data.SystemCoreClock
                0x200000b8        0x4 system_stm32f7xx.o
                0x200000b8                SystemCoreClock
 .data._impure_data
                0x200000bc       0x4c c:/programdata/matlab/supportpackages/r2023b/3p.instrset/gnuarm-armcortex.instrset/win/bin/../lib/gcc/arm-none-eabi/11.3.1/thumb/v7e-m+dp/hard\libg_nano.a(libc_a-impure.o)
                0x200000bc                _impure_data
 .data._impure_ptr
                0x20000108        0x4 c:/programdata/matlab/supportpackages/r2023b/3p.instrset/gnuarm-armcortex.instrset/win/bin/../lib/gcc/arm-none-eabi/11.3.1/thumb/v7e-m+dp/hard\libg_nano.a(libc_a-impure.o)
                0x20000108                _impure_ptr
 *(.RamFunc)
 *(.RamFunc*)
                0x2000010c                . = ALIGN (0x4)
                0x2000010c                _edata = .

.tm_clone_table
                0x2000010c        0x0 load address 0x08011244
 .tm_clone_table
                0x2000010c        0x0 c:/programdata/matlab/supportpackages/r2023b/3p.instrset/gnuarm-armcortex.instrset/win/bin/../lib/gcc/arm-none-eabi/11.3.1/thumb/v7e-m+dp/hard/crtbegin.o
 .tm_clone_table
                0x2000010c        0x0 c:/programdata/matlab/supportpackages/r2023b/3p.instrset/gnuarm-armcortex.instrset/win/bin/../lib/gcc/arm-none-eabi/11.3.1/thumb/v7e-m+dp/hard/crtend.o

.igot.plt       0x2000010c        0x0 load address 0x08011244
 .igot.plt      0x2000010c        0x0 c:/programdata/matlab/supportpackages/r2023b/3p.instrset/gnuarm-armcortex.instrset/win/bin/../lib/gcc/arm-none-eabi/11.3.1/thumb/v7e-m+dp/hard/crtbegin.o
                0x2000010c                . = ALIGN (0x4)

.bss            0x20000110     0x1ae4 load address 0x08011244
                0x20000110                _sbss = .
                0x20000110                __bss_start__ = _sbss
 *(.bss)
 *(.bss*)
 .bss.completed.1
                0x20000110        0x1 c:/programdata/matlab/supportpackages/r2023b/3p.instrset/gnuarm-armcortex.instrset/win/bin/../lib/gcc/arm-none-eabi/11.3.1/thumb/v7e-m+dp/hard/crtbegin.o
 *fill*         0x20000111        0x3 
 .bss.object.0  0x20000114       0x18 c:/programdata/matlab/supportpackages/r2023b/3p.instrset/gnuarm-armcortex.instrset/win/bin/../lib/gcc/arm-none-eabi/11.3.1/thumb/v7e-m+dp/hard/crtbegin.o
 .bss.mw_adc1   0x2000012c       0x1c stm_adc_ll.o
                0x2000012c                mw_adc1
 .bss.mw_tim3   0x20000148       0x8c stm_timer_ll.o
                0x20000148                mw_tim3
 .bss.mw_tim4   0x200001d4       0x8c stm_timer_ll.o
                0x200001d4                mw_tim4
 .bss.xcpCustomTriggerFunction
                0x20000260        0x8 xcp_ext_mode.o
 .bss.blink_led_simu_B
                0x20000268       0x10 blink_led_simu.o
                0x20000268                blink_led_simu_B
 .bss.blink_led_simu_DW
                0x20000278       0x44 blink_led_simu.o
                0x20000278                blink_led_simu_DW
 *fill*         0x200002bc        0x4 
 .bss.blink_led_simu_M_
                0x200002c0       0x48 blink_led_simu.o
 .bss.rt_ExtModeInfo.2
                0x20000308       0x14 blink_led_simu.o
 .bss.systemRan.1
                0x2000031c       0x18 blink_led_simu.o
 .bss.IsrOverrun
                0x20000334        0x4 ert_main.o
                0x20000334                IsrOverrun
 .bss.OverrunFlag
                0x20000338        0x1 ert_main.o
 .bss.stopRequested
                0x20000339        0x1 ert_main.o
                0x20000339                stopRequested
 .bss.runModel  0x2000033a        0x1 ert_main.o
                0x2000033a                runModel
 .bss.xcpModelStartRequest
                0x2000033b        0x1 xcp_ext_common.o
                0x2000033b                xcpModelStartRequest
 .bss.xcpModelStopRequest
                0x2000033c        0x1 xcp_ext_common.o
                0x2000033c                xcpModelStopRequest
 .bss.xcpModelStatus
                0x2000033d        0x1 xcp_ext_common.o
                0x2000033d                xcpModelStatus
 *fill*         0x2000033e        0x2 
 .bss.xcpModelChecksum0
                0x20000340        0x4 xcp_ext_common.o
                0x20000340                xcpModelChecksum0
 .bss.xcpModelChecksum1
                0x20000344        0x4 xcp_ext_common.o
                0x20000344                xcpModelChecksum1
 .bss.xcpModelChecksum2
                0x20000348        0x4 xcp_ext_common.o
                0x20000348                xcpModelChecksum2
 .bss.xcpModelChecksum3
                0x2000034c        0x4 xcp_ext_common.o
                0x2000034c                xcpModelChecksum3
 .bss.xcpModelIntegerCode
                0x20000350        0x4 xcp_ext_common.o
                0x20000350                xcpModelIntegerCode
 .bss.xcpExtmodeSimulationComplete
                0x20000354        0x1 xcp_ext_common.o
                0x20000354                xcpExtmodeSimulationComplete
 *fill*         0x20000355        0x3 
 .bss.xcpDummyDoubleVariable
                0x20000358        0x8 xcp_ext_common.o
                0x20000358                xcpDummyDoubleVariable
 .bss.xcpCurrentSimulationTimeInMs
                0x20000360        0x8 xcp_ext_common.o
                0x20000360                xcpCurrentSimulationTimeInMs
 .bss.xcpBaseRateSimulationTime
                0x20000368        0x8 xcp_ext_common.o
 .bss.xcpClassicTriggerEventId
                0x20000370        0x2 xcp_ext_classic_trigger.o
                0x20000370                xcpClassicTriggerEventId
 *fill*         0x20000372        0x2 
 .bss.xcpClassicTriggerSignalAddress
                0x20000374        0x4 xcp_ext_classic_trigger.o
                0x20000374                xcpClassicTriggerSignalAddress
 .bss.xcpClassicTriggerSignalAddressExtension
                0x20000378        0x1 xcp_ext_classic_trigger.o
                0x20000378                xcpClassicTriggerSignalAddressExtension
 *fill*         0x20000379        0x7 
 .bss.xcpClassicTriggerLevel
                0x20000380        0x8 xcp_ext_classic_trigger.o
                0x20000380                xcpClassicTriggerLevel
 .bss.xcpClassicTriggerHoldOff
                0x20000388        0x4 xcp_ext_classic_trigger.o
                0x20000388                xcpClassicTriggerHoldOff
 .bss.xcpClassicTriggerDelay
                0x2000038c        0x4 xcp_ext_classic_trigger.o
                0x2000038c                xcpClassicTriggerDelay
 .bss.xcpClassicTriggerDirection
                0x20000390        0x1 xcp_ext_classic_trigger.o
                0x20000390                xcpClassicTriggerDirection
 .bss.xcpClassicTriggerCancelRequest
                0x20000391        0x1 xcp_ext_classic_trigger.o
                0x20000391                xcpClassicTriggerCancelRequest
 .bss.xcpClassicTriggerSource
                0x20000392        0x1 xcp_ext_classic_trigger.o
                0x20000392                xcpClassicTriggerSource
 .bss.xcpClassicTriggerMode
                0x20000393        0x1 xcp_ext_classic_trigger.o
                0x20000393                xcpClassicTriggerMode
 .bss.xcpClassicTriggerStatus
                0x20000394        0x1 xcp_ext_classic_trigger.o
                0x20000394                xcpClassicTriggerStatus
 *fill*         0x20000395        0x3 
 .bss.xcpOldSignalValue
                0x20000398        0x8 xcp_ext_classic_trigger.o
 .bss.xcpOldSignalValueAvailable
                0x200003a0        0x1 xcp_ext_classic_trigger.o
 .bss.xcpOldClassicTriggerSource
                0x200003a1        0x1 xcp_ext_classic_trigger.o
 .bss.xcpTriggerEnabled
                0x200003a2        0x1 xcp_ext_classic_trigger.o
 .bss.xcpSignalTriggerFired
                0x200003a3        0x1 xcp_ext_classic_trigger.o
 .bss.xcpTriggerCount
                0x200003a4        0x4 xcp_ext_classic_trigger.o
 .bss.xcpForcedTriggerEnabled
                0x200003a8        0x1 xcp_ext_classic_trigger.o
 .bss.xcpForceTriggerEnableRequest
                0x200003a9        0x1 xcp_ext_classic_trigger.o
 .bss.initialized
                0x200003aa        0x1 xcp.o
 .bss.xcpStatus
                0x200003ab        0x1 xcp.o
 .bss.xcpSessionStatus
                0x200003ac        0x1 xcp.o
 .bss.xcpResourceProtectionStatus
                0x200003ad        0x1 xcp.o
 .bss.xcpSessionConfigurationId
                0x200003ae        0x2 xcp.o
 .bss.groupPacketLookup
                0x200003b0       0x10 xcp.o
 .bss.xcpMta    0x200003c0        0x8 xcp_standard.o
 .bss.xcpUploadSize
                0x200003c8        0x1 xcp_standard.o
 *fill*         0x200003c9        0x3 
 .bss.packetLookup
                0x200003cc        0x4 xcp_standard.o
 .bss.xcpDynamicDaqLists
                0x200003d0        0x8 xcp_daq.o
 .bss.xcpRunningEventCounter
                0x200003d8        0x4 xcp_daq.o
 .bss.daqLock   0x200003dc        0x4 xcp_daq.o
 .bss.packetLookup
                0x200003e0        0x4 xcp_daq.o
 .bss.packetLookup
                0x200003e4        0x4 xcp_calibration.o
 .bss.txFifo    0x200003e8       0x10 xcp_transport.o
 .bss.txLock    0x200003f8        0x4 xcp_transport.o
 .bss.rxFifo    0x200003fc        0x8 xcp_transport.o
 .bss.rxLock    0x20000404        0x4 xcp_transport.o
 .bss.initialized
                0x20000408        0x1 xcp_transport.o
 *fill*         0x20000409        0x3 
 .bss.xcpMemPoolDescriptors
                0x2000040c       0xc0 xcp_mem_default.o
 .bss.xcpMemCustomPoolDescriptors
                0x200004cc        0x8 xcp_mem_default.o
 .bss.xcpMemMainChunk
                0x200004d4      0x3a7 xcp_mem_default.o
 *fill*         0x2000087b        0x1 
 .bss.xcpMemReservedPoolsChunk
                0x2000087c      0x571 xcp_mem_default.o
 *fill*         0x20000ded        0x3 
 .bss.xcpMemReservedPoolsChunkUsedBytes
                0x20000df0        0x4 xcp_mem_default.o
 .bss.xcpMemLock
                0x20000df4        0x4 xcp_mem_default.o
 .bss.forceBlocking
                0x20000df8        0x1 xcp_drv_rtiostream.o
 *fill*         0x20000df9        0x1 
 .bss.txCounter
                0x20000dfa        0x2 xcp_frame_serial.o
 .bss.rxCounter
                0x20000dfc        0x2 xcp_frame_serial.o
 *fill*         0x20000dfe        0x2 
 .bss.firstRxCounterReceived
                0x20000e00        0x4 xcp_frame_serial.o
 .bss.initialized
                0x20000e04        0x1 xcp_frame_serial.o
 *fill*         0x20000e05        0x3 
 .bss.timestampInitialized
                0x20000e08        0x4 platform_timer.o
 .bss.timestampStartTime
                0x20000e0c        0x4 platform_timer.o
 .bss.schdl_counter
                0x20000e10        0x4 SysTickScheduler.o
                0x20000e10                schdl_counter
 .bss.schdl_counter_max
                0x20000e14        0x4 SysTickScheduler.o
                0x20000e14                schdl_counter_max
 .bss.taskToSchedule
                0x20000e18        0x4 m3m4m4f_multitasking.o
                0x20000e18                taskToSchedule
 .bss.mw_ext_h  0x20000e1c        0x4 rtiostream_serial.o
                0x20000e1c                mw_ext_h
 .bss.UARTTxBuffer
                0x20000e20        0x4 rtiostream_serial.o
                0x20000e20                UARTTxBuffer
 .bss.UARTRxBuffer
                0x20000e24        0x4 rtiostream_serial.o
                0x20000e24                UARTRxBuffer
 .bss.mw_usart3
                0x20000e28       0x40 stm_usart.o
                0x20000e28                mw_usart3
 .bss.USART3ReceiveBuffer
                0x20000e68      0x400 stm_usart.o
                0x20000e68                USART3ReceiveBuffer
 .bss.USART3TransmitBuffer
                0x20001268      0x400 stm_usart.o
                0x20001268                USART3TransmitBuffer
 .bss.hpcd_USB_OTG_FS
                0x20001668      0x404 main.o
                0x20001668                hpcd_USB_OTG_FS
 .bss.htim1     0x20001a6c       0x4c stm32f7xx_hal_timebase_tim.o
                0x20001a6c                htim1
 .bss.uwTick    0x20001ab8        0x4 stm32f7xx_hal.o
                0x20001ab8                uwTick
 .bss.__sf      0x20001abc      0x138 c:/programdata/matlab/supportpackages/r2023b/3p.instrset/gnuarm-armcortex.instrset/win/bin/../lib/gcc/arm-none-eabi/11.3.1/thumb/v7e-m+dp/hard\libg_nano.a(libc_a-findfp.o)
                0x20001abc                __sf
 *(COMMON)
                0x20001bf4                . = ALIGN (0x4)
                0x20001bf4                _ebss = .
                0x20001bf4                __bss_end__ = _ebss

._user_heap_stack
                0x20001bf4      0x604 load address 0x08011244
                0x20001bf8                . = ALIGN (0x8)
 *fill*         0x20001bf4        0x4 
                [!provide]                PROVIDE (end = .)
                0x20001bf8                PROVIDE (_end = .)
                0x20001df8                . = (. + _Min_Heap_Size)
 *fill*         0x20001bf8      0x200 
                0x200021f8                . = (. + _Min_Stack_Size)
 *fill*         0x20001df8      0x400 
                0x200021f8                . = ALIGN (0x8)

/DISCARD/
 libc.a(*)
 libm.a(*)
 libgcc.a(*)

.ARM.attributes
                0x00000000       0x2e
 *(.ARM.attributes)
 .ARM.attributes
                0x00000000       0x1e c:/programdata/matlab/supportpackages/r2023b/3p.instrset/gnuarm-armcortex.instrset/win/bin/../lib/gcc/arm-none-eabi/11.3.1/thumb/v7e-m+dp/hard/crti.o
 .ARM.attributes
                0x0000001e       0x32 c:/programdata/matlab/supportpackages/r2023b/3p.instrset/gnuarm-armcortex.instrset/win/bin/../lib/gcc/arm-none-eabi/11.3.1/thumb/v7e-m+dp/hard/crtbegin.o
 .ARM.attributes
                0x00000050       0x32 stm_adc_ll.o
 .ARM.attributes
                0x00000082       0x32 stm_timer_ll.o
 .ARM.attributes
                0x000000b4       0x32 xcp_ext_mode.o
 .ARM.attributes
                0x000000e6       0x32 blink_led_simu.o
 .ARM.attributes
                0x00000118       0x32 blink_led_simu_data.o
 .ARM.attributes
                0x0000014a       0x32 ert_main.o
 .ARM.attributes
                0x0000017c       0x32 xcp_ext_common.o
 .ARM.attributes